Archive member included to satisfy reference by file (symbol)

/usr/lib/gcc/avr/4.9.3/avr6/libgcc.a(_exit.o)
                              /usr/lib/gcc/avr/4.9.3/../../../../avr/lib/avr6/crtm2560.o (exit)
/usr/lib/gcc/avr/4.9.3/avr6/libgcc.a(_copy_data.o)
                              timer.o (__do_copy_data)
/usr/lib/gcc/avr/4.9.3/avr6/libgcc.a(_clear_bss.o)
                              timer.o (__do_clear_bss)

Discarded input sections

 .data          0x0000000000000000        0x0 /usr/lib/gcc/avr/4.9.3/../../../../avr/lib/avr6/crtm2560.o
 .bss           0x0000000000000000        0x0 /usr/lib/gcc/avr/4.9.3/../../../../avr/lib/avr6/crtm2560.o
 .text          0x0000000000000000        0x0 timers.o
 .data          0x0000000000000000        0x0 timers.o
 .bss           0x0000000000000000        0x0 timers.o
 .text.tmr16_int_disable
                0x0000000000000000       0x22 timers.o
 .text.tmr16_read_cr
                0x0000000000000000       0x10 timers.o
 .text.tmr16_write_cr
                0x0000000000000000       0x10 timers.o
 .text.tmr16_set_clk
                0x0000000000000000       0x12 timers.o
 .text.tmr16_reset_clk
                0x0000000000000000       0x14 timers.o
 .text          0x0000000000000000        0x0 timer.o
 .data          0x0000000000000000        0x0 timer.o
 .bss           0x0000000000000000        0x0 timer.o
 .data.tcr5     0x0000000000000000        0x8 timer.o
 .data.chc5     0x0000000000000000        0x8 timer.o
 .data.chb5     0x0000000000000000        0x8 timer.o
 .data.cha5     0x0000000000000000        0x8 timer.o
 .data.cap5     0x0000000000000000        0x8 timer.o
 .text          0x0000000000000000        0x0 ports.o
 .data          0x0000000000000000        0x0 ports.o
 .bss           0x0000000000000000        0x0 ports.o
 .text.bit_on   0x0000000000000000       0x16 ports.o
 .text.bit_off  0x0000000000000000       0x18 ports.o
 .text.bit_toggle
                0x0000000000000000       0x16 ports.o
 .text.port_mask
                0x0000000000000000       0x34 ports.o
 .text          0x0000000000000000        0x0 /usr/lib/gcc/avr/4.9.3/avr6/libgcc.a(_exit.o)
 .data          0x0000000000000000        0x0 /usr/lib/gcc/avr/4.9.3/avr6/libgcc.a(_exit.o)
 .bss           0x0000000000000000        0x0 /usr/lib/gcc/avr/4.9.3/avr6/libgcc.a(_exit.o)
 .text.libgcc.mul
                0x0000000000000000        0x0 /usr/lib/gcc/avr/4.9.3/avr6/libgcc.a(_exit.o)
 .text.libgcc.div
                0x0000000000000000        0x0 /usr/lib/gcc/avr/4.9.3/avr6/libgcc.a(_exit.o)
 .text.libgcc   0x0000000000000000        0x0 /usr/lib/gcc/avr/4.9.3/avr6/libgcc.a(_exit.o)
 .text.libgcc.prologue
                0x0000000000000000        0x0 /usr/lib/gcc/avr/4.9.3/avr6/libgcc.a(_exit.o)
 .text.libgcc.builtins
                0x0000000000000000        0x0 /usr/lib/gcc/avr/4.9.3/avr6/libgcc.a(_exit.o)
 .text.libgcc.fmul
                0x0000000000000000        0x0 /usr/lib/gcc/avr/4.9.3/avr6/libgcc.a(_exit.o)
 .text.libgcc.fixed
                0x0000000000000000        0x0 /usr/lib/gcc/avr/4.9.3/avr6/libgcc.a(_exit.o)
 .text          0x0000000000000000        0x0 /usr/lib/gcc/avr/4.9.3/avr6/libgcc.a(_copy_data.o)
 .data          0x0000000000000000        0x0 /usr/lib/gcc/avr/4.9.3/avr6/libgcc.a(_copy_data.o)
 .bss           0x0000000000000000        0x0 /usr/lib/gcc/avr/4.9.3/avr6/libgcc.a(_copy_data.o)
 .text.libgcc.mul
                0x0000000000000000        0x0 /usr/lib/gcc/avr/4.9.3/avr6/libgcc.a(_copy_data.o)
 .text.libgcc.div
                0x0000000000000000        0x0 /usr/lib/gcc/avr/4.9.3/avr6/libgcc.a(_copy_data.o)
 .text.libgcc   0x0000000000000000        0x0 /usr/lib/gcc/avr/4.9.3/avr6/libgcc.a(_copy_data.o)
 .text.libgcc.prologue
                0x0000000000000000        0x0 /usr/lib/gcc/avr/4.9.3/avr6/libgcc.a(_copy_data.o)
 .text.libgcc.builtins
                0x0000000000000000        0x0 /usr/lib/gcc/avr/4.9.3/avr6/libgcc.a(_copy_data.o)
 .text.libgcc.fmul
                0x0000000000000000        0x0 /usr/lib/gcc/avr/4.9.3/avr6/libgcc.a(_copy_data.o)
 .text.libgcc.fixed
                0x0000000000000000        0x0 /usr/lib/gcc/avr/4.9.3/avr6/libgcc.a(_copy_data.o)
 .text          0x0000000000000000        0x0 /usr/lib/gcc/avr/4.9.3/avr6/libgcc.a(_clear_bss.o)
 .data          0x0000000000000000        0x0 /usr/lib/gcc/avr/4.9.3/avr6/libgcc.a(_clear_bss.o)
 .bss           0x0000000000000000        0x0 /usr/lib/gcc/avr/4.9.3/avr6/libgcc.a(_clear_bss.o)
 .text.libgcc.mul
                0x0000000000000000        0x0 /usr/lib/gcc/avr/4.9.3/avr6/libgcc.a(_clear_bss.o)
 .text.libgcc.div
                0x0000000000000000        0x0 /usr/lib/gcc/avr/4.9.3/avr6/libgcc.a(_clear_bss.o)
 .text.libgcc   0x0000000000000000        0x0 /usr/lib/gcc/avr/4.9.3/avr6/libgcc.a(_clear_bss.o)
 .text.libgcc.prologue
                0x0000000000000000        0x0 /usr/lib/gcc/avr/4.9.3/avr6/libgcc.a(_clear_bss.o)
 .text.libgcc.builtins
                0x0000000000000000        0x0 /usr/lib/gcc/avr/4.9.3/avr6/libgcc.a(_clear_bss.o)
 .text.libgcc.fmul
                0x0000000000000000        0x0 /usr/lib/gcc/avr/4.9.3/avr6/libgcc.a(_clear_bss.o)
 .text.libgcc.fixed
                0x0000000000000000        0x0 /usr/lib/gcc/avr/4.9.3/avr6/libgcc.a(_clear_bss.o)

Memory Configuration

Name             Origin             Length             Attributes
text             0x0000000000000000 0x0000000000100000 xr
data             0x0000000000800200 0x000000000000fe00 rw !x
eeprom           0x0000000000810000 0x0000000000010000 rw !x
fuse             0x0000000000820000 0x0000000000000400 rw !x
lock             0x0000000000830000 0x0000000000000400 rw !x
signature        0x0000000000840000 0x0000000000000400 rw !x
*default*        0x0000000000000000 0xffffffffffffffff

Linker script and memory map

Address of section .data set to 0x800200
LOAD /usr/lib/gcc/avr/4.9.3/../../../../avr/lib/avr6/crtm2560.o
LOAD timers.o
LOAD timer.o
LOAD ports.o
START GROUP
LOAD /usr/lib/gcc/avr/4.9.3/avr6/libgcc.a
LOAD /usr/lib/gcc/avr/4.9.3/../../../../avr/lib/avr6/libm.a
LOAD /usr/lib/gcc/avr/4.9.3/../../../../avr/lib/avr6/libc.a
END GROUP

.hash
 *(.hash)

.dynsym
 *(.dynsym)

.dynstr
 *(.dynstr)

.gnu.version
 *(.gnu.version)

.gnu.version_d
 *(.gnu.version_d)

.gnu.version_r
 *(.gnu.version_r)

.rel.init
 *(.rel.init)

.rela.init
 *(.rela.init)

.rel.text
 *(.rel.text)
 *(.rel.text.*)
 *(.rel.gnu.linkonce.t*)

.rela.text
 *(.rela.text)
 *(.rela.text.*)
 *(.rela.gnu.linkonce.t*)

.rel.fini
 *(.rel.fini)

.rela.fini
 *(.rela.fini)

.rel.rodata
 *(.rel.rodata)
 *(.rel.rodata.*)
 *(.rel.gnu.linkonce.r*)

.rela.rodata
 *(.rela.rodata)
 *(.rela.rodata.*)
 *(.rela.gnu.linkonce.r*)

.rel.data
 *(.rel.data)
 *(.rel.data.*)
 *(.rel.gnu.linkonce.d*)

.rela.data
 *(.rela.data)
 *(.rela.data.*)
 *(.rela.gnu.linkonce.d*)

.rel.ctors
 *(.rel.ctors)

.rela.ctors
 *(.rela.ctors)

.rel.dtors
 *(.rel.dtors)

.rela.dtors
 *(.rela.dtors)

.rel.got
 *(.rel.got)

.rela.got
 *(.rela.got)

.rel.bss
 *(.rel.bss)

.rela.bss
 *(.rela.bss)

.rel.plt
 *(.rel.plt)

.rela.plt
 *(.rela.plt)

.text           0x0000000000000000      0x2aa
 *(.vectors)
 .vectors       0x0000000000000000       0xe4 /usr/lib/gcc/avr/4.9.3/../../../../avr/lib/avr6/crtm2560.o
                0x0000000000000000                __vectors
                0x0000000000000000                __vector_default
 *(.vectors)
 *(.progmem.gcc*)
                0x00000000000000e4                . = ALIGN (0x2)
                0x00000000000000e4                __trampolines_start = .
 *(.trampolines)
 .trampolines   0x00000000000000e4        0x4 linker stubs
 *(.trampolines*)
                0x00000000000000e8                __trampolines_end = .
 *(.progmem*)
                0x00000000000000e8                . = ALIGN (0x2)
 *(.jumptables)
 *(.jumptables*)
 *(.lowtext)
 *(.lowtext*)
                0x00000000000000e8                __ctors_start = .
 *(.ctors)
                0x00000000000000e8                __ctors_end = .
                0x00000000000000e8                __dtors_start = .
 *(.dtors)
                0x00000000000000e8                __dtors_end = .
 SORT(*)(.ctors)
 SORT(*)(.dtors)
 *(.init0)
 .init0         0x00000000000000e8        0x0 /usr/lib/gcc/avr/4.9.3/../../../../avr/lib/avr6/crtm2560.o
                0x00000000000000e8                __init
 *(.init0)
 *(.init1)
 *(.init1)
 *(.init2)
 .init2         0x00000000000000e8       0x10 /usr/lib/gcc/avr/4.9.3/../../../../avr/lib/avr6/crtm2560.o
 *(.init2)
 *(.init3)
 *(.init3)
 *(.init4)
 .init4         0x00000000000000f8       0x1a /usr/lib/gcc/avr/4.9.3/avr6/libgcc.a(_copy_data.o)
                0x00000000000000f8                __do_copy_data
 .init4         0x0000000000000112       0x10 /usr/lib/gcc/avr/4.9.3/avr6/libgcc.a(_clear_bss.o)
                0x0000000000000112                __do_clear_bss
 *(.init4)
 *(.init5)
 *(.init5)
 *(.init6)
 *(.init6)
 *(.init7)
 *(.init7)
 *(.init8)
 *(.init8)
 *(.init9)
 .init9         0x0000000000000122        0x8 /usr/lib/gcc/avr/4.9.3/../../../../avr/lib/avr6/crtm2560.o
 *(.init9)
 *(.text)
 .text          0x000000000000012a        0x4 /usr/lib/gcc/avr/4.9.3/../../../../avr/lib/avr6/crtm2560.o
                0x000000000000012a                __vector_38
                0x000000000000012a                __vector_22
                0x000000000000012a                __vector_28
                0x000000000000012a                __vector_1
                0x000000000000012a                __vector_32
                0x000000000000012a                __vector_34
                0x000000000000012a                __vector_24
                0x000000000000012a                __vector_12
                0x000000000000012a                __vector_55
                0x000000000000012a                __vector_46
                0x000000000000012a                __bad_interrupt
                0x000000000000012a                __vector_6
                0x000000000000012a                __vector_31
                0x000000000000012a                __vector_35
                0x000000000000012a                __vector_39
                0x000000000000012a                __vector_3
                0x000000000000012a                __vector_23
                0x000000000000012a                __vector_30
                0x000000000000012a                __vector_45
                0x000000000000012a                __vector_25
                0x000000000000012a                __vector_11
                0x000000000000012a                __vector_54
                0x000000000000012a                __vector_13
                0x000000000000012a                __vector_17
                0x000000000000012a                __vector_19
                0x000000000000012a                __vector_56
                0x000000000000012a                __vector_7
                0x000000000000012a                __vector_49
                0x000000000000012a                __vector_41
                0x000000000000012a                __vector_43
                0x000000000000012a                __vector_27
                0x000000000000012a                __vector_5
                0x000000000000012a                __vector_33
                0x000000000000012a                __vector_47
                0x000000000000012a                __vector_52
                0x000000000000012a                __vector_37
                0x000000000000012a                __vector_4
                0x000000000000012a                __vector_44
                0x000000000000012a                __vector_51
                0x000000000000012a                __vector_9
                0x000000000000012a                __vector_2
                0x000000000000012a                __vector_21
                0x000000000000012a                __vector_15
                0x000000000000012a                __vector_36
                0x000000000000012a                __vector_29
                0x000000000000012a                __vector_40
                0x000000000000012a                __vector_8
                0x000000000000012a                __vector_26
                0x000000000000012a                __vector_48
                0x000000000000012a                __vector_14
                0x000000000000012a                __vector_53
                0x000000000000012a                __vector_10
                0x000000000000012a                __vector_16
                0x000000000000012a                __vector_18
                0x000000000000012a                __vector_20
                0x000000000000012a                __vector_42
                0x000000000000012e                . = ALIGN (0x2)
 *(.text.*)
 .text.tmr16_int_enable
                0x000000000000012e       0x34 timers.o
                0x000000000000012e                tmr16_int_enable
 .text.tmr16_event_set
                0x0000000000000162        0x8 timers.o
                0x0000000000000162                tmr16_event_set
 .text.tmr16_event_call
                0x000000000000016a        0xe timers.o
                0x000000000000016a                tmr16_event_call
 .text.test_toggle
                0x0000000000000178        0x8 timer.o
                0x0000000000000178                test_toggle
 .text.__vector_50
                0x0000000000000180       0x54 timer.o
                0x0000000000000180                __vector_50
 .text.startup.main
                0x00000000000001d4       0xbe timer.o
                0x00000000000001d4                main
 .text.pin_toggle
                0x0000000000000292       0x14 ports.o
                0x0000000000000292                pin_toggle
                0x00000000000002a6                . = ALIGN (0x2)
 *(.fini9)
 .fini9         0x00000000000002a6        0x0 /usr/lib/gcc/avr/4.9.3/avr6/libgcc.a(_exit.o)
                0x00000000000002a6                exit
                0x00000000000002a6                _exit
 *(.fini9)
 *(.fini8)
 *(.fini8)
 *(.fini7)
 *(.fini7)
 *(.fini6)
 *(.fini6)
 *(.fini5)
 *(.fini5)
 *(.fini4)
 *(.fini4)
 *(.fini3)
 *(.fini3)
 *(.fini2)
 *(.fini2)
 *(.fini1)
 *(.fini1)
 *(.fini0)
 .fini0         0x00000000000002a6        0x4 /usr/lib/gcc/avr/4.9.3/avr6/libgcc.a(_exit.o)
 *(.fini0)
                0x00000000000002aa                _etext = .

.data           0x0000000000800200       0x1c load address 0x00000000000002aa
                0x0000000000800200                PROVIDE (__data_start, .)
 *(.data)
 *(.data*)
 .data.ovf5     0x0000000000800200        0x8 timer.o
                0x0000000000800200                ovf5
 .data.tir5     0x0000000000800208        0x4 timer.o
                0x0000000000800208                tir5
 .data.b7       0x000000000080020c        0x8 timer.o
                0x000000000080020c                b7
 .data.b6       0x0000000000800214        0x8 timer.o
                0x0000000000800214                b6
 *(.rodata)
 *(.rodata*)
 *(.gnu.linkonce.d*)
                0x000000000080021c                . = ALIGN (0x2)
                0x000000000080021c                _edata = .
                0x000000000080021c                PROVIDE (__data_end, .)

.bss            0x000000000080021c        0x1
                0x000000000080021c                PROVIDE (__bss_start, .)
 *(.bss)
 *(.bss*)
 .bss.emu_tooth
                0x000000000080021c        0x1 timer.o
                0x000000000080021c                emu_tooth
 *(COMMON)
                0x000000000080021d                PROVIDE (__bss_end, .)
                0x00000000000002aa                __data_load_start = LOADADDR (.data)
                0x00000000000002c6                __data_load_end = (__data_load_start + SIZEOF (.data))

.noinit         0x000000000080021d        0x0
                0x000000000080021d                PROVIDE (__noinit_start, .)
 *(.noinit*)
                0x000000000080021d                PROVIDE (__noinit_end, .)
                0x000000000080021d                _end = .
                0x000000000080021d                PROVIDE (__heap_start, .)

.eeprom         0x0000000000810000        0x0
 *(.eeprom*)
                0x0000000000810000                __eeprom_end = .

.fuse
 *(.fuse)
 *(.lfuse)
 *(.hfuse)
 *(.efuse)

.lock
 *(.lock*)

.signature
 *(.signature*)

.stab
 *(.stab)

.stabstr
 *(.stabstr)

.stab.excl
 *(.stab.excl)

.stab.exclstr
 *(.stab.exclstr)

.stab.index
 *(.stab.index)

.stab.indexstr
 *(.stab.indexstr)

.comment        0x0000000000000000       0x2a
 *(.comment)
 .comment       0x0000000000000000       0x2a timers.o
                                         0x2b (size before relaxing)
 .comment       0x000000000000002a       0x2b timer.o
 .comment       0x000000000000002a       0x2b ports.o

.note.gnu.build-id
 *(.note.gnu.build-id)

.debug
 *(.debug)

.line
 *(.line)

.debug_srcinfo
 *(.debug_srcinfo)

.debug_sfnames
 *(.debug_sfnames)

.debug_aranges
 *(.debug_aranges)

.debug_pubnames
 *(.debug_pubnames)

.debug_info
 *(.debug_info .gnu.linkonce.wi.*)

.debug_abbrev
 *(.debug_abbrev)

.debug_line
 *(.debug_line .debug_line.* .debug_line_end)

.debug_frame
 *(.debug_frame)

.debug_str
 *(.debug_str)

.debug_loc
 *(.debug_loc)

.debug_macinfo
 *(.debug_macinfo)

.debug_weaknames
 *(.debug_weaknames)

.debug_funcnames
 *(.debug_funcnames)

.debug_typenames
 *(.debug_typenames)

.debug_varnames
 *(.debug_varnames)

.debug_pubtypes
 *(.debug_pubtypes)

.debug_ranges
 *(.debug_ranges)

.debug_macro
 *(.debug_macro)
OUTPUT(main elf32-avr)
LOAD linker stubs

Cross Reference Table

Symbol                                            File
__bad_interrupt                                   /usr/lib/gcc/avr/4.9.3/../../../../avr/lib/avr6/crtm2560.o
__bss_end                                         /usr/lib/gcc/avr/4.9.3/avr6/libgcc.a(_clear_bss.o)
__bss_start                                       /usr/lib/gcc/avr/4.9.3/avr6/libgcc.a(_clear_bss.o)
__data_end                                        /usr/lib/gcc/avr/4.9.3/avr6/libgcc.a(_copy_data.o)
__data_load_start                                 /usr/lib/gcc/avr/4.9.3/avr6/libgcc.a(_copy_data.o)
__data_start                                      /usr/lib/gcc/avr/4.9.3/avr6/libgcc.a(_copy_data.o)
__do_clear_bss                                    /usr/lib/gcc/avr/4.9.3/avr6/libgcc.a(_clear_bss.o)
                                                  timer.o
__do_copy_data                                    /usr/lib/gcc/avr/4.9.3/avr6/libgcc.a(_copy_data.o)
                                                  timer.o
__heap_end                                        /usr/lib/gcc/avr/4.9.3/../../../../avr/lib/avr6/crtm2560.o
__init                                            /usr/lib/gcc/avr/4.9.3/../../../../avr/lib/avr6/crtm2560.o
__stack                                           /usr/lib/gcc/avr/4.9.3/../../../../avr/lib/avr6/crtm2560.o
__vector_1                                        /usr/lib/gcc/avr/4.9.3/../../../../avr/lib/avr6/crtm2560.o
__vector_10                                       /usr/lib/gcc/avr/4.9.3/../../../../avr/lib/avr6/crtm2560.o
__vector_11                                       /usr/lib/gcc/avr/4.9.3/../../../../avr/lib/avr6/crtm2560.o
__vector_12                                       /usr/lib/gcc/avr/4.9.3/../../../../avr/lib/avr6/crtm2560.o
__vector_13                                       /usr/lib/gcc/avr/4.9.3/../../../../avr/lib/avr6/crtm2560.o
__vector_14                                       /usr/lib/gcc/avr/4.9.3/../../../../avr/lib/avr6/crtm2560.o
__vector_15                                       /usr/lib/gcc/avr/4.9.3/../../../../avr/lib/avr6/crtm2560.o
__vector_16                                       /usr/lib/gcc/avr/4.9.3/../../../../avr/lib/avr6/crtm2560.o
__vector_17                                       /usr/lib/gcc/avr/4.9.3/../../../../avr/lib/avr6/crtm2560.o
__vector_18                                       /usr/lib/gcc/avr/4.9.3/../../../../avr/lib/avr6/crtm2560.o
__vector_19                                       /usr/lib/gcc/avr/4.9.3/../../../../avr/lib/avr6/crtm2560.o
__vector_2                                        /usr/lib/gcc/avr/4.9.3/../../../../avr/lib/avr6/crtm2560.o
__vector_20                                       /usr/lib/gcc/avr/4.9.3/../../../../avr/lib/avr6/crtm2560.o
__vector_21                                       /usr/lib/gcc/avr/4.9.3/../../../../avr/lib/avr6/crtm2560.o
__vector_22                                       /usr/lib/gcc/avr/4.9.3/../../../../avr/lib/avr6/crtm2560.o
__vector_23                                       /usr/lib/gcc/avr/4.9.3/../../../../avr/lib/avr6/crtm2560.o
__vector_24                                       /usr/lib/gcc/avr/4.9.3/../../../../avr/lib/avr6/crtm2560.o
__vector_25                                       /usr/lib/gcc/avr/4.9.3/../../../../avr/lib/avr6/crtm2560.o
__vector_26                                       /usr/lib/gcc/avr/4.9.3/../../../../avr/lib/avr6/crtm2560.o
__vector_27                                       /usr/lib/gcc/avr/4.9.3/../../../../avr/lib/avr6/crtm2560.o
__vector_28                                       /usr/lib/gcc/avr/4.9.3/../../../../avr/lib/avr6/crtm2560.o
__vector_29                                       /usr/lib/gcc/avr/4.9.3/../../../../avr/lib/avr6/crtm2560.o
__vector_3                                        /usr/lib/gcc/avr/4.9.3/../../../../avr/lib/avr6/crtm2560.o
__vector_30                                       /usr/lib/gcc/avr/4.9.3/../../../../avr/lib/avr6/crtm2560.o
__vector_31                                       /usr/lib/gcc/avr/4.9.3/../../../../avr/lib/avr6/crtm2560.o
__vector_32                                       /usr/lib/gcc/avr/4.9.3/../../../../avr/lib/avr6/crtm2560.o
__vector_33                                       /usr/lib/gcc/avr/4.9.3/../../../../avr/lib/avr6/crtm2560.o
__vector_34                                       /usr/lib/gcc/avr/4.9.3/../../../../avr/lib/avr6/crtm2560.o
__vector_35                                       /usr/lib/gcc/avr/4.9.3/../../../../avr/lib/avr6/crtm2560.o
__vector_36                                       /usr/lib/gcc/avr/4.9.3/../../../../avr/lib/avr6/crtm2560.o
__vector_37                                       /usr/lib/gcc/avr/4.9.3/../../../../avr/lib/avr6/crtm2560.o
__vector_38                                       /usr/lib/gcc/avr/4.9.3/../../../../avr/lib/avr6/crtm2560.o
__vector_39                                       /usr/lib/gcc/avr/4.9.3/../../../../avr/lib/avr6/crtm2560.o
__vector_4                                        /usr/lib/gcc/avr/4.9.3/../../../../avr/lib/avr6/crtm2560.o
__vector_40                                       /usr/lib/gcc/avr/4.9.3/../../../../avr/lib/avr6/crtm2560.o
__vector_41                                       /usr/lib/gcc/avr/4.9.3/../../../../avr/lib/avr6/crtm2560.o
__vector_42                                       /usr/lib/gcc/avr/4.9.3/../../../../avr/lib/avr6/crtm2560.o
__vector_43                                       /usr/lib/gcc/avr/4.9.3/../../../../avr/lib/avr6/crtm2560.o
__vector_44                                       /usr/lib/gcc/avr/4.9.3/../../../../avr/lib/avr6/crtm2560.o
__vector_45                                       /usr/lib/gcc/avr/4.9.3/../../../../avr/lib/avr6/crtm2560.o
__vector_46                                       /usr/lib/gcc/avr/4.9.3/../../../../avr/lib/avr6/crtm2560.o
__vector_47                                       /usr/lib/gcc/avr/4.9.3/../../../../avr/lib/avr6/crtm2560.o
__vector_48                                       /usr/lib/gcc/avr/4.9.3/../../../../avr/lib/avr6/crtm2560.o
__vector_49                                       /usr/lib/gcc/avr/4.9.3/../../../../avr/lib/avr6/crtm2560.o
__vector_5                                        /usr/lib/gcc/avr/4.9.3/../../../../avr/lib/avr6/crtm2560.o
__vector_50                                       timer.o
                                                  /usr/lib/gcc/avr/4.9.3/../../../../avr/lib/avr6/crtm2560.o
__vector_51                                       /usr/lib/gcc/avr/4.9.3/../../../../avr/lib/avr6/crtm2560.o
__vector_52                                       /usr/lib/gcc/avr/4.9.3/../../../../avr/lib/avr6/crtm2560.o
__vector_53                                       /usr/lib/gcc/avr/4.9.3/../../../../avr/lib/avr6/crtm2560.o
__vector_54                                       /usr/lib/gcc/avr/4.9.3/../../../../avr/lib/avr6/crtm2560.o
__vector_55                                       /usr/lib/gcc/avr/4.9.3/../../../../avr/lib/avr6/crtm2560.o
__vector_56                                       /usr/lib/gcc/avr/4.9.3/../../../../avr/lib/avr6/crtm2560.o
__vector_6                                        /usr/lib/gcc/avr/4.9.3/../../../../avr/lib/avr6/crtm2560.o
__vector_7                                        /usr/lib/gcc/avr/4.9.3/../../../../avr/lib/avr6/crtm2560.o
__vector_8                                        /usr/lib/gcc/avr/4.9.3/../../../../avr/lib/avr6/crtm2560.o
__vector_9                                        /usr/lib/gcc/avr/4.9.3/../../../../avr/lib/avr6/crtm2560.o
__vector_default                                  /usr/lib/gcc/avr/4.9.3/../../../../avr/lib/avr6/crtm2560.o
__vectors                                         /usr/lib/gcc/avr/4.9.3/../../../../avr/lib/avr6/crtm2560.o
_exit                                             /usr/lib/gcc/avr/4.9.3/avr6/libgcc.a(_exit.o)
b6                                                timer.o
b7                                                timer.o
bit_off                                           ports.o
bit_on                                            ports.o
bit_toggle                                        ports.o
cap5                                              timer.o
cha5                                              timer.o
chb5                                              timer.o
chc5                                              timer.o
emu_tooth                                         timer.o
exit                                              /usr/lib/gcc/avr/4.9.3/avr6/libgcc.a(_exit.o)
                                                  /usr/lib/gcc/avr/4.9.3/../../../../avr/lib/avr6/crtm2560.o
main                                              timer.o
                                                  /usr/lib/gcc/avr/4.9.3/../../../../avr/lib/avr6/crtm2560.o
ovf5                                              timer.o
pin_toggle                                        ports.o
                                                  timer.o
port_mask                                         ports.o
tcr5                                              timer.o
test_toggle                                       timer.o
tir5                                              timer.o
tmr16_event_call                                  timers.o
                                                  timer.o
tmr16_event_set                                   timers.o
                                                  timer.o
tmr16_int_disable                                 timers.o
tmr16_int_enable                                  timers.o
                                                  timer.o
tmr16_read_cr                                     timers.o
tmr16_reset_clk                                   timers.o
tmr16_set_clk                                     timers.o
tmr16_write_cr                                    timers.o
