Archive member included to satisfy reference by file (symbol)

/usr/lib/gcc/avr/4.9.3/avr6/libgcc.a(_udivmodhi4.o)
                              coil_handler.o (__udivmodhi4)
/usr/lib/gcc/avr/4.9.3/avr6/libgcc.a(_exit.o)
                              /usr/lib/gcc/avr/4.9.3/../../../../avr/lib/avr6/crtm2560.o (exit)
/usr/lib/gcc/avr/4.9.3/avr6/libgcc.a(_copy_data.o)
                              main.o (__do_copy_data)
/usr/lib/gcc/avr/4.9.3/avr6/libgcc.a(_clear_bss.o)
                              main.o (__do_clear_bss)
/usr/lib/gcc/avr/4.9.3/../../../../avr/lib/avr6/libc.a(strcpy.o)
                              main.o (strcpy)

Allocating common symbols
Common symbol       size              file

data                0x1e              main.o
coil_buffer         0x2               main.o

Discarded input sections

 .data          0x0000000000000000        0x0 /usr/lib/gcc/avr/4.9.3/../../../../avr/lib/avr6/crtm2560.o
 .bss           0x0000000000000000        0x0 /usr/lib/gcc/avr/4.9.3/../../../../avr/lib/avr6/crtm2560.o
 .text          0x0000000000000000        0x0 timers.o
 .data          0x0000000000000000        0x0 timers.o
 .bss           0x0000000000000000        0x0 timers.o
 .text.tmr16_reset_cs
                0x0000000000000000       0x1c timers.o
 .text          0x0000000000000000        0x0 main.o
 .data          0x0000000000000000        0x0 main.o
 .bss           0x0000000000000000        0x0 main.o
 .text.current_capture
                0x0000000000000000       0x48 main.o
 .bss.emu_tooth
                0x0000000000000000        0x1 main.o
 .bss.done      0x0000000000000000        0x1 main.o
 .text          0x0000000000000000        0x0 ports.o
 .data          0x0000000000000000        0x0 ports.o
 .bss           0x0000000000000000        0x0 ports.o
 .text.bit_on   0x0000000000000000       0x16 ports.o
 .text.bit_off  0x0000000000000000       0x18 ports.o
 .text.bit_toggle
                0x0000000000000000       0x16 ports.o
 .text.pin_toggle
                0x0000000000000000       0x14 ports.o
 .text.port_mask
                0x0000000000000000       0x34 ports.o
 .comment       0x0000000000000000       0x2b ports.o
 .text          0x0000000000000000        0x0 usart.o
 .data          0x0000000000000000        0x0 usart.o
 .bss           0x0000000000000000        0x0 usart.o
 .text.uart_rx  0x0000000000000000       0x1c usart.o
 .text.uart_rx_count
                0x0000000000000000        0x6 usart.o
 .text.uart_rx_done
                0x0000000000000000        0xe usart.o
 .text          0x0000000000000000        0x0 coil_handler.o
 .data          0x0000000000000000        0x0 coil_handler.o
 .bss           0x0000000000000000        0x0 coil_handler.o
 .text.coil_act_insertion_sort
                0x0000000000000000       0x56 coil_handler.o
 .text          0x0000000000000000        0x0 /usr/lib/gcc/avr/4.9.3/avr6/libgcc.a(_udivmodhi4.o)
 .data          0x0000000000000000        0x0 /usr/lib/gcc/avr/4.9.3/avr6/libgcc.a(_udivmodhi4.o)
 .bss           0x0000000000000000        0x0 /usr/lib/gcc/avr/4.9.3/avr6/libgcc.a(_udivmodhi4.o)
 .text.libgcc.mul
                0x0000000000000000        0x0 /usr/lib/gcc/avr/4.9.3/avr6/libgcc.a(_udivmodhi4.o)
 .text.libgcc   0x0000000000000000        0x0 /usr/lib/gcc/avr/4.9.3/avr6/libgcc.a(_udivmodhi4.o)
 .text.libgcc.prologue
                0x0000000000000000        0x0 /usr/lib/gcc/avr/4.9.3/avr6/libgcc.a(_udivmodhi4.o)
 .text.libgcc.builtins
                0x0000000000000000        0x0 /usr/lib/gcc/avr/4.9.3/avr6/libgcc.a(_udivmodhi4.o)
 .text.libgcc.fmul
                0x0000000000000000        0x0 /usr/lib/gcc/avr/4.9.3/avr6/libgcc.a(_udivmodhi4.o)
 .text.libgcc.fixed
                0x0000000000000000        0x0 /usr/lib/gcc/avr/4.9.3/avr6/libgcc.a(_udivmodhi4.o)
 .text          0x0000000000000000        0x0 /usr/lib/gcc/avr/4.9.3/avr6/libgcc.a(_exit.o)
 .data          0x0000000000000000        0x0 /usr/lib/gcc/avr/4.9.3/avr6/libgcc.a(_exit.o)
 .bss           0x0000000000000000        0x0 /usr/lib/gcc/avr/4.9.3/avr6/libgcc.a(_exit.o)
 .text.libgcc.mul
                0x0000000000000000        0x0 /usr/lib/gcc/avr/4.9.3/avr6/libgcc.a(_exit.o)
 .text.libgcc.div
                0x0000000000000000        0x0 /usr/lib/gcc/avr/4.9.3/avr6/libgcc.a(_exit.o)
 .text.libgcc   0x0000000000000000        0x0 /usr/lib/gcc/avr/4.9.3/avr6/libgcc.a(_exit.o)
 .text.libgcc.prologue
                0x0000000000000000        0x0 /usr/lib/gcc/avr/4.9.3/avr6/libgcc.a(_exit.o)
 .text.libgcc.builtins
                0x0000000000000000        0x0 /usr/lib/gcc/avr/4.9.3/avr6/libgcc.a(_exit.o)
 .text.libgcc.fmul
                0x0000000000000000        0x0 /usr/lib/gcc/avr/4.9.3/avr6/libgcc.a(_exit.o)
 .text.libgcc.fixed
                0x0000000000000000        0x0 /usr/lib/gcc/avr/4.9.3/avr6/libgcc.a(_exit.o)
 .text          0x0000000000000000        0x0 /usr/lib/gcc/avr/4.9.3/avr6/libgcc.a(_copy_data.o)
 .data          0x0000000000000000        0x0 /usr/lib/gcc/avr/4.9.3/avr6/libgcc.a(_copy_data.o)
 .bss           0x0000000000000000        0x0 /usr/lib/gcc/avr/4.9.3/avr6/libgcc.a(_copy_data.o)
 .text.libgcc.mul
                0x0000000000000000        0x0 /usr/lib/gcc/avr/4.9.3/avr6/libgcc.a(_copy_data.o)
 .text.libgcc.div
                0x0000000000000000        0x0 /usr/lib/gcc/avr/4.9.3/avr6/libgcc.a(_copy_data.o)
 .text.libgcc   0x0000000000000000        0x0 /usr/lib/gcc/avr/4.9.3/avr6/libgcc.a(_copy_data.o)
 .text.libgcc.prologue
                0x0000000000000000        0x0 /usr/lib/gcc/avr/4.9.3/avr6/libgcc.a(_copy_data.o)
 .text.libgcc.builtins
                0x0000000000000000        0x0 /usr/lib/gcc/avr/4.9.3/avr6/libgcc.a(_copy_data.o)
 .text.libgcc.fmul
                0x0000000000000000        0x0 /usr/lib/gcc/avr/4.9.3/avr6/libgcc.a(_copy_data.o)
 .text.libgcc.fixed
                0x0000000000000000        0x0 /usr/lib/gcc/avr/4.9.3/avr6/libgcc.a(_copy_data.o)
 .text          0x0000000000000000        0x0 /usr/lib/gcc/avr/4.9.3/avr6/libgcc.a(_clear_bss.o)
 .data          0x0000000000000000        0x0 /usr/lib/gcc/avr/4.9.3/avr6/libgcc.a(_clear_bss.o)
 .bss           0x0000000000000000        0x0 /usr/lib/gcc/avr/4.9.3/avr6/libgcc.a(_clear_bss.o)
 .text.libgcc.mul
                0x0000000000000000        0x0 /usr/lib/gcc/avr/4.9.3/avr6/libgcc.a(_clear_bss.o)
 .text.libgcc.div
                0x0000000000000000        0x0 /usr/lib/gcc/avr/4.9.3/avr6/libgcc.a(_clear_bss.o)
 .text.libgcc   0x0000000000000000        0x0 /usr/lib/gcc/avr/4.9.3/avr6/libgcc.a(_clear_bss.o)
 .text.libgcc.prologue
                0x0000000000000000        0x0 /usr/lib/gcc/avr/4.9.3/avr6/libgcc.a(_clear_bss.o)
 .text.libgcc.builtins
                0x0000000000000000        0x0 /usr/lib/gcc/avr/4.9.3/avr6/libgcc.a(_clear_bss.o)
 .text.libgcc.fmul
                0x0000000000000000        0x0 /usr/lib/gcc/avr/4.9.3/avr6/libgcc.a(_clear_bss.o)
 .text.libgcc.fixed
                0x0000000000000000        0x0 /usr/lib/gcc/avr/4.9.3/avr6/libgcc.a(_clear_bss.o)
 .text          0x0000000000000000        0x0 /usr/lib/gcc/avr/4.9.3/../../../../avr/lib/avr6/libc.a(strcpy.o)
 .data          0x0000000000000000        0x0 /usr/lib/gcc/avr/4.9.3/../../../../avr/lib/avr6/libc.a(strcpy.o)
 .bss           0x0000000000000000        0x0 /usr/lib/gcc/avr/4.9.3/../../../../avr/lib/avr6/libc.a(strcpy.o)

Memory Configuration

Name             Origin             Length             Attributes
text             0x0000000000000000 0x0000000000100000 xr
data             0x0000000000800200 0x000000000000fe00 rw !x
eeprom           0x0000000000810000 0x0000000000010000 rw !x
fuse             0x0000000000820000 0x0000000000000400 rw !x
lock             0x0000000000830000 0x0000000000000400 rw !x
signature        0x0000000000840000 0x0000000000000400 rw !x
*default*        0x0000000000000000 0xffffffffffffffff

Linker script and memory map

Address of section .data set to 0x800200
LOAD /usr/lib/gcc/avr/4.9.3/../../../../avr/lib/avr6/crtm2560.o
LOAD timers.o
LOAD main.o
LOAD ports.o
LOAD usart.o
LOAD coil_handler.o
START GROUP
LOAD /usr/lib/gcc/avr/4.9.3/avr6/libgcc.a
LOAD /usr/lib/gcc/avr/4.9.3/../../../../avr/lib/avr6/libm.a
LOAD /usr/lib/gcc/avr/4.9.3/../../../../avr/lib/avr6/libc.a
END GROUP

.hash
 *(.hash)

.dynsym
 *(.dynsym)

.dynstr
 *(.dynstr)

.gnu.version
 *(.gnu.version)

.gnu.version_d
 *(.gnu.version_d)

.gnu.version_r
 *(.gnu.version_r)

.rel.init
 *(.rel.init)

.rela.init
 *(.rela.init)

.rel.text
 *(.rel.text)
 *(.rel.text.*)
 *(.rel.gnu.linkonce.t*)

.rela.text
 *(.rela.text)
 *(.rela.text.*)
 *(.rela.gnu.linkonce.t*)

.rel.fini
 *(.rel.fini)

.rela.fini
 *(.rela.fini)

.rel.rodata
 *(.rel.rodata)
 *(.rel.rodata.*)
 *(.rel.gnu.linkonce.r*)

.rela.rodata
 *(.rela.rodata)
 *(.rela.rodata.*)
 *(.rela.gnu.linkonce.r*)

.rel.data
 *(.rel.data)
 *(.rel.data.*)
 *(.rel.gnu.linkonce.d*)

.rela.data
 *(.rela.data)
 *(.rela.data.*)
 *(.rela.gnu.linkonce.d*)

.rel.ctors
 *(.rel.ctors)

.rela.ctors
 *(.rela.ctors)

.rel.dtors
 *(.rel.dtors)

.rela.dtors
 *(.rela.dtors)

.rel.got
 *(.rel.got)

.rela.got
 *(.rela.got)

.rel.bss
 *(.rel.bss)

.rela.bss
 *(.rela.bss)

.rel.plt
 *(.rel.plt)

.rela.plt
 *(.rela.plt)

.text           0x0000000000000000      0xdf4
 *(.vectors)
 .vectors       0x0000000000000000       0xe4 /usr/lib/gcc/avr/4.9.3/../../../../avr/lib/avr6/crtm2560.o
                0x0000000000000000                __vectors
                0x0000000000000000                __vector_default
 *(.vectors)
 *(.progmem.gcc*)
                0x00000000000000e4                . = ALIGN (0x2)
                0x00000000000000e4                __trampolines_start = .
 *(.trampolines)
 .trampolines   0x00000000000000e4       0x24 linker stubs
 *(.trampolines*)
                0x0000000000000108                __trampolines_end = .
 *(.progmem*)
                0x0000000000000108                . = ALIGN (0x2)
 *(.jumptables)
 *(.jumptables*)
 *(.lowtext)
 *(.lowtext*)
                0x0000000000000108                __ctors_start = .
 *(.ctors)
                0x0000000000000108                __ctors_end = .
                0x0000000000000108                __dtors_start = .
 *(.dtors)
                0x0000000000000108                __dtors_end = .
 SORT(*)(.ctors)
 SORT(*)(.dtors)
 *(.init0)
 .init0         0x0000000000000108        0x0 /usr/lib/gcc/avr/4.9.3/../../../../avr/lib/avr6/crtm2560.o
                0x0000000000000108                __init
 *(.init0)
 *(.init1)
 *(.init1)
 *(.init2)
 .init2         0x0000000000000108       0x10 /usr/lib/gcc/avr/4.9.3/../../../../avr/lib/avr6/crtm2560.o
 *(.init2)
 *(.init3)
 *(.init3)
 *(.init4)
 .init4         0x0000000000000118       0x1a /usr/lib/gcc/avr/4.9.3/avr6/libgcc.a(_copy_data.o)
                0x0000000000000118                __do_copy_data
 .init4         0x0000000000000132       0x10 /usr/lib/gcc/avr/4.9.3/avr6/libgcc.a(_clear_bss.o)
                0x0000000000000132                __do_clear_bss
 *(.init4)
 *(.init5)
 *(.init5)
 *(.init6)
 *(.init6)
 *(.init7)
 *(.init7)
 *(.init8)
 *(.init8)
 *(.init9)
 .init9         0x0000000000000142        0x8 /usr/lib/gcc/avr/4.9.3/../../../../avr/lib/avr6/crtm2560.o
 *(.init9)
 *(.text)
 .text          0x000000000000014a        0x4 /usr/lib/gcc/avr/4.9.3/../../../../avr/lib/avr6/crtm2560.o
                0x000000000000014a                __vector_38
                0x000000000000014a                __vector_22
                0x000000000000014a                __vector_28
                0x000000000000014a                __vector_1
                0x000000000000014a                __vector_32
                0x000000000000014a                __vector_34
                0x000000000000014a                __vector_24
                0x000000000000014a                __vector_12
                0x000000000000014a                __vector_55
                0x000000000000014a                __bad_interrupt
                0x000000000000014a                __vector_6
                0x000000000000014a                __vector_31
                0x000000000000014a                __vector_35
                0x000000000000014a                __vector_39
                0x000000000000014a                __vector_3
                0x000000000000014a                __vector_23
                0x000000000000014a                __vector_30
                0x000000000000014a                __vector_45
                0x000000000000014a                __vector_11
                0x000000000000014a                __vector_54
                0x000000000000014a                __vector_13
                0x000000000000014a                __vector_17
                0x000000000000014a                __vector_19
                0x000000000000014a                __vector_56
                0x000000000000014a                __vector_7
                0x000000000000014a                __vector_41
                0x000000000000014a                __vector_27
                0x000000000000014a                __vector_5
                0x000000000000014a                __vector_33
                0x000000000000014a                __vector_52
                0x000000000000014a                __vector_37
                0x000000000000014a                __vector_4
                0x000000000000014a                __vector_51
                0x000000000000014a                __vector_9
                0x000000000000014a                __vector_2
                0x000000000000014a                __vector_21
                0x000000000000014a                __vector_15
                0x000000000000014a                __vector_36
                0x000000000000014a                __vector_29
                0x000000000000014a                __vector_40
                0x000000000000014a                __vector_8
                0x000000000000014a                __vector_14
                0x000000000000014a                __vector_53
                0x000000000000014a                __vector_10
                0x000000000000014a                __vector_16
                0x000000000000014a                __vector_18
                0x000000000000014a                __vector_20
                0x000000000000014e                . = ALIGN (0x2)
 *(.text.*)
 .text.tmr16_int_enable
                0x000000000000014e       0x34 timers.o
                0x000000000000014e                tmr16_int_enable
 .text.tmr16_int_disable
                0x0000000000000182       0x22 timers.o
                0x0000000000000182                tmr16_int_disable
 .text.tmr16_event_set
                0x00000000000001a4        0x8 timers.o
                0x00000000000001a4                tmr16_event_set
 .text.tmr16_event_call
                0x00000000000001ac        0xe timers.o
                0x00000000000001ac                tmr16_event_call
 .text.tmr16_read_cr
                0x00000000000001ba       0x10 timers.o
                0x00000000000001ba                tmr16_read_cr
 .text.tmr16_write_cr
                0x00000000000001ca       0x10 timers.o
                0x00000000000001ca                tmr16_write_cr
 .text.tmr16_set_cs
                0x00000000000001da       0x1a timers.o
                0x00000000000001da                tmr16_set_cs
 .text.tmr16_counter_set
                0x00000000000001f4       0x1a timers.o
                0x00000000000001f4                tmr16_counter_set
 .text.tmr16_capture_setup
                0x000000000000020e       0x1a timers.o
                0x000000000000020e                tmr16_capture_setup
 .text.coil14_on
                0x0000000000000228       0x16 main.o
                0x0000000000000228                coil14_on
 .text.coil14_off
                0x000000000000023e       0x18 main.o
                0x000000000000023e                coil14_off
 .text.coil23_on
                0x0000000000000256       0x16 main.o
                0x0000000000000256                coil23_on
 .text.coil23_off
                0x000000000000026c       0x18 main.o
                0x000000000000026c                coil23_off
 .text.mark_handler
                0x0000000000000284       0x10 main.o
 .text.main_handler
                0x0000000000000294       0x48 main.o
 .text.tooth_60_handler
                0x00000000000002dc       0x1e main.o
 .text.tooth_59_handler
                0x00000000000002fa        0xc main.o
 .text.__vector_26
                0x0000000000000306       0x54 main.o
                0x0000000000000306                __vector_26
 .text.__vector_25
                0x000000000000035a       0x54 main.o
                0x000000000000035a                __vector_25
 .text.__vector_42
                0x00000000000003ae       0x54 main.o
                0x00000000000003ae                __vector_42
 .text.__vector_43
                0x0000000000000402       0x54 main.o
                0x0000000000000402                __vector_43
 .text.__vector_44
                0x0000000000000456       0x54 main.o
                0x0000000000000456                __vector_44
 .text.__vector_46
                0x00000000000004aa       0x54 main.o
                0x00000000000004aa                __vector_46
 .text.__vector_47
                0x00000000000004fe       0x5c main.o
                0x00000000000004fe                __vector_47
 .text.__vector_48
                0x000000000000055a       0x5c main.o
                0x000000000000055a                __vector_48
 .text.__vector_49
                0x00000000000005b6       0x5c main.o
                0x00000000000005b6                __vector_49
 .text.__vector_50
                0x0000000000000612       0x54 main.o
                0x0000000000000612                __vector_50
 .text.test_on  0x0000000000000666       0x16 main.o
                0x0000000000000666                test_on
 .text.stop_handler
                0x000000000000067c       0x18 main.o
 .text.test_off
                0x0000000000000694       0x18 main.o
                0x0000000000000694                test_off
 .text.capture_handler
                0x00000000000006ac       0x90 main.o
 .text.uart_main_init
                0x000000000000073c       0x62 main.o
                0x000000000000073c                uart_main_init
 .text.timer_main_init
                0x000000000000079e       0x9a main.o
                0x000000000000079e                timer_main_init
 .text.port_main_init
                0x0000000000000838       0xf4 main.o
                0x0000000000000838                port_main_init
 .text.action_main_init
                0x000000000000092c       0x66 main.o
                0x000000000000092c                action_main_init
 .text.startup.main
                0x0000000000000992       0x18 main.o
                0x0000000000000992                main
 .text.uart_init
                0x00000000000009aa       0x12 usart.o
                0x00000000000009aa                uart_init
 .text.uart_baud_rate
                0x00000000000009bc       0x18 usart.o
                0x00000000000009bc                uart_baud_rate
 .text.uart_character_size
                0x00000000000009d4       0x48 usart.o
                0x00000000000009d4                uart_character_size
 .text.uart_parity_mode
                0x0000000000000a1c       0x28 usart.o
                0x0000000000000a1c                uart_parity_mode
 .text.uart_stop_bit
                0x0000000000000a44       0x1a usart.o
                0x0000000000000a44                uart_stop_bit
 .text.uart_tx  0x0000000000000a5e       0x1c usart.o
                0x0000000000000a5e                uart_tx
 .text.uart_udre_handler
                0x0000000000000a7a       0x38 usart.o
                0x0000000000000a7a                uart_udre_handler
 .text.uart_rx_handler
                0x0000000000000ab2       0x30 usart.o
                0x0000000000000ab2                uart_rx_handler
 .text.uart_tx_done
                0x0000000000000ae2        0xe usart.o
                0x0000000000000ae2                uart_tx_done
 .text.coil_act_insert_next
                0x0000000000000af0       0x2e coil_handler.o
                0x0000000000000af0                coil_act_insert_next
 .text.coil_act_insert_prev
                0x0000000000000b1e       0x2e coil_handler.o
                0x0000000000000b1e                coil_act_insert_prev
 .text.coil_act_cut
                0x0000000000000b4c       0x36 coil_handler.o
                0x0000000000000b4c                coil_act_cut
 .text.coil_act_sorting_insert
                0x0000000000000b82       0x54 coil_handler.o
                0x0000000000000b82                coil_act_sorting_insert
 .text.coil_act_sort_selected
                0x0000000000000bd6       0x9c coil_handler.o
                0x0000000000000bd6                coil_act_sort_selected
 .text.coil_call_event_once
                0x0000000000000c72       0x22 coil_handler.o
                0x0000000000000c72                coil_call_event_once
 .text.coil_event_set
                0x0000000000000c94       0x44 coil_handler.o
                0x0000000000000c94                coil_event_set
 .text.coil_act_calc
                0x0000000000000cd8       0x32 coil_handler.o
                0x0000000000000cd8                coil_act_calc
 .text.coil_act_handler
                0x0000000000000d0a       0xb0 coil_handler.o
                0x0000000000000d0a                coil_act_handler
 .text.libgcc.div
                0x0000000000000dba       0x28 /usr/lib/gcc/avr/4.9.3/avr6/libgcc.a(_udivmodhi4.o)
                0x0000000000000dba                __udivmodhi4
 .text.avr-libc
                0x0000000000000de2        0xe /usr/lib/gcc/avr/4.9.3/../../../../avr/lib/avr6/libc.a(strcpy.o)
                0x0000000000000de2                strcpy
                0x0000000000000df0                . = ALIGN (0x2)
 *(.fini9)
 .fini9         0x0000000000000df0        0x0 /usr/lib/gcc/avr/4.9.3/avr6/libgcc.a(_exit.o)
                0x0000000000000df0                exit
                0x0000000000000df0                _exit
 *(.fini9)
 *(.fini8)
 *(.fini8)
 *(.fini7)
 *(.fini7)
 *(.fini6)
 *(.fini6)
 *(.fini5)
 *(.fini5)
 *(.fini4)
 *(.fini4)
 *(.fini3)
 *(.fini3)
 *(.fini2)
 *(.fini2)
 *(.fini1)
 *(.fini1)
 *(.fini0)
 .fini0         0x0000000000000df0        0x4 /usr/lib/gcc/avr/4.9.3/avr6/libgcc.a(_exit.o)
 *(.fini0)
                0x0000000000000df4                _etext = .

.data           0x0000000000800200      0x118 load address 0x0000000000000df4
                0x0000000000800200                PROVIDE (__data_start, .)
 *(.data)
 *(.data*)
 .data.coil23off
                0x0000000000800200        0xe main.o
                0x0000000000800200                coil23off
 .data.coil23on
                0x000000000080020e        0xe main.o
                0x000000000080020e                coil23on
 .data.coil14off
                0x000000000080021c        0xe main.o
                0x000000000080021c                coil14off
 .data.coil14on
                0x000000000080022a        0xe main.o
                0x000000000080022a                coil14on
 .data.l1       0x0000000000800238        0x8 main.o
                0x0000000000800238                l1
 .data.b7       0x0000000000800240        0x8 main.o
                0x0000000000800240                b7
 .data.b6       0x0000000000800248        0x8 main.o
                0x0000000000800248                b6
 .data.b5       0x0000000000800250        0x8 main.o
                0x0000000000800250                b5
 .data.b4       0x0000000000800258        0x8 main.o
                0x0000000000800258                b4
 .data.cap5_pos_mask
                0x0000000000800260        0x3 main.o
                0x0000000000800260                cap5_pos_mask
 .data.tcnt5_mask
                0x0000000000800263        0x3 main.o
                0x0000000000800263                tcnt5_mask
 .data.tcs5     0x0000000000800266        0x3 main.o
                0x0000000000800266                tcs5
 .data.tcr5     0x0000000000800269        0x8 main.o
                0x0000000000800269                tcr5
 .data.ovf5     0x0000000000800271        0x8 main.o
                0x0000000000800271                ovf5
 .data.chc5     0x0000000000800279        0x8 main.o
                0x0000000000800279                chc5
 .data.chb5     0x0000000000800281        0x8 main.o
                0x0000000000800281                chb5
 .data.cha5     0x0000000000800289        0x8 main.o
                0x0000000000800289                cha5
 .data.cap5     0x0000000000800291        0x8 main.o
                0x0000000000800291                cap5
 .data.tir5     0x0000000000800299        0x4 main.o
                0x0000000000800299                tir5
 .data.tcnt4_mask
                0x000000000080029d        0x3 main.o
                0x000000000080029d                tcnt4_mask
 .data.tcs4     0x00000000008002a0        0x3 main.o
                0x00000000008002a0                tcs4
 .data.tcr4     0x00000000008002a3        0x8 main.o
                0x00000000008002a3                tcr4
 .data.t4ch1    0x00000000008002ab        0xa main.o
                0x00000000008002ab                t4ch1
 .data.t4ch2    0x00000000008002b5        0xa main.o
                0x00000000008002b5                t4ch2
 .data.t4ch3    0x00000000008002bf        0xa main.o
                0x00000000008002bf                t4ch3
 .data.tir4     0x00000000008002c9        0x4 main.o
                0x00000000008002c9                tir4
 .data.uart0    0x00000000008002cd       0x14 main.o
                0x00000000008002cd                uart0
 *(.rodata)
 *(.rodata*)
 .rodata.str1.1
                0x00000000008002e1       0x37 main.o
 *(.gnu.linkonce.d*)
                0x0000000000800318                . = ALIGN (0x2)
                0x0000000000800318                _edata = .
                0x0000000000800318                PROVIDE (__data_end, .)

.bss            0x0000000000800318       0x33
                0x0000000000800318                PROVIDE (__bss_start, .)
 *(.bss)
 *(.bss*)
 .bss.permit_tooth_counter
                0x0000000000800318        0x1 main.o
                0x0000000000800318                permit_tooth_counter
 .bss.angle_counter
                0x0000000000800319        0x2 main.o
                0x0000000000800319                angle_counter
 .bss.capture   0x000000000080031b        0x2 main.o
                0x000000000080031b                capture
 .bss.root      0x000000000080031d        0xe main.o
                0x000000000080031d                root
 *(COMMON)
 COMMON         0x000000000080032b       0x20 main.o
                0x000000000080032b                data
                0x0000000000800349                coil_buffer
                0x000000000080034b                PROVIDE (__bss_end, .)
                0x0000000000000df4                __data_load_start = LOADADDR (.data)
                0x0000000000000f0c                __data_load_end = (__data_load_start + SIZEOF (.data))

.noinit         0x000000000080034b        0x0
                0x000000000080034b                PROVIDE (__noinit_start, .)
 *(.noinit*)
                0x000000000080034b                PROVIDE (__noinit_end, .)
                0x000000000080034b                _end = .
                0x000000000080034b                PROVIDE (__heap_start, .)

.eeprom         0x0000000000810000        0x0
 *(.eeprom*)
                0x0000000000810000                __eeprom_end = .

.fuse
 *(.fuse)
 *(.lfuse)
 *(.hfuse)
 *(.efuse)

.lock
 *(.lock*)

.signature
 *(.signature*)

.stab
 *(.stab)

.stabstr
 *(.stabstr)

.stab.excl
 *(.stab.excl)

.stab.exclstr
 *(.stab.exclstr)

.stab.index
 *(.stab.index)

.stab.indexstr
 *(.stab.indexstr)

.comment        0x0000000000000000       0x2a
 *(.comment)
 .comment       0x0000000000000000       0x2a timers.o
                                         0x2b (size before relaxing)
 .comment       0x000000000000002a       0x2b main.o
 .comment       0x000000000000002a       0x2b usart.o
 .comment       0x000000000000002a       0x2b coil_handler.o

.note.gnu.build-id
 *(.note.gnu.build-id)

.debug
 *(.debug)

.line
 *(.line)

.debug_srcinfo
 *(.debug_srcinfo)

.debug_sfnames
 *(.debug_sfnames)

.debug_aranges
 *(.debug_aranges)

.debug_pubnames
 *(.debug_pubnames)

.debug_info
 *(.debug_info .gnu.linkonce.wi.*)

.debug_abbrev
 *(.debug_abbrev)

.debug_line
 *(.debug_line .debug_line.* .debug_line_end)

.debug_frame
 *(.debug_frame)

.debug_str
 *(.debug_str)

.debug_loc
 *(.debug_loc)

.debug_macinfo
 *(.debug_macinfo)

.debug_weaknames
 *(.debug_weaknames)

.debug_funcnames
 *(.debug_funcnames)

.debug_typenames
 *(.debug_typenames)

.debug_varnames
 *(.debug_varnames)

.debug_pubtypes
 *(.debug_pubtypes)

.debug_ranges
 *(.debug_ranges)

.debug_macro
 *(.debug_macro)
OUTPUT(main elf32-avr)
LOAD linker stubs

Cross Reference Table

Symbol                                            File
__bad_interrupt                                   /usr/lib/gcc/avr/4.9.3/../../../../avr/lib/avr6/crtm2560.o
__bss_end                                         /usr/lib/gcc/avr/4.9.3/avr6/libgcc.a(_clear_bss.o)
__bss_start                                       /usr/lib/gcc/avr/4.9.3/avr6/libgcc.a(_clear_bss.o)
__data_end                                        /usr/lib/gcc/avr/4.9.3/avr6/libgcc.a(_copy_data.o)
__data_load_start                                 /usr/lib/gcc/avr/4.9.3/avr6/libgcc.a(_copy_data.o)
__data_start                                      /usr/lib/gcc/avr/4.9.3/avr6/libgcc.a(_copy_data.o)
__do_clear_bss                                    /usr/lib/gcc/avr/4.9.3/avr6/libgcc.a(_clear_bss.o)
                                                  main.o
__do_copy_data                                    /usr/lib/gcc/avr/4.9.3/avr6/libgcc.a(_copy_data.o)
                                                  main.o
__heap_end                                        /usr/lib/gcc/avr/4.9.3/../../../../avr/lib/avr6/crtm2560.o
__init                                            /usr/lib/gcc/avr/4.9.3/../../../../avr/lib/avr6/crtm2560.o
__stack                                           /usr/lib/gcc/avr/4.9.3/../../../../avr/lib/avr6/crtm2560.o
__udivmodhi4                                      /usr/lib/gcc/avr/4.9.3/avr6/libgcc.a(_udivmodhi4.o)
                                                  coil_handler.o
__vector_1                                        /usr/lib/gcc/avr/4.9.3/../../../../avr/lib/avr6/crtm2560.o
__vector_10                                       /usr/lib/gcc/avr/4.9.3/../../../../avr/lib/avr6/crtm2560.o
__vector_11                                       /usr/lib/gcc/avr/4.9.3/../../../../avr/lib/avr6/crtm2560.o
__vector_12                                       /usr/lib/gcc/avr/4.9.3/../../../../avr/lib/avr6/crtm2560.o
__vector_13                                       /usr/lib/gcc/avr/4.9.3/../../../../avr/lib/avr6/crtm2560.o
__vector_14                                       /usr/lib/gcc/avr/4.9.3/../../../../avr/lib/avr6/crtm2560.o
__vector_15                                       /usr/lib/gcc/avr/4.9.3/../../../../avr/lib/avr6/crtm2560.o
__vector_16                                       /usr/lib/gcc/avr/4.9.3/../../../../avr/lib/avr6/crtm2560.o
__vector_17                                       /usr/lib/gcc/avr/4.9.3/../../../../avr/lib/avr6/crtm2560.o
__vector_18                                       /usr/lib/gcc/avr/4.9.3/../../../../avr/lib/avr6/crtm2560.o
__vector_19                                       /usr/lib/gcc/avr/4.9.3/../../../../avr/lib/avr6/crtm2560.o
__vector_2                                        /usr/lib/gcc/avr/4.9.3/../../../../avr/lib/avr6/crtm2560.o
__vector_20                                       /usr/lib/gcc/avr/4.9.3/../../../../avr/lib/avr6/crtm2560.o
__vector_21                                       /usr/lib/gcc/avr/4.9.3/../../../../avr/lib/avr6/crtm2560.o
__vector_22                                       /usr/lib/gcc/avr/4.9.3/../../../../avr/lib/avr6/crtm2560.o
__vector_23                                       /usr/lib/gcc/avr/4.9.3/../../../../avr/lib/avr6/crtm2560.o
__vector_24                                       /usr/lib/gcc/avr/4.9.3/../../../../avr/lib/avr6/crtm2560.o
__vector_25                                       main.o
                                                  /usr/lib/gcc/avr/4.9.3/../../../../avr/lib/avr6/crtm2560.o
__vector_26                                       main.o
                                                  /usr/lib/gcc/avr/4.9.3/../../../../avr/lib/avr6/crtm2560.o
__vector_27                                       /usr/lib/gcc/avr/4.9.3/../../../../avr/lib/avr6/crtm2560.o
__vector_28                                       /usr/lib/gcc/avr/4.9.3/../../../../avr/lib/avr6/crtm2560.o
__vector_29                                       /usr/lib/gcc/avr/4.9.3/../../../../avr/lib/avr6/crtm2560.o
__vector_3                                        /usr/lib/gcc/avr/4.9.3/../../../../avr/lib/avr6/crtm2560.o
__vector_30                                       /usr/lib/gcc/avr/4.9.3/../../../../avr/lib/avr6/crtm2560.o
__vector_31                                       /usr/lib/gcc/avr/4.9.3/../../../../avr/lib/avr6/crtm2560.o
__vector_32                                       /usr/lib/gcc/avr/4.9.3/../../../../avr/lib/avr6/crtm2560.o
__vector_33                                       /usr/lib/gcc/avr/4.9.3/../../../../avr/lib/avr6/crtm2560.o
__vector_34                                       /usr/lib/gcc/avr/4.9.3/../../../../avr/lib/avr6/crtm2560.o
__vector_35                                       /usr/lib/gcc/avr/4.9.3/../../../../avr/lib/avr6/crtm2560.o
__vector_36                                       /usr/lib/gcc/avr/4.9.3/../../../../avr/lib/avr6/crtm2560.o
__vector_37                                       /usr/lib/gcc/avr/4.9.3/../../../../avr/lib/avr6/crtm2560.o
__vector_38                                       /usr/lib/gcc/avr/4.9.3/../../../../avr/lib/avr6/crtm2560.o
__vector_39                                       /usr/lib/gcc/avr/4.9.3/../../../../avr/lib/avr6/crtm2560.o
__vector_4                                        /usr/lib/gcc/avr/4.9.3/../../../../avr/lib/avr6/crtm2560.o
__vector_40                                       /usr/lib/gcc/avr/4.9.3/../../../../avr/lib/avr6/crtm2560.o
__vector_41                                       /usr/lib/gcc/avr/4.9.3/../../../../avr/lib/avr6/crtm2560.o
__vector_42                                       main.o
                                                  /usr/lib/gcc/avr/4.9.3/../../../../avr/lib/avr6/crtm2560.o
__vector_43                                       main.o
                                                  /usr/lib/gcc/avr/4.9.3/../../../../avr/lib/avr6/crtm2560.o
__vector_44                                       main.o
                                                  /usr/lib/gcc/avr/4.9.3/../../../../avr/lib/avr6/crtm2560.o
__vector_45                                       /usr/lib/gcc/avr/4.9.3/../../../../avr/lib/avr6/crtm2560.o
__vector_46                                       main.o
                                                  /usr/lib/gcc/avr/4.9.3/../../../../avr/lib/avr6/crtm2560.o
__vector_47                                       main.o
                                                  /usr/lib/gcc/avr/4.9.3/../../../../avr/lib/avr6/crtm2560.o
__vector_48                                       main.o
                                                  /usr/lib/gcc/avr/4.9.3/../../../../avr/lib/avr6/crtm2560.o
__vector_49                                       main.o
                                                  /usr/lib/gcc/avr/4.9.3/../../../../avr/lib/avr6/crtm2560.o
__vector_5                                        /usr/lib/gcc/avr/4.9.3/../../../../avr/lib/avr6/crtm2560.o
__vector_50                                       main.o
                                                  /usr/lib/gcc/avr/4.9.3/../../../../avr/lib/avr6/crtm2560.o
__vector_51                                       /usr/lib/gcc/avr/4.9.3/../../../../avr/lib/avr6/crtm2560.o
__vector_52                                       /usr/lib/gcc/avr/4.9.3/../../../../avr/lib/avr6/crtm2560.o
__vector_53                                       /usr/lib/gcc/avr/4.9.3/../../../../avr/lib/avr6/crtm2560.o
__vector_54                                       /usr/lib/gcc/avr/4.9.3/../../../../avr/lib/avr6/crtm2560.o
__vector_55                                       /usr/lib/gcc/avr/4.9.3/../../../../avr/lib/avr6/crtm2560.o
__vector_56                                       /usr/lib/gcc/avr/4.9.3/../../../../avr/lib/avr6/crtm2560.o
__vector_6                                        /usr/lib/gcc/avr/4.9.3/../../../../avr/lib/avr6/crtm2560.o
__vector_7                                        /usr/lib/gcc/avr/4.9.3/../../../../avr/lib/avr6/crtm2560.o
__vector_8                                        /usr/lib/gcc/avr/4.9.3/../../../../avr/lib/avr6/crtm2560.o
__vector_9                                        /usr/lib/gcc/avr/4.9.3/../../../../avr/lib/avr6/crtm2560.o
__vector_default                                  /usr/lib/gcc/avr/4.9.3/../../../../avr/lib/avr6/crtm2560.o
__vectors                                         /usr/lib/gcc/avr/4.9.3/../../../../avr/lib/avr6/crtm2560.o
_exit                                             /usr/lib/gcc/avr/4.9.3/avr6/libgcc.a(_exit.o)
action_main_init                                  main.o
angle_counter                                     main.o
b4                                                main.o
b5                                                main.o
b6                                                main.o
b7                                                main.o
bit_off                                           ports.o
bit_on                                            ports.o
bit_toggle                                        ports.o
cap5                                              main.o
cap5_pos_mask                                     main.o
capture                                           main.o
cha5                                              main.o
chb5                                              main.o
chc5                                              main.o
coil14_off                                        main.o
coil14_on                                         main.o
coil14off                                         main.o
coil14on                                          main.o
coil23_off                                        main.o
coil23_on                                         main.o
coil23off                                         main.o
coil23on                                          main.o
coil_act_calc                                     coil_handler.o
coil_act_cut                                      coil_handler.o
coil_act_handler                                  coil_handler.o
                                                  main.o
coil_act_insert_next                              coil_handler.o
coil_act_insert_prev                              coil_handler.o
coil_act_insertion_sort                           coil_handler.o
coil_act_sort_selected                            coil_handler.o
coil_act_sorting_insert                           coil_handler.o
                                                  main.o
coil_buffer                                       main.o
coil_call_event_once                              coil_handler.o
                                                  main.o
coil_event_set                                    coil_handler.o
current_capture                                   main.o
data                                              main.o
done                                              main.o
emu_tooth                                         main.o
exit                                              /usr/lib/gcc/avr/4.9.3/avr6/libgcc.a(_exit.o)
                                                  /usr/lib/gcc/avr/4.9.3/../../../../avr/lib/avr6/crtm2560.o
l1                                                main.o
main                                              main.o
                                                  /usr/lib/gcc/avr/4.9.3/../../../../avr/lib/avr6/crtm2560.o
ovf5                                              main.o
permit_tooth_counter                              main.o
pin_toggle                                        ports.o
port_main_init                                    main.o
port_mask                                         ports.o
root                                              main.o
strcpy                                            /usr/lib/gcc/avr/4.9.3/../../../../avr/lib/avr6/libc.a(strcpy.o)
                                                  main.o
t4ch1                                             main.o
t4ch2                                             main.o
t4ch3                                             main.o
tcnt4_mask                                        main.o
tcnt5_mask                                        main.o
tcr4                                              main.o
tcr5                                              main.o
tcs4                                              main.o
tcs5                                              main.o
test_off                                          main.o
test_on                                           main.o
timer_main_init                                   main.o
tir4                                              main.o
tir5                                              main.o
tmr16_capture_setup                               timers.o
                                                  main.o
tmr16_counter_set                                 timers.o
                                                  coil_handler.o
                                                  main.o
tmr16_event_call                                  timers.o
                                                  coil_handler.o
                                                  main.o
tmr16_event_set                                   timers.o
                                                  coil_handler.o
                                                  main.o
tmr16_int_disable                                 timers.o
                                                  coil_handler.o
                                                  main.o
tmr16_int_enable                                  timers.o
                                                  coil_handler.o
                                                  main.o
tmr16_read_cr                                     timers.o
                                                  main.o
tmr16_reset_cs                                    timers.o
tmr16_set_cs                                      timers.o
                                                  main.o
tmr16_write_cr                                    timers.o
                                                  coil_handler.o
                                                  main.o
uart0                                             main.o
uart_baud_rate                                    usart.o
                                                  main.o
uart_character_size                               usart.o
                                                  main.o
uart_init                                         usart.o
                                                  main.o
uart_main_init                                    main.o
uart_parity_mode                                  usart.o
                                                  main.o
uart_rx                                           usart.o
uart_rx_count                                     usart.o
uart_rx_done                                      usart.o
uart_rx_handler                                   usart.o
                                                  main.o
uart_stop_bit                                     usart.o
                                                  main.o
uart_tx                                           usart.o
                                                  main.o
uart_tx_done                                      usart.o
                                                  main.o
uart_udre_handler                                 usart.o
                                                  main.o
