Archive member included to satisfy reference by file (symbol)

/usr/lib/gcc/avr/4.9.3/avr6/libgcc.a(_muluhisi3.o)
                              timer.o (__muluhisi3)
/usr/lib/gcc/avr/4.9.3/avr6/libgcc.a(_mulsi3.o)
                              timer.o (__mulsi3)
/usr/lib/gcc/avr/4.9.3/avr6/libgcc.a(_udivmodhi4.o)
                              timer.o (__udivmodhi4)
/usr/lib/gcc/avr/4.9.3/avr6/libgcc.a(_divmodhi4.o)
                              timer.o (__divmodhi4)
/usr/lib/gcc/avr/4.9.3/avr6/libgcc.a(_divmodsi4.o)
                              timer.o (__divmodsi4)
/usr/lib/gcc/avr/4.9.3/avr6/libgcc.a(_negsi2.o)
                              /usr/lib/gcc/avr/4.9.3/avr6/libgcc.a(_divmodsi4.o) (__negsi2)
/usr/lib/gcc/avr/4.9.3/avr6/libgcc.a(_exit.o)
                              /usr/lib/gcc/avr/4.9.3/../../../../avr/lib/avr6/crtm2560.o (exit)
/usr/lib/gcc/avr/4.9.3/avr6/libgcc.a(_copy_data.o)
                              timer.o (__do_copy_data)
/usr/lib/gcc/avr/4.9.3/avr6/libgcc.a(_clear_bss.o)
                              timer.o (__do_clear_bss)
/usr/lib/gcc/avr/4.9.3/avr6/libgcc.a(_umulhisi3.o)
                              /usr/lib/gcc/avr/4.9.3/avr6/libgcc.a(_muluhisi3.o) (__umulhisi3)
/usr/lib/gcc/avr/4.9.3/avr6/libgcc.a(_udivmodsi4.o)
                              /usr/lib/gcc/avr/4.9.3/avr6/libgcc.a(_divmodsi4.o) (__udivmodsi4)
/usr/lib/gcc/avr/4.9.3/../../../../avr/lib/avr6/libc.a(sprintf.o)
                              timer.o (sprintf)
/usr/lib/gcc/avr/4.9.3/../../../../avr/lib/avr6/libc.a(vfprintf_std.o)
                              /usr/lib/gcc/avr/4.9.3/../../../../avr/lib/avr6/libc.a(sprintf.o) (vfprintf)
/usr/lib/gcc/avr/4.9.3/../../../../avr/lib/avr6/libc.a(strnlen_P.o)
                              /usr/lib/gcc/avr/4.9.3/../../../../avr/lib/avr6/libc.a(vfprintf_std.o) (strnlen_P)
/usr/lib/gcc/avr/4.9.3/../../../../avr/lib/avr6/libc.a(strnlen.o)
                              /usr/lib/gcc/avr/4.9.3/../../../../avr/lib/avr6/libc.a(vfprintf_std.o) (strnlen)
/usr/lib/gcc/avr/4.9.3/../../../../avr/lib/avr6/libc.a(fputc.o)
                              /usr/lib/gcc/avr/4.9.3/../../../../avr/lib/avr6/libc.a(vfprintf_std.o) (fputc)
/usr/lib/gcc/avr/4.9.3/../../../../avr/lib/avr6/libc.a(ultoa_invert.o)
                              /usr/lib/gcc/avr/4.9.3/../../../../avr/lib/avr6/libc.a(vfprintf_std.o) (__ultoa_invert)

Allocating common symbols
Common symbol       size              file

data                0x1e              timer.o
coil_state          0x2               timer.o

Discarded input sections

 .data          0x0000000000000000        0x0 /usr/lib/gcc/avr/4.9.3/../../../../avr/lib/avr6/crtm2560.o
 .bss           0x0000000000000000        0x0 /usr/lib/gcc/avr/4.9.3/../../../../avr/lib/avr6/crtm2560.o
 .text          0x0000000000000000        0x0 timers.o
 .data          0x0000000000000000        0x0 timers.o
 .bss           0x0000000000000000        0x0 timers.o
 .comment       0x0000000000000000       0x2b timers.o
 .text          0x0000000000000000        0x0 timer.o
 .data          0x0000000000000000        0x0 timer.o
 .bss           0x0000000000000000        0x0 timer.o
 .text.lerp     0x0000000000000000       0x54 timer.o
 .bss.done      0x0000000000000000        0x1 timer.o
 .text          0x0000000000000000        0x0 ports.o
 .data          0x0000000000000000        0x0 ports.o
 .bss           0x0000000000000000        0x0 ports.o
 .text.bit_on   0x0000000000000000       0x16 ports.o
 .text.bit_off  0x0000000000000000       0x18 ports.o
 .text.bit_toggle
                0x0000000000000000       0x16 ports.o
 .text.pin_toggle
                0x0000000000000000       0x14 ports.o
 .text.port_mask
                0x0000000000000000       0x34 ports.o
 .comment       0x0000000000000000       0x2b ports.o
 .text          0x0000000000000000        0x0 usart.o
 .data          0x0000000000000000        0x0 usart.o
 .bss           0x0000000000000000        0x0 usart.o
 .text.uart_rx  0x0000000000000000       0x1c usart.o
 .text.uart_rx_count
                0x0000000000000000        0x6 usart.o
 .text.uart_rx_done
                0x0000000000000000        0xe usart.o
 .text          0x0000000000000000        0x0 /usr/lib/gcc/avr/4.9.3/avr6/libgcc.a(_muluhisi3.o)
 .data          0x0000000000000000        0x0 /usr/lib/gcc/avr/4.9.3/avr6/libgcc.a(_muluhisi3.o)
 .bss           0x0000000000000000        0x0 /usr/lib/gcc/avr/4.9.3/avr6/libgcc.a(_muluhisi3.o)
 .text.libgcc.div
                0x0000000000000000        0x0 /usr/lib/gcc/avr/4.9.3/avr6/libgcc.a(_muluhisi3.o)
 .text.libgcc   0x0000000000000000        0x0 /usr/lib/gcc/avr/4.9.3/avr6/libgcc.a(_muluhisi3.o)
 .text.libgcc.prologue
                0x0000000000000000        0x0 /usr/lib/gcc/avr/4.9.3/avr6/libgcc.a(_muluhisi3.o)
 .text.libgcc.builtins
                0x0000000000000000        0x0 /usr/lib/gcc/avr/4.9.3/avr6/libgcc.a(_muluhisi3.o)
 .text.libgcc.fmul
                0x0000000000000000        0x0 /usr/lib/gcc/avr/4.9.3/avr6/libgcc.a(_muluhisi3.o)
 .text.libgcc.fixed
                0x0000000000000000        0x0 /usr/lib/gcc/avr/4.9.3/avr6/libgcc.a(_muluhisi3.o)
 .text          0x0000000000000000        0x0 /usr/lib/gcc/avr/4.9.3/avr6/libgcc.a(_mulsi3.o)
 .data          0x0000000000000000        0x0 /usr/lib/gcc/avr/4.9.3/avr6/libgcc.a(_mulsi3.o)
 .bss           0x0000000000000000        0x0 /usr/lib/gcc/avr/4.9.3/avr6/libgcc.a(_mulsi3.o)
 .text.libgcc.div
                0x0000000000000000        0x0 /usr/lib/gcc/avr/4.9.3/avr6/libgcc.a(_mulsi3.o)
 .text.libgcc   0x0000000000000000        0x0 /usr/lib/gcc/avr/4.9.3/avr6/libgcc.a(_mulsi3.o)
 .text.libgcc.prologue
                0x0000000000000000        0x0 /usr/lib/gcc/avr/4.9.3/avr6/libgcc.a(_mulsi3.o)
 .text.libgcc.builtins
                0x0000000000000000        0x0 /usr/lib/gcc/avr/4.9.3/avr6/libgcc.a(_mulsi3.o)
 .text.libgcc.fmul
                0x0000000000000000        0x0 /usr/lib/gcc/avr/4.9.3/avr6/libgcc.a(_mulsi3.o)
 .text.libgcc.fixed
                0x0000000000000000        0x0 /usr/lib/gcc/avr/4.9.3/avr6/libgcc.a(_mulsi3.o)
 .text          0x0000000000000000        0x0 /usr/lib/gcc/avr/4.9.3/avr6/libgcc.a(_udivmodhi4.o)
 .data          0x0000000000000000        0x0 /usr/lib/gcc/avr/4.9.3/avr6/libgcc.a(_udivmodhi4.o)
 .bss           0x0000000000000000        0x0 /usr/lib/gcc/avr/4.9.3/avr6/libgcc.a(_udivmodhi4.o)
 .text.libgcc.mul
                0x0000000000000000        0x0 /usr/lib/gcc/avr/4.9.3/avr6/libgcc.a(_udivmodhi4.o)
 .text.libgcc   0x0000000000000000        0x0 /usr/lib/gcc/avr/4.9.3/avr6/libgcc.a(_udivmodhi4.o)
 .text.libgcc.prologue
                0x0000000000000000        0x0 /usr/lib/gcc/avr/4.9.3/avr6/libgcc.a(_udivmodhi4.o)
 .text.libgcc.builtins
                0x0000000000000000        0x0 /usr/lib/gcc/avr/4.9.3/avr6/libgcc.a(_udivmodhi4.o)
 .text.libgcc.fmul
                0x0000000000000000        0x0 /usr/lib/gcc/avr/4.9.3/avr6/libgcc.a(_udivmodhi4.o)
 .text.libgcc.fixed
                0x0000000000000000        0x0 /usr/lib/gcc/avr/4.9.3/avr6/libgcc.a(_udivmodhi4.o)
 .text          0x0000000000000000        0x0 /usr/lib/gcc/avr/4.9.3/avr6/libgcc.a(_divmodhi4.o)
 .data          0x0000000000000000        0x0 /usr/lib/gcc/avr/4.9.3/avr6/libgcc.a(_divmodhi4.o)
 .bss           0x0000000000000000        0x0 /usr/lib/gcc/avr/4.9.3/avr6/libgcc.a(_divmodhi4.o)
 .text.libgcc.mul
                0x0000000000000000        0x0 /usr/lib/gcc/avr/4.9.3/avr6/libgcc.a(_divmodhi4.o)
 .text.libgcc   0x0000000000000000        0x0 /usr/lib/gcc/avr/4.9.3/avr6/libgcc.a(_divmodhi4.o)
 .text.libgcc.prologue
                0x0000000000000000        0x0 /usr/lib/gcc/avr/4.9.3/avr6/libgcc.a(_divmodhi4.o)
 .text.libgcc.builtins
                0x0000000000000000        0x0 /usr/lib/gcc/avr/4.9.3/avr6/libgcc.a(_divmodhi4.o)
 .text.libgcc.fmul
                0x0000000000000000        0x0 /usr/lib/gcc/avr/4.9.3/avr6/libgcc.a(_divmodhi4.o)
 .text.libgcc.fixed
                0x0000000000000000        0x0 /usr/lib/gcc/avr/4.9.3/avr6/libgcc.a(_divmodhi4.o)
 .text          0x0000000000000000        0x0 /usr/lib/gcc/avr/4.9.3/avr6/libgcc.a(_divmodsi4.o)
 .data          0x0000000000000000        0x0 /usr/lib/gcc/avr/4.9.3/avr6/libgcc.a(_divmodsi4.o)
 .bss           0x0000000000000000        0x0 /usr/lib/gcc/avr/4.9.3/avr6/libgcc.a(_divmodsi4.o)
 .text.libgcc.mul
                0x0000000000000000        0x0 /usr/lib/gcc/avr/4.9.3/avr6/libgcc.a(_divmodsi4.o)
 .text.libgcc   0x0000000000000000        0x0 /usr/lib/gcc/avr/4.9.3/avr6/libgcc.a(_divmodsi4.o)
 .text.libgcc.prologue
                0x0000000000000000        0x0 /usr/lib/gcc/avr/4.9.3/avr6/libgcc.a(_divmodsi4.o)
 .text.libgcc.builtins
                0x0000000000000000        0x0 /usr/lib/gcc/avr/4.9.3/avr6/libgcc.a(_divmodsi4.o)
 .text.libgcc.fmul
                0x0000000000000000        0x0 /usr/lib/gcc/avr/4.9.3/avr6/libgcc.a(_divmodsi4.o)
 .text.libgcc.fixed
                0x0000000000000000        0x0 /usr/lib/gcc/avr/4.9.3/avr6/libgcc.a(_divmodsi4.o)
 .text          0x0000000000000000        0x0 /usr/lib/gcc/avr/4.9.3/avr6/libgcc.a(_negsi2.o)
 .data          0x0000000000000000        0x0 /usr/lib/gcc/avr/4.9.3/avr6/libgcc.a(_negsi2.o)
 .bss           0x0000000000000000        0x0 /usr/lib/gcc/avr/4.9.3/avr6/libgcc.a(_negsi2.o)
 .text.libgcc.mul
                0x0000000000000000        0x0 /usr/lib/gcc/avr/4.9.3/avr6/libgcc.a(_negsi2.o)
 .text.libgcc   0x0000000000000000        0x0 /usr/lib/gcc/avr/4.9.3/avr6/libgcc.a(_negsi2.o)
 .text.libgcc.prologue
                0x0000000000000000        0x0 /usr/lib/gcc/avr/4.9.3/avr6/libgcc.a(_negsi2.o)
 .text.libgcc.builtins
                0x0000000000000000        0x0 /usr/lib/gcc/avr/4.9.3/avr6/libgcc.a(_negsi2.o)
 .text.libgcc.fmul
                0x0000000000000000        0x0 /usr/lib/gcc/avr/4.9.3/avr6/libgcc.a(_negsi2.o)
 .text.libgcc.fixed
                0x0000000000000000        0x0 /usr/lib/gcc/avr/4.9.3/avr6/libgcc.a(_negsi2.o)
 .text          0x0000000000000000        0x0 /usr/lib/gcc/avr/4.9.3/avr6/libgcc.a(_exit.o)
 .data          0x0000000000000000        0x0 /usr/lib/gcc/avr/4.9.3/avr6/libgcc.a(_exit.o)
 .bss           0x0000000000000000        0x0 /usr/lib/gcc/avr/4.9.3/avr6/libgcc.a(_exit.o)
 .text.libgcc.mul
                0x0000000000000000        0x0 /usr/lib/gcc/avr/4.9.3/avr6/libgcc.a(_exit.o)
 .text.libgcc.div
                0x0000000000000000        0x0 /usr/lib/gcc/avr/4.9.3/avr6/libgcc.a(_exit.o)
 .text.libgcc   0x0000000000000000        0x0 /usr/lib/gcc/avr/4.9.3/avr6/libgcc.a(_exit.o)
 .text.libgcc.prologue
                0x0000000000000000        0x0 /usr/lib/gcc/avr/4.9.3/avr6/libgcc.a(_exit.o)
 .text.libgcc.builtins
                0x0000000000000000        0x0 /usr/lib/gcc/avr/4.9.3/avr6/libgcc.a(_exit.o)
 .text.libgcc.fmul
                0x0000000000000000        0x0 /usr/lib/gcc/avr/4.9.3/avr6/libgcc.a(_exit.o)
 .text.libgcc.fixed
                0x0000000000000000        0x0 /usr/lib/gcc/avr/4.9.3/avr6/libgcc.a(_exit.o)
 .text          0x0000000000000000        0x0 /usr/lib/gcc/avr/4.9.3/avr6/libgcc.a(_copy_data.o)
 .data          0x0000000000000000        0x0 /usr/lib/gcc/avr/4.9.3/avr6/libgcc.a(_copy_data.o)
 .bss           0x0000000000000000        0x0 /usr/lib/gcc/avr/4.9.3/avr6/libgcc.a(_copy_data.o)
 .text.libgcc.mul
                0x0000000000000000        0x0 /usr/lib/gcc/avr/4.9.3/avr6/libgcc.a(_copy_data.o)
 .text.libgcc.div
                0x0000000000000000        0x0 /usr/lib/gcc/avr/4.9.3/avr6/libgcc.a(_copy_data.o)
 .text.libgcc   0x0000000000000000        0x0 /usr/lib/gcc/avr/4.9.3/avr6/libgcc.a(_copy_data.o)
 .text.libgcc.prologue
                0x0000000000000000        0x0 /usr/lib/gcc/avr/4.9.3/avr6/libgcc.a(_copy_data.o)
 .text.libgcc.builtins
                0x0000000000000000        0x0 /usr/lib/gcc/avr/4.9.3/avr6/libgcc.a(_copy_data.o)
 .text.libgcc.fmul
                0x0000000000000000        0x0 /usr/lib/gcc/avr/4.9.3/avr6/libgcc.a(_copy_data.o)
 .text.libgcc.fixed
                0x0000000000000000        0x0 /usr/lib/gcc/avr/4.9.3/avr6/libgcc.a(_copy_data.o)
 .text          0x0000000000000000        0x0 /usr/lib/gcc/avr/4.9.3/avr6/libgcc.a(_clear_bss.o)
 .data          0x0000000000000000        0x0 /usr/lib/gcc/avr/4.9.3/avr6/libgcc.a(_clear_bss.o)
 .bss           0x0000000000000000        0x0 /usr/lib/gcc/avr/4.9.3/avr6/libgcc.a(_clear_bss.o)
 .text.libgcc.mul
                0x0000000000000000        0x0 /usr/lib/gcc/avr/4.9.3/avr6/libgcc.a(_clear_bss.o)
 .text.libgcc.div
                0x0000000000000000        0x0 /usr/lib/gcc/avr/4.9.3/avr6/libgcc.a(_clear_bss.o)
 .text.libgcc   0x0000000000000000        0x0 /usr/lib/gcc/avr/4.9.3/avr6/libgcc.a(_clear_bss.o)
 .text.libgcc.prologue
                0x0000000000000000        0x0 /usr/lib/gcc/avr/4.9.3/avr6/libgcc.a(_clear_bss.o)
 .text.libgcc.builtins
                0x0000000000000000        0x0 /usr/lib/gcc/avr/4.9.3/avr6/libgcc.a(_clear_bss.o)
 .text.libgcc.fmul
                0x0000000000000000        0x0 /usr/lib/gcc/avr/4.9.3/avr6/libgcc.a(_clear_bss.o)
 .text.libgcc.fixed
                0x0000000000000000        0x0 /usr/lib/gcc/avr/4.9.3/avr6/libgcc.a(_clear_bss.o)
 .text          0x0000000000000000        0x0 /usr/lib/gcc/avr/4.9.3/avr6/libgcc.a(_umulhisi3.o)
 .data          0x0000000000000000        0x0 /usr/lib/gcc/avr/4.9.3/avr6/libgcc.a(_umulhisi3.o)
 .bss           0x0000000000000000        0x0 /usr/lib/gcc/avr/4.9.3/avr6/libgcc.a(_umulhisi3.o)
 .text.libgcc.div
                0x0000000000000000        0x0 /usr/lib/gcc/avr/4.9.3/avr6/libgcc.a(_umulhisi3.o)
 .text.libgcc   0x0000000000000000        0x0 /usr/lib/gcc/avr/4.9.3/avr6/libgcc.a(_umulhisi3.o)
 .text.libgcc.prologue
                0x0000000000000000        0x0 /usr/lib/gcc/avr/4.9.3/avr6/libgcc.a(_umulhisi3.o)
 .text.libgcc.builtins
                0x0000000000000000        0x0 /usr/lib/gcc/avr/4.9.3/avr6/libgcc.a(_umulhisi3.o)
 .text.libgcc.fmul
                0x0000000000000000        0x0 /usr/lib/gcc/avr/4.9.3/avr6/libgcc.a(_umulhisi3.o)
 .text.libgcc.fixed
                0x0000000000000000        0x0 /usr/lib/gcc/avr/4.9.3/avr6/libgcc.a(_umulhisi3.o)
 .text          0x0000000000000000        0x0 /usr/lib/gcc/avr/4.9.3/avr6/libgcc.a(_udivmodsi4.o)
 .data          0x0000000000000000        0x0 /usr/lib/gcc/avr/4.9.3/avr6/libgcc.a(_udivmodsi4.o)
 .bss           0x0000000000000000        0x0 /usr/lib/gcc/avr/4.9.3/avr6/libgcc.a(_udivmodsi4.o)
 .text.libgcc.mul
                0x0000000000000000        0x0 /usr/lib/gcc/avr/4.9.3/avr6/libgcc.a(_udivmodsi4.o)
 .text.libgcc   0x0000000000000000        0x0 /usr/lib/gcc/avr/4.9.3/avr6/libgcc.a(_udivmodsi4.o)
 .text.libgcc.prologue
                0x0000000000000000        0x0 /usr/lib/gcc/avr/4.9.3/avr6/libgcc.a(_udivmodsi4.o)
 .text.libgcc.builtins
                0x0000000000000000        0x0 /usr/lib/gcc/avr/4.9.3/avr6/libgcc.a(_udivmodsi4.o)
 .text.libgcc.fmul
                0x0000000000000000        0x0 /usr/lib/gcc/avr/4.9.3/avr6/libgcc.a(_udivmodsi4.o)
 .text.libgcc.fixed
                0x0000000000000000        0x0 /usr/lib/gcc/avr/4.9.3/avr6/libgcc.a(_udivmodsi4.o)
 .text          0x0000000000000000        0x0 /usr/lib/gcc/avr/4.9.3/../../../../avr/lib/avr6/libc.a(sprintf.o)
 .data          0x0000000000000000        0x0 /usr/lib/gcc/avr/4.9.3/../../../../avr/lib/avr6/libc.a(sprintf.o)
 .bss           0x0000000000000000        0x0 /usr/lib/gcc/avr/4.9.3/../../../../avr/lib/avr6/libc.a(sprintf.o)
 .text          0x0000000000000000        0x0 /usr/lib/gcc/avr/4.9.3/../../../../avr/lib/avr6/libc.a(vfprintf_std.o)
 .data          0x0000000000000000        0x0 /usr/lib/gcc/avr/4.9.3/../../../../avr/lib/avr6/libc.a(vfprintf_std.o)
 .bss           0x0000000000000000        0x0 /usr/lib/gcc/avr/4.9.3/../../../../avr/lib/avr6/libc.a(vfprintf_std.o)
 .text          0x0000000000000000        0x0 /usr/lib/gcc/avr/4.9.3/../../../../avr/lib/avr6/libc.a(strnlen_P.o)
 .data          0x0000000000000000        0x0 /usr/lib/gcc/avr/4.9.3/../../../../avr/lib/avr6/libc.a(strnlen_P.o)
 .bss           0x0000000000000000        0x0 /usr/lib/gcc/avr/4.9.3/../../../../avr/lib/avr6/libc.a(strnlen_P.o)
 .text          0x0000000000000000        0x0 /usr/lib/gcc/avr/4.9.3/../../../../avr/lib/avr6/libc.a(strnlen.o)
 .data          0x0000000000000000        0x0 /usr/lib/gcc/avr/4.9.3/../../../../avr/lib/avr6/libc.a(strnlen.o)
 .bss           0x0000000000000000        0x0 /usr/lib/gcc/avr/4.9.3/../../../../avr/lib/avr6/libc.a(strnlen.o)
 .text          0x0000000000000000        0x0 /usr/lib/gcc/avr/4.9.3/../../../../avr/lib/avr6/libc.a(fputc.o)
 .data          0x0000000000000000        0x0 /usr/lib/gcc/avr/4.9.3/../../../../avr/lib/avr6/libc.a(fputc.o)
 .bss           0x0000000000000000        0x0 /usr/lib/gcc/avr/4.9.3/../../../../avr/lib/avr6/libc.a(fputc.o)
 .text          0x0000000000000000        0x0 /usr/lib/gcc/avr/4.9.3/../../../../avr/lib/avr6/libc.a(ultoa_invert.o)
 .data          0x0000000000000000        0x0 /usr/lib/gcc/avr/4.9.3/../../../../avr/lib/avr6/libc.a(ultoa_invert.o)
 .bss           0x0000000000000000        0x0 /usr/lib/gcc/avr/4.9.3/../../../../avr/lib/avr6/libc.a(ultoa_invert.o)

Memory Configuration

Name             Origin             Length             Attributes
text             0x0000000000000000 0x0000000000100000 xr
data             0x0000000000800200 0x000000000000fe00 rw !x
eeprom           0x0000000000810000 0x0000000000010000 rw !x
fuse             0x0000000000820000 0x0000000000000400 rw !x
lock             0x0000000000830000 0x0000000000000400 rw !x
signature        0x0000000000840000 0x0000000000000400 rw !x
*default*        0x0000000000000000 0xffffffffffffffff

Linker script and memory map

Address of section .data set to 0x800200
LOAD /usr/lib/gcc/avr/4.9.3/../../../../avr/lib/avr6/crtm2560.o
LOAD timers.o
LOAD timer.o
LOAD ports.o
LOAD usart.o
START GROUP
LOAD /usr/lib/gcc/avr/4.9.3/avr6/libgcc.a
LOAD /usr/lib/gcc/avr/4.9.3/../../../../avr/lib/avr6/libm.a
LOAD /usr/lib/gcc/avr/4.9.3/../../../../avr/lib/avr6/libc.a
END GROUP

.hash
 *(.hash)

.dynsym
 *(.dynsym)

.dynstr
 *(.dynstr)

.gnu.version
 *(.gnu.version)

.gnu.version_d
 *(.gnu.version_d)

.gnu.version_r
 *(.gnu.version_r)

.rel.init
 *(.rel.init)

.rela.init
 *(.rela.init)

.rel.text
 *(.rel.text)
 *(.rel.text.*)
 *(.rel.gnu.linkonce.t*)

.rela.text
 *(.rela.text)
 *(.rela.text.*)
 *(.rela.gnu.linkonce.t*)

.rel.fini
 *(.rel.fini)

.rela.fini
 *(.rela.fini)

.rel.rodata
 *(.rel.rodata)
 *(.rel.rodata.*)
 *(.rel.gnu.linkonce.r*)

.rela.rodata
 *(.rela.rodata)
 *(.rela.rodata.*)
 *(.rela.gnu.linkonce.r*)

.rel.data
 *(.rel.data)
 *(.rel.data.*)
 *(.rel.gnu.linkonce.d*)

.rela.data
 *(.rela.data)
 *(.rela.data.*)
 *(.rela.gnu.linkonce.d*)

.rel.ctors
 *(.rel.ctors)

.rela.ctors
 *(.rela.ctors)

.rel.dtors
 *(.rel.dtors)

.rela.dtors
 *(.rela.dtors)

.rel.got
 *(.rel.got)

.rela.got
 *(.rela.got)

.rel.bss
 *(.rel.bss)

.rela.bss
 *(.rela.bss)

.rel.plt
 *(.rel.plt)

.rela.plt
 *(.rela.plt)

.text           0x0000000000000000     0x14a6
 *(.vectors)
 .vectors       0x0000000000000000       0xe4 /usr/lib/gcc/avr/4.9.3/../../../../avr/lib/avr6/crtm2560.o
                0x0000000000000000                __vectors
                0x0000000000000000                __vector_default
 *(.vectors)
 *(.progmem.gcc*)
                0x00000000000000e4                . = ALIGN (0x2)
                0x00000000000000e4                __trampolines_start = .
 *(.trampolines)
 .trampolines   0x00000000000000e4       0x24 linker stubs
 *(.trampolines*)
                0x0000000000000108                __trampolines_end = .
 *(.progmem*)
                0x0000000000000108                . = ALIGN (0x2)
 *(.jumptables)
 *(.jumptables*)
 *(.lowtext)
 *(.lowtext*)
                0x0000000000000108                __ctors_start = .
 *(.ctors)
                0x0000000000000108                __ctors_end = .
                0x0000000000000108                __dtors_start = .
 *(.dtors)
                0x0000000000000108                __dtors_end = .
 SORT(*)(.ctors)
 SORT(*)(.dtors)
 *(.init0)
 .init0         0x0000000000000108        0x0 /usr/lib/gcc/avr/4.9.3/../../../../avr/lib/avr6/crtm2560.o
                0x0000000000000108                __init
 *(.init0)
 *(.init1)
 *(.init1)
 *(.init2)
 .init2         0x0000000000000108       0x10 /usr/lib/gcc/avr/4.9.3/../../../../avr/lib/avr6/crtm2560.o
 *(.init2)
 *(.init3)
 *(.init3)
 *(.init4)
 .init4         0x0000000000000118       0x1a /usr/lib/gcc/avr/4.9.3/avr6/libgcc.a(_copy_data.o)
                0x0000000000000118                __do_copy_data
 .init4         0x0000000000000132       0x10 /usr/lib/gcc/avr/4.9.3/avr6/libgcc.a(_clear_bss.o)
                0x0000000000000132                __do_clear_bss
 *(.init4)
 *(.init5)
 *(.init5)
 *(.init6)
 *(.init6)
 *(.init7)
 *(.init7)
 *(.init8)
 *(.init8)
 *(.init9)
 .init9         0x0000000000000142        0x8 /usr/lib/gcc/avr/4.9.3/../../../../avr/lib/avr6/crtm2560.o
 *(.init9)
 *(.text)
 .text          0x000000000000014a        0x4 /usr/lib/gcc/avr/4.9.3/../../../../avr/lib/avr6/crtm2560.o
                0x000000000000014a                __vector_38
                0x000000000000014a                __vector_22
                0x000000000000014a                __vector_28
                0x000000000000014a                __vector_1
                0x000000000000014a                __vector_32
                0x000000000000014a                __vector_34
                0x000000000000014a                __vector_24
                0x000000000000014a                __vector_12
                0x000000000000014a                __vector_55
                0x000000000000014a                __bad_interrupt
                0x000000000000014a                __vector_6
                0x000000000000014a                __vector_31
                0x000000000000014a                __vector_35
                0x000000000000014a                __vector_39
                0x000000000000014a                __vector_3
                0x000000000000014a                __vector_23
                0x000000000000014a                __vector_30
                0x000000000000014a                __vector_45
                0x000000000000014a                __vector_11
                0x000000000000014a                __vector_54
                0x000000000000014a                __vector_13
                0x000000000000014a                __vector_17
                0x000000000000014a                __vector_19
                0x000000000000014a                __vector_56
                0x000000000000014a                __vector_7
                0x000000000000014a                __vector_41
                0x000000000000014a                __vector_27
                0x000000000000014a                __vector_5
                0x000000000000014a                __vector_33
                0x000000000000014a                __vector_52
                0x000000000000014a                __vector_37
                0x000000000000014a                __vector_4
                0x000000000000014a                __vector_51
                0x000000000000014a                __vector_9
                0x000000000000014a                __vector_2
                0x000000000000014a                __vector_21
                0x000000000000014a                __vector_15
                0x000000000000014a                __vector_36
                0x000000000000014a                __vector_29
                0x000000000000014a                __vector_40
                0x000000000000014a                __vector_8
                0x000000000000014a                __vector_14
                0x000000000000014a                __vector_53
                0x000000000000014a                __vector_10
                0x000000000000014a                __vector_16
                0x000000000000014a                __vector_18
                0x000000000000014a                __vector_20
                0x000000000000014e                . = ALIGN (0x2)
 *(.text.*)
 .text.test_on  0x000000000000014e       0x16 timer.o
 .text.coil14on
                0x0000000000000164       0x16 timer.o
 .text.coil14off
                0x000000000000017a       0x18 timer.o
 .text.coil23on
                0x0000000000000192       0x16 timer.o
 .text.coil23off
                0x00000000000001a8       0x18 timer.o
 .text.mark_handler
                0x00000000000001c0       0x12 timer.o
 .text.stop_handler
                0x00000000000001d2       0x10 timer.o
 .text.tmr16_int_enable
                0x00000000000001e2       0x34 timer.o
 .text.tmr16_int_disable
                0x0000000000000216       0x22 timer.o
 .text.tmr16_event_call.isra.3
                0x0000000000000238        0xa timer.o
 .text.main_handler
                0x0000000000000242       0xda timer.o
 .text.tooth_59_handler
                0x000000000000031c       0x1e timer.o
 .text.tooth_60_handler
                0x000000000000033a       0x44 timer.o
 .text.capture_handler
                0x000000000000037e       0xd2 timer.o
 .text.__vector_26
                0x0000000000000450       0x54 timer.o
                0x0000000000000450                __vector_26
 .text.__vector_25
                0x00000000000004a4       0x54 timer.o
                0x00000000000004a4                __vector_25
 .text.__vector_42
                0x00000000000004f8       0x6a timer.o
                0x00000000000004f8                __vector_42
 .text.__vector_43
                0x0000000000000562       0x6c timer.o
                0x0000000000000562                __vector_43
 .text.__vector_44
                0x00000000000005ce       0x6c timer.o
                0x00000000000005ce                __vector_44
 .text.__vector_46
                0x000000000000063a       0x58 timer.o
                0x000000000000063a                __vector_46
 .text.__vector_47
                0x0000000000000692       0x60 timer.o
                0x0000000000000692                __vector_47
 .text.__vector_48
                0x00000000000006f2       0x60 timer.o
                0x00000000000006f2                __vector_48
 .text.__vector_49
                0x0000000000000752       0x60 timer.o
                0x0000000000000752                __vector_49
 .text.__vector_50
                0x00000000000007b2       0x58 timer.o
                0x00000000000007b2                __vector_50
 .text.bilerp   0x000000000000080a       0xf2 timer.o
                0x000000000000080a                bilerp
 .text.bilerp_map
                0x00000000000008fc       0x90 timer.o
                0x00000000000008fc                bilerp_map
 .text.startup.main
                0x000000000000098c      0x2fc timer.o
                0x000000000000098c                main
 .text.uart_init
                0x0000000000000c88       0x12 usart.o
                0x0000000000000c88                uart_init
 .text.uart_baud_rate
                0x0000000000000c9a       0x18 usart.o
                0x0000000000000c9a                uart_baud_rate
 .text.uart_character_size
                0x0000000000000cb2       0x48 usart.o
                0x0000000000000cb2                uart_character_size
 .text.uart_parity_mode
                0x0000000000000cfa       0x28 usart.o
                0x0000000000000cfa                uart_parity_mode
 .text.uart_stop_bit
                0x0000000000000d22       0x1a usart.o
                0x0000000000000d22                uart_stop_bit
 .text.uart_tx  0x0000000000000d3c       0x1c usart.o
                0x0000000000000d3c                uart_tx
 .text.uart_udre_handler
                0x0000000000000d58       0x38 usart.o
                0x0000000000000d58                uart_udre_handler
 .text.uart_rx_handler
                0x0000000000000d90       0x30 usart.o
                0x0000000000000d90                uart_rx_handler
 .text.uart_tx_done
                0x0000000000000dc0        0xe usart.o
                0x0000000000000dc0                uart_tx_done
 .text.libgcc.mul
                0x0000000000000dce       0x16 /usr/lib/gcc/avr/4.9.3/avr6/libgcc.a(_muluhisi3.o)
                0x0000000000000dce                __muluhisi3
 .text.libgcc.mul
                0x0000000000000de4       0x20 /usr/lib/gcc/avr/4.9.3/avr6/libgcc.a(_mulsi3.o)
                0x0000000000000de4                __mulsi3
 .text.libgcc.div
                0x0000000000000e04       0x28 /usr/lib/gcc/avr/4.9.3/avr6/libgcc.a(_udivmodhi4.o)
                0x0000000000000e04                __udivmodhi4
 .text.libgcc.div
                0x0000000000000e2c       0x28 /usr/lib/gcc/avr/4.9.3/avr6/libgcc.a(_divmodhi4.o)
                0x0000000000000e2c                __divmodhi4
                0x0000000000000e2c                _div
 .text.libgcc.div
                0x0000000000000e54       0x2e /usr/lib/gcc/avr/4.9.3/avr6/libgcc.a(_divmodsi4.o)
                0x0000000000000e54                __divmodsi4
 .text.libgcc.div
                0x0000000000000e82       0x10 /usr/lib/gcc/avr/4.9.3/avr6/libgcc.a(_negsi2.o)
                0x0000000000000e82                __negsi2
 .text.libgcc.mul
                0x0000000000000e92       0x1e /usr/lib/gcc/avr/4.9.3/avr6/libgcc.a(_umulhisi3.o)
                0x0000000000000e92                __umulhisi3
 .text.libgcc.div
                0x0000000000000eb0       0x44 /usr/lib/gcc/avr/4.9.3/avr6/libgcc.a(_udivmodsi4.o)
                0x0000000000000eb0                __udivmodsi4
 .text.avr-libc
                0x0000000000000ef4       0x60 /usr/lib/gcc/avr/4.9.3/../../../../avr/lib/avr6/libc.a(sprintf.o)
                0x0000000000000ef4                sprintf
 .text.avr-libc
                0x0000000000000f54      0x3f6 /usr/lib/gcc/avr/4.9.3/../../../../avr/lib/avr6/libc.a(vfprintf_std.o)
                0x0000000000000f54                vfprintf
 .text.avr-libc
                0x000000000000134a       0x16 /usr/lib/gcc/avr/4.9.3/../../../../avr/lib/avr6/libc.a(strnlen_P.o)
                0x000000000000134a                strnlen_P
 .text.avr-libc
                0x0000000000001360       0x16 /usr/lib/gcc/avr/4.9.3/../../../../avr/lib/avr6/libc.a(strnlen.o)
                0x0000000000001360                strnlen
 .text.avr-libc
                0x0000000000001376       0x70 /usr/lib/gcc/avr/4.9.3/../../../../avr/lib/avr6/libc.a(fputc.o)
                0x0000000000001376                fputc
 .text.avr-libc
                0x00000000000013e6       0xbc /usr/lib/gcc/avr/4.9.3/../../../../avr/lib/avr6/libc.a(ultoa_invert.o)
                0x00000000000013e6                __ultoa_invert
                0x00000000000014a2                . = ALIGN (0x2)
 *(.fini9)
 .fini9         0x00000000000014a2        0x0 /usr/lib/gcc/avr/4.9.3/avr6/libgcc.a(_exit.o)
                0x00000000000014a2                exit
                0x00000000000014a2                _exit
 *(.fini9)
 *(.fini8)
 *(.fini8)
 *(.fini7)
 *(.fini7)
 *(.fini6)
 *(.fini6)
 *(.fini5)
 *(.fini5)
 *(.fini4)
 *(.fini4)
 *(.fini3)
 *(.fini3)
 *(.fini2)
 *(.fini2)
 *(.fini1)
 *(.fini1)
 *(.fini0)
 .fini0         0x00000000000014a2        0x4 /usr/lib/gcc/avr/4.9.3/avr6/libgcc.a(_exit.o)
 *(.fini0)
                0x00000000000014a6                _etext = .

.data           0x0000000000800200      0x71e load address 0x00000000000014a6
                0x0000000000800200                PROVIDE (__data_start, .)
 *(.data)
 *(.data*)
 .data.lerp_map
                0x0000000000800200      0x640 timer.o
                0x0000000000800200                lerp_map
 .data.coil23_off
                0x0000000000800840        0xc timer.o
                0x0000000000800840                coil23_off
 .data.coil23_on
                0x000000000080084c        0xc timer.o
                0x000000000080084c                coil23_on
 .data.coil14_off
                0x0000000000800858        0xc timer.o
                0x0000000000800858                coil14_off
 .data.coil14_on
                0x0000000000800864        0xc timer.o
                0x0000000000800864                coil14_on
 .data.cap5_pos_mask
                0x0000000000800870        0x3 timer.o
                0x0000000000800870                cap5_pos_mask
 .data.tcnt5_mask
                0x0000000000800873        0x3 timer.o
                0x0000000000800873                tcnt5_mask
 .data.tcs5     0x0000000000800876        0x3 timer.o
                0x0000000000800876                tcs5
 .data.tcr5     0x0000000000800879        0x8 timer.o
                0x0000000000800879                tcr5
 .data.ovf5     0x0000000000800881        0x8 timer.o
                0x0000000000800881                ovf5
 .data.chc5     0x0000000000800889        0x8 timer.o
                0x0000000000800889                chc5
 .data.chb5     0x0000000000800891        0x8 timer.o
                0x0000000000800891                chb5
 .data.cha5     0x0000000000800899        0x8 timer.o
                0x0000000000800899                cha5
 .data.cap5     0x00000000008008a1        0x8 timer.o
                0x00000000008008a1                cap5
 .data.tir5     0x00000000008008a9        0x4 timer.o
                0x00000000008008a9                tir5
 .data.tcnt4_mask
                0x00000000008008ad        0x3 timer.o
                0x00000000008008ad                tcnt4_mask
 .data.tcs4     0x00000000008008b0        0x3 timer.o
                0x00000000008008b0                tcs4
 .data.tcr4     0x00000000008008b3        0x8 timer.o
                0x00000000008008b3                tcr4
 .data.ch4      0x00000000008008bb       0x18 timer.o
                0x00000000008008bb                ch4
 .data.tir4     0x00000000008008d3        0x4 timer.o
                0x00000000008008d3                tir4
 .data.l1       0x00000000008008d7        0x8 timer.o
                0x00000000008008d7                l1
 .data.b7       0x00000000008008df        0x8 timer.o
                0x00000000008008df                b7
 .data.b6       0x00000000008008e7        0x8 timer.o
                0x00000000008008e7                b6
 .data.b5       0x00000000008008ef        0x8 timer.o
                0x00000000008008ef                b5
 .data.b4       0x00000000008008f7        0x8 timer.o
                0x00000000008008f7                b4
 .data.uart0    0x00000000008008ff       0x14 timer.o
                0x00000000008008ff                uart0
 *(.rodata)
 *(.rodata*)
 .rodata.str1.1
                0x0000000000800913        0xb timer.o
 *(.gnu.linkonce.d*)
                0x000000000080091e                . = ALIGN (0x2)
                0x000000000080091e                _edata = .
                0x000000000080091e                PROVIDE (__data_end, .)

.bss            0x000000000080091e       0x26
                0x000000000080091e                PROVIDE (__bss_start, .)
 *(.bss)
 *(.bss*)
 .bss.tooth_counter_flag
                0x000000000080091e        0x1 timer.o
                0x000000000080091e                tooth_counter_flag
 .bss.angle_counter
                0x000000000080091f        0x2 timer.o
                0x000000000080091f                angle_counter
 .bss.capture   0x0000000000800921        0x2 timer.o
                0x0000000000800921                capture
 .bss.emu_tooth
                0x0000000000800923        0x1 timer.o
                0x0000000000800923                emu_tooth
 *(COMMON)
 COMMON         0x0000000000800924       0x20 timer.o
                0x0000000000800924                data
                0x0000000000800942                coil_state
                0x0000000000800944                PROVIDE (__bss_end, .)
                0x00000000000014a6                __data_load_start = LOADADDR (.data)
                0x0000000000001bc4                __data_load_end = (__data_load_start + SIZEOF (.data))

.noinit         0x0000000000800944        0x0
                0x0000000000800944                PROVIDE (__noinit_start, .)
 *(.noinit*)
                0x0000000000800944                PROVIDE (__noinit_end, .)
                0x0000000000800944                _end = .
                0x0000000000800944                PROVIDE (__heap_start, .)

.eeprom         0x0000000000810000        0x0
 *(.eeprom*)
                0x0000000000810000                __eeprom_end = .

.fuse
 *(.fuse)
 *(.lfuse)
 *(.hfuse)
 *(.efuse)

.lock
 *(.lock*)

.signature
 *(.signature*)

.stab
 *(.stab)

.stabstr
 *(.stabstr)

.stab.excl
 *(.stab.excl)

.stab.exclstr
 *(.stab.exclstr)

.stab.index
 *(.stab.index)

.stab.indexstr
 *(.stab.indexstr)

.comment        0x0000000000000000       0x54
 *(.comment)
 .comment       0x0000000000000000       0x2a timer.o
                                         0x2b (size before relaxing)
 .comment       0x000000000000002a       0x2b usart.o
 .comment       0x000000000000002a       0x2a /usr/lib/gcc/avr/4.9.3/../../../../avr/lib/avr6/libc.a(sprintf.o)
                                         0x2b (size before relaxing)
 .comment       0x0000000000000054       0x2b /usr/lib/gcc/avr/4.9.3/../../../../avr/lib/avr6/libc.a(vfprintf_std.o)
 .comment       0x0000000000000054       0x2b /usr/lib/gcc/avr/4.9.3/../../../../avr/lib/avr6/libc.a(fputc.o)

.note.gnu.build-id
 *(.note.gnu.build-id)

.debug
 *(.debug)

.line
 *(.line)

.debug_srcinfo
 *(.debug_srcinfo)

.debug_sfnames
 *(.debug_sfnames)

.debug_aranges
 *(.debug_aranges)

.debug_pubnames
 *(.debug_pubnames)

.debug_info
 *(.debug_info .gnu.linkonce.wi.*)

.debug_abbrev
 *(.debug_abbrev)

.debug_line
 *(.debug_line .debug_line.* .debug_line_end)

.debug_frame
 *(.debug_frame)

.debug_str
 *(.debug_str)

.debug_loc
 *(.debug_loc)

.debug_macinfo
 *(.debug_macinfo)

.debug_weaknames
 *(.debug_weaknames)

.debug_funcnames
 *(.debug_funcnames)

.debug_typenames
 *(.debug_typenames)

.debug_varnames
 *(.debug_varnames)

.debug_pubtypes
 *(.debug_pubtypes)

.debug_ranges
 *(.debug_ranges)

.debug_macro
 *(.debug_macro)
OUTPUT(main elf32-avr)
LOAD linker stubs

Cross Reference Table

Symbol                                            File
__bad_interrupt                                   /usr/lib/gcc/avr/4.9.3/../../../../avr/lib/avr6/crtm2560.o
__bss_end                                         /usr/lib/gcc/avr/4.9.3/avr6/libgcc.a(_clear_bss.o)
__bss_start                                       /usr/lib/gcc/avr/4.9.3/avr6/libgcc.a(_clear_bss.o)
__data_end                                        /usr/lib/gcc/avr/4.9.3/avr6/libgcc.a(_copy_data.o)
__data_load_start                                 /usr/lib/gcc/avr/4.9.3/avr6/libgcc.a(_copy_data.o)
__data_start                                      /usr/lib/gcc/avr/4.9.3/avr6/libgcc.a(_copy_data.o)
__divmodhi4                                       /usr/lib/gcc/avr/4.9.3/avr6/libgcc.a(_divmodhi4.o)
                                                  timer.o
__divmodsi4                                       /usr/lib/gcc/avr/4.9.3/avr6/libgcc.a(_divmodsi4.o)
                                                  timer.o
__do_clear_bss                                    /usr/lib/gcc/avr/4.9.3/avr6/libgcc.a(_clear_bss.o)
                                                  timer.o
__do_copy_data                                    /usr/lib/gcc/avr/4.9.3/avr6/libgcc.a(_copy_data.o)
                                                  timer.o
__heap_end                                        /usr/lib/gcc/avr/4.9.3/../../../../avr/lib/avr6/crtm2560.o
__init                                            /usr/lib/gcc/avr/4.9.3/../../../../avr/lib/avr6/crtm2560.o
__mulsi3                                          /usr/lib/gcc/avr/4.9.3/avr6/libgcc.a(_mulsi3.o)
                                                  timer.o
__muluhisi3                                       /usr/lib/gcc/avr/4.9.3/avr6/libgcc.a(_muluhisi3.o)
                                                  /usr/lib/gcc/avr/4.9.3/avr6/libgcc.a(_mulsi3.o)
                                                  timer.o
__negsi2                                          /usr/lib/gcc/avr/4.9.3/avr6/libgcc.a(_negsi2.o)
                                                  /usr/lib/gcc/avr/4.9.3/avr6/libgcc.a(_divmodsi4.o)
__stack                                           /usr/lib/gcc/avr/4.9.3/../../../../avr/lib/avr6/crtm2560.o
__udivmodhi4                                      /usr/lib/gcc/avr/4.9.3/avr6/libgcc.a(_udivmodhi4.o)
                                                  /usr/lib/gcc/avr/4.9.3/avr6/libgcc.a(_divmodhi4.o)
                                                  timer.o
__udivmodsi4                                      /usr/lib/gcc/avr/4.9.3/avr6/libgcc.a(_udivmodsi4.o)
                                                  /usr/lib/gcc/avr/4.9.3/avr6/libgcc.a(_divmodsi4.o)
__ultoa_invert                                    /usr/lib/gcc/avr/4.9.3/../../../../avr/lib/avr6/libc.a(ultoa_invert.o)
                                                  /usr/lib/gcc/avr/4.9.3/../../../../avr/lib/avr6/libc.a(vfprintf_std.o)
__umulhisi3                                       /usr/lib/gcc/avr/4.9.3/avr6/libgcc.a(_umulhisi3.o)
                                                  /usr/lib/gcc/avr/4.9.3/avr6/libgcc.a(_muluhisi3.o)
__vector_1                                        /usr/lib/gcc/avr/4.9.3/../../../../avr/lib/avr6/crtm2560.o
__vector_10                                       /usr/lib/gcc/avr/4.9.3/../../../../avr/lib/avr6/crtm2560.o
__vector_11                                       /usr/lib/gcc/avr/4.9.3/../../../../avr/lib/avr6/crtm2560.o
__vector_12                                       /usr/lib/gcc/avr/4.9.3/../../../../avr/lib/avr6/crtm2560.o
__vector_13                                       /usr/lib/gcc/avr/4.9.3/../../../../avr/lib/avr6/crtm2560.o
__vector_14                                       /usr/lib/gcc/avr/4.9.3/../../../../avr/lib/avr6/crtm2560.o
__vector_15                                       /usr/lib/gcc/avr/4.9.3/../../../../avr/lib/avr6/crtm2560.o
__vector_16                                       /usr/lib/gcc/avr/4.9.3/../../../../avr/lib/avr6/crtm2560.o
__vector_17                                       /usr/lib/gcc/avr/4.9.3/../../../../avr/lib/avr6/crtm2560.o
__vector_18                                       /usr/lib/gcc/avr/4.9.3/../../../../avr/lib/avr6/crtm2560.o
__vector_19                                       /usr/lib/gcc/avr/4.9.3/../../../../avr/lib/avr6/crtm2560.o
__vector_2                                        /usr/lib/gcc/avr/4.9.3/../../../../avr/lib/avr6/crtm2560.o
__vector_20                                       /usr/lib/gcc/avr/4.9.3/../../../../avr/lib/avr6/crtm2560.o
__vector_21                                       /usr/lib/gcc/avr/4.9.3/../../../../avr/lib/avr6/crtm2560.o
__vector_22                                       /usr/lib/gcc/avr/4.9.3/../../../../avr/lib/avr6/crtm2560.o
__vector_23                                       /usr/lib/gcc/avr/4.9.3/../../../../avr/lib/avr6/crtm2560.o
__vector_24                                       /usr/lib/gcc/avr/4.9.3/../../../../avr/lib/avr6/crtm2560.o
__vector_25                                       timer.o
                                                  /usr/lib/gcc/avr/4.9.3/../../../../avr/lib/avr6/crtm2560.o
__vector_26                                       timer.o
                                                  /usr/lib/gcc/avr/4.9.3/../../../../avr/lib/avr6/crtm2560.o
__vector_27                                       /usr/lib/gcc/avr/4.9.3/../../../../avr/lib/avr6/crtm2560.o
__vector_28                                       /usr/lib/gcc/avr/4.9.3/../../../../avr/lib/avr6/crtm2560.o
__vector_29                                       /usr/lib/gcc/avr/4.9.3/../../../../avr/lib/avr6/crtm2560.o
__vector_3                                        /usr/lib/gcc/avr/4.9.3/../../../../avr/lib/avr6/crtm2560.o
__vector_30                                       /usr/lib/gcc/avr/4.9.3/../../../../avr/lib/avr6/crtm2560.o
__vector_31                                       /usr/lib/gcc/avr/4.9.3/../../../../avr/lib/avr6/crtm2560.o
__vector_32                                       /usr/lib/gcc/avr/4.9.3/../../../../avr/lib/avr6/crtm2560.o
__vector_33                                       /usr/lib/gcc/avr/4.9.3/../../../../avr/lib/avr6/crtm2560.o
__vector_34                                       /usr/lib/gcc/avr/4.9.3/../../../../avr/lib/avr6/crtm2560.o
__vector_35                                       /usr/lib/gcc/avr/4.9.3/../../../../avr/lib/avr6/crtm2560.o
__vector_36                                       /usr/lib/gcc/avr/4.9.3/../../../../avr/lib/avr6/crtm2560.o
__vector_37                                       /usr/lib/gcc/avr/4.9.3/../../../../avr/lib/avr6/crtm2560.o
__vector_38                                       /usr/lib/gcc/avr/4.9.3/../../../../avr/lib/avr6/crtm2560.o
__vector_39                                       /usr/lib/gcc/avr/4.9.3/../../../../avr/lib/avr6/crtm2560.o
__vector_4                                        /usr/lib/gcc/avr/4.9.3/../../../../avr/lib/avr6/crtm2560.o
__vector_40                                       /usr/lib/gcc/avr/4.9.3/../../../../avr/lib/avr6/crtm2560.o
__vector_41                                       /usr/lib/gcc/avr/4.9.3/../../../../avr/lib/avr6/crtm2560.o
__vector_42                                       timer.o
                                                  /usr/lib/gcc/avr/4.9.3/../../../../avr/lib/avr6/crtm2560.o
__vector_43                                       timer.o
                                                  /usr/lib/gcc/avr/4.9.3/../../../../avr/lib/avr6/crtm2560.o
__vector_44                                       timer.o
                                                  /usr/lib/gcc/avr/4.9.3/../../../../avr/lib/avr6/crtm2560.o
__vector_45                                       /usr/lib/gcc/avr/4.9.3/../../../../avr/lib/avr6/crtm2560.o
__vector_46                                       timer.o
                                                  /usr/lib/gcc/avr/4.9.3/../../../../avr/lib/avr6/crtm2560.o
__vector_47                                       timer.o
                                                  /usr/lib/gcc/avr/4.9.3/../../../../avr/lib/avr6/crtm2560.o
__vector_48                                       timer.o
                                                  /usr/lib/gcc/avr/4.9.3/../../../../avr/lib/avr6/crtm2560.o
__vector_49                                       timer.o
                                                  /usr/lib/gcc/avr/4.9.3/../../../../avr/lib/avr6/crtm2560.o
__vector_5                                        /usr/lib/gcc/avr/4.9.3/../../../../avr/lib/avr6/crtm2560.o
__vector_50                                       timer.o
                                                  /usr/lib/gcc/avr/4.9.3/../../../../avr/lib/avr6/crtm2560.o
__vector_51                                       /usr/lib/gcc/avr/4.9.3/../../../../avr/lib/avr6/crtm2560.o
__vector_52                                       /usr/lib/gcc/avr/4.9.3/../../../../avr/lib/avr6/crtm2560.o
__vector_53                                       /usr/lib/gcc/avr/4.9.3/../../../../avr/lib/avr6/crtm2560.o
__vector_54                                       /usr/lib/gcc/avr/4.9.3/../../../../avr/lib/avr6/crtm2560.o
__vector_55                                       /usr/lib/gcc/avr/4.9.3/../../../../avr/lib/avr6/crtm2560.o
__vector_56                                       /usr/lib/gcc/avr/4.9.3/../../../../avr/lib/avr6/crtm2560.o
__vector_6                                        /usr/lib/gcc/avr/4.9.3/../../../../avr/lib/avr6/crtm2560.o
__vector_7                                        /usr/lib/gcc/avr/4.9.3/../../../../avr/lib/avr6/crtm2560.o
__vector_8                                        /usr/lib/gcc/avr/4.9.3/../../../../avr/lib/avr6/crtm2560.o
__vector_9                                        /usr/lib/gcc/avr/4.9.3/../../../../avr/lib/avr6/crtm2560.o
__vector_default                                  /usr/lib/gcc/avr/4.9.3/../../../../avr/lib/avr6/crtm2560.o
__vectors                                         /usr/lib/gcc/avr/4.9.3/../../../../avr/lib/avr6/crtm2560.o
_div                                              /usr/lib/gcc/avr/4.9.3/avr6/libgcc.a(_divmodhi4.o)
_exit                                             /usr/lib/gcc/avr/4.9.3/avr6/libgcc.a(_exit.o)
angle_counter                                     timer.o
b4                                                timer.o
b5                                                timer.o
b6                                                timer.o
b7                                                timer.o
bilerp                                            timer.o
bilerp_map                                        timer.o
bit_off                                           ports.o
bit_on                                            ports.o
bit_toggle                                        ports.o
cap5                                              timer.o
cap5_pos_mask                                     timer.o
capture                                           timer.o
ch4                                               timer.o
cha5                                              timer.o
chb5                                              timer.o
chc5                                              timer.o
coil14_off                                        timer.o
coil14_on                                         timer.o
coil23_off                                        timer.o
coil23_on                                         timer.o
coil_state                                        timer.o
data                                              timer.o
done                                              timer.o
emu_tooth                                         timer.o
exit                                              /usr/lib/gcc/avr/4.9.3/avr6/libgcc.a(_exit.o)
                                                  /usr/lib/gcc/avr/4.9.3/../../../../avr/lib/avr6/crtm2560.o
fputc                                             /usr/lib/gcc/avr/4.9.3/../../../../avr/lib/avr6/libc.a(fputc.o)
                                                  /usr/lib/gcc/avr/4.9.3/../../../../avr/lib/avr6/libc.a(vfprintf_std.o)
l1                                                timer.o
lerp                                              timer.o
lerp_map                                          timer.o
main                                              timer.o
                                                  /usr/lib/gcc/avr/4.9.3/../../../../avr/lib/avr6/crtm2560.o
ovf5                                              timer.o
pin_toggle                                        ports.o
port_mask                                         ports.o
sprintf                                           /usr/lib/gcc/avr/4.9.3/../../../../avr/lib/avr6/libc.a(sprintf.o)
                                                  timer.o
strnlen                                           /usr/lib/gcc/avr/4.9.3/../../../../avr/lib/avr6/libc.a(strnlen.o)
                                                  /usr/lib/gcc/avr/4.9.3/../../../../avr/lib/avr6/libc.a(vfprintf_std.o)
strnlen_P                                         /usr/lib/gcc/avr/4.9.3/../../../../avr/lib/avr6/libc.a(strnlen_P.o)
                                                  /usr/lib/gcc/avr/4.9.3/../../../../avr/lib/avr6/libc.a(vfprintf_std.o)
tcnt4_mask                                        timer.o
tcnt5_mask                                        timer.o
tcr4                                              timer.o
tcr5                                              timer.o
tcs4                                              timer.o
tcs5                                              timer.o
tir4                                              timer.o
tir5                                              timer.o
tooth_counter_flag                                timer.o
uart0                                             timer.o
uart_baud_rate                                    usart.o
                                                  timer.o
uart_character_size                               usart.o
                                                  timer.o
uart_init                                         usart.o
                                                  timer.o
uart_parity_mode                                  usart.o
                                                  timer.o
uart_rx                                           usart.o
uart_rx_count                                     usart.o
uart_rx_done                                      usart.o
uart_rx_handler                                   usart.o
                                                  timer.o
uart_stop_bit                                     usart.o
                                                  timer.o
uart_tx                                           usart.o
                                                  timer.o
uart_tx_done                                      usart.o
                                                  timer.o
uart_udre_handler                                 usart.o
                                                  timer.o
vfprintf                                          /usr/lib/gcc/avr/4.9.3/../../../../avr/lib/avr6/libc.a(vfprintf_std.o)
                                                  /usr/lib/gcc/avr/4.9.3/../../../../avr/lib/avr6/libc.a(sprintf.o)
