Archive member included to satisfy reference by file (symbol)

/usr/lib/gcc/avr/4.9.3/avr6/libgcc.a(_umulhisi3.o)
                              timer.o (__umulhisi3)
/usr/lib/gcc/avr/4.9.3/avr6/libgcc.a(_divmodhi4.o)
                              timer.o (__divmodhi4)
/usr/lib/gcc/avr/4.9.3/avr6/libgcc.a(_divmodsi4.o)
                              timer.o (__divmodsi4)
/usr/lib/gcc/avr/4.9.3/avr6/libgcc.a(_negsi2.o)
                              /usr/lib/gcc/avr/4.9.3/avr6/libgcc.a(_divmodsi4.o) (__negsi2)
/usr/lib/gcc/avr/4.9.3/avr6/libgcc.a(_exit.o)
                              /usr/lib/gcc/avr/4.9.3/../../../../avr/lib/avr6/crtm2560.o (exit)
/usr/lib/gcc/avr/4.9.3/avr6/libgcc.a(_copy_data.o)
                              timer.o (__do_copy_data)
/usr/lib/gcc/avr/4.9.3/avr6/libgcc.a(_clear_bss.o)
                              timer.o (__do_clear_bss)
/usr/lib/gcc/avr/4.9.3/avr6/libgcc.a(_udivmodhi4.o)
                              /usr/lib/gcc/avr/4.9.3/avr6/libgcc.a(_divmodhi4.o) (__udivmodhi4)
/usr/lib/gcc/avr/4.9.3/avr6/libgcc.a(_udivmodsi4.o)
                              /usr/lib/gcc/avr/4.9.3/avr6/libgcc.a(_divmodsi4.o) (__udivmodsi4)

Allocating common symbols
Common symbol       size              file

ignition_map        0x640             timer.o
coil_state          0x2               timer.o

Discarded input sections

 .data          0x0000000000000000        0x0 /usr/lib/gcc/avr/4.9.3/../../../../avr/lib/avr6/crtm2560.o
 .bss           0x0000000000000000        0x0 /usr/lib/gcc/avr/4.9.3/../../../../avr/lib/avr6/crtm2560.o
 .text          0x0000000000000000        0x0 timers.o
 .data          0x0000000000000000        0x0 timers.o
 .bss           0x0000000000000000        0x0 timers.o
 .comment       0x0000000000000000       0x2b timers.o
 .text          0x0000000000000000        0x0 timer.o
 .data          0x0000000000000000        0x0 timer.o
 .bss           0x0000000000000000        0x0 timer.o
 .text.lerp     0x0000000000000000       0x1c timer.o
 .text.bilerp   0x0000000000000000       0x64 timer.o
 .text.map_init
                0x0000000000000000       0x2c timer.o
 .text          0x0000000000000000        0x0 ports.o
 .data          0x0000000000000000        0x0 ports.o
 .bss           0x0000000000000000        0x0 ports.o
 .text.bit_on   0x0000000000000000       0x16 ports.o
 .text.bit_off  0x0000000000000000       0x18 ports.o
 .text.bit_toggle
                0x0000000000000000       0x16 ports.o
 .text.pin_toggle
                0x0000000000000000       0x14 ports.o
 .text.port_mask
                0x0000000000000000       0x3c ports.o
 .comment       0x0000000000000000       0x2b ports.o
 .text          0x0000000000000000        0x0 /usr/lib/gcc/avr/4.9.3/avr6/libgcc.a(_umulhisi3.o)
 .data          0x0000000000000000        0x0 /usr/lib/gcc/avr/4.9.3/avr6/libgcc.a(_umulhisi3.o)
 .bss           0x0000000000000000        0x0 /usr/lib/gcc/avr/4.9.3/avr6/libgcc.a(_umulhisi3.o)
 .text.libgcc.div
                0x0000000000000000        0x0 /usr/lib/gcc/avr/4.9.3/avr6/libgcc.a(_umulhisi3.o)
 .text.libgcc   0x0000000000000000        0x0 /usr/lib/gcc/avr/4.9.3/avr6/libgcc.a(_umulhisi3.o)
 .text.libgcc.prologue
                0x0000000000000000        0x0 /usr/lib/gcc/avr/4.9.3/avr6/libgcc.a(_umulhisi3.o)
 .text.libgcc.builtins
                0x0000000000000000        0x0 /usr/lib/gcc/avr/4.9.3/avr6/libgcc.a(_umulhisi3.o)
 .text.libgcc.fmul
                0x0000000000000000        0x0 /usr/lib/gcc/avr/4.9.3/avr6/libgcc.a(_umulhisi3.o)
 .text.libgcc.fixed
                0x0000000000000000        0x0 /usr/lib/gcc/avr/4.9.3/avr6/libgcc.a(_umulhisi3.o)
 .text          0x0000000000000000        0x0 /usr/lib/gcc/avr/4.9.3/avr6/libgcc.a(_divmodhi4.o)
 .data          0x0000000000000000        0x0 /usr/lib/gcc/avr/4.9.3/avr6/libgcc.a(_divmodhi4.o)
 .bss           0x0000000000000000        0x0 /usr/lib/gcc/avr/4.9.3/avr6/libgcc.a(_divmodhi4.o)
 .text.libgcc.mul
                0x0000000000000000        0x0 /usr/lib/gcc/avr/4.9.3/avr6/libgcc.a(_divmodhi4.o)
 .text.libgcc   0x0000000000000000        0x0 /usr/lib/gcc/avr/4.9.3/avr6/libgcc.a(_divmodhi4.o)
 .text.libgcc.prologue
                0x0000000000000000        0x0 /usr/lib/gcc/avr/4.9.3/avr6/libgcc.a(_divmodhi4.o)
 .text.libgcc.builtins
                0x0000000000000000        0x0 /usr/lib/gcc/avr/4.9.3/avr6/libgcc.a(_divmodhi4.o)
 .text.libgcc.fmul
                0x0000000000000000        0x0 /usr/lib/gcc/avr/4.9.3/avr6/libgcc.a(_divmodhi4.o)
 .text.libgcc.fixed
                0x0000000000000000        0x0 /usr/lib/gcc/avr/4.9.3/avr6/libgcc.a(_divmodhi4.o)
 .text          0x0000000000000000        0x0 /usr/lib/gcc/avr/4.9.3/avr6/libgcc.a(_divmodsi4.o)
 .data          0x0000000000000000        0x0 /usr/lib/gcc/avr/4.9.3/avr6/libgcc.a(_divmodsi4.o)
 .bss           0x0000000000000000        0x0 /usr/lib/gcc/avr/4.9.3/avr6/libgcc.a(_divmodsi4.o)
 .text.libgcc.mul
                0x0000000000000000        0x0 /usr/lib/gcc/avr/4.9.3/avr6/libgcc.a(_divmodsi4.o)
 .text.libgcc   0x0000000000000000        0x0 /usr/lib/gcc/avr/4.9.3/avr6/libgcc.a(_divmodsi4.o)
 .text.libgcc.prologue
                0x0000000000000000        0x0 /usr/lib/gcc/avr/4.9.3/avr6/libgcc.a(_divmodsi4.o)
 .text.libgcc.builtins
                0x0000000000000000        0x0 /usr/lib/gcc/avr/4.9.3/avr6/libgcc.a(_divmodsi4.o)
 .text.libgcc.fmul
                0x0000000000000000        0x0 /usr/lib/gcc/avr/4.9.3/avr6/libgcc.a(_divmodsi4.o)
 .text.libgcc.fixed
                0x0000000000000000        0x0 /usr/lib/gcc/avr/4.9.3/avr6/libgcc.a(_divmodsi4.o)
 .text          0x0000000000000000        0x0 /usr/lib/gcc/avr/4.9.3/avr6/libgcc.a(_negsi2.o)
 .data          0x0000000000000000        0x0 /usr/lib/gcc/avr/4.9.3/avr6/libgcc.a(_negsi2.o)
 .bss           0x0000000000000000        0x0 /usr/lib/gcc/avr/4.9.3/avr6/libgcc.a(_negsi2.o)
 .text.libgcc.mul
                0x0000000000000000        0x0 /usr/lib/gcc/avr/4.9.3/avr6/libgcc.a(_negsi2.o)
 .text.libgcc   0x0000000000000000        0x0 /usr/lib/gcc/avr/4.9.3/avr6/libgcc.a(_negsi2.o)
 .text.libgcc.prologue
                0x0000000000000000        0x0 /usr/lib/gcc/avr/4.9.3/avr6/libgcc.a(_negsi2.o)
 .text.libgcc.builtins
                0x0000000000000000        0x0 /usr/lib/gcc/avr/4.9.3/avr6/libgcc.a(_negsi2.o)
 .text.libgcc.fmul
                0x0000000000000000        0x0 /usr/lib/gcc/avr/4.9.3/avr6/libgcc.a(_negsi2.o)
 .text.libgcc.fixed
                0x0000000000000000        0x0 /usr/lib/gcc/avr/4.9.3/avr6/libgcc.a(_negsi2.o)
 .text          0x0000000000000000        0x0 /usr/lib/gcc/avr/4.9.3/avr6/libgcc.a(_exit.o)
 .data          0x0000000000000000        0x0 /usr/lib/gcc/avr/4.9.3/avr6/libgcc.a(_exit.o)
 .bss           0x0000000000000000        0x0 /usr/lib/gcc/avr/4.9.3/avr6/libgcc.a(_exit.o)
 .text.libgcc.mul
                0x0000000000000000        0x0 /usr/lib/gcc/avr/4.9.3/avr6/libgcc.a(_exit.o)
 .text.libgcc.div
                0x0000000000000000        0x0 /usr/lib/gcc/avr/4.9.3/avr6/libgcc.a(_exit.o)
 .text.libgcc   0x0000000000000000        0x0 /usr/lib/gcc/avr/4.9.3/avr6/libgcc.a(_exit.o)
 .text.libgcc.prologue
                0x0000000000000000        0x0 /usr/lib/gcc/avr/4.9.3/avr6/libgcc.a(_exit.o)
 .text.libgcc.builtins
                0x0000000000000000        0x0 /usr/lib/gcc/avr/4.9.3/avr6/libgcc.a(_exit.o)
 .text.libgcc.fmul
                0x0000000000000000        0x0 /usr/lib/gcc/avr/4.9.3/avr6/libgcc.a(_exit.o)
 .text.libgcc.fixed
                0x0000000000000000        0x0 /usr/lib/gcc/avr/4.9.3/avr6/libgcc.a(_exit.o)
 .text          0x0000000000000000        0x0 /usr/lib/gcc/avr/4.9.3/avr6/libgcc.a(_copy_data.o)
 .data          0x0000000000000000        0x0 /usr/lib/gcc/avr/4.9.3/avr6/libgcc.a(_copy_data.o)
 .bss           0x0000000000000000        0x0 /usr/lib/gcc/avr/4.9.3/avr6/libgcc.a(_copy_data.o)
 .text.libgcc.mul
                0x0000000000000000        0x0 /usr/lib/gcc/avr/4.9.3/avr6/libgcc.a(_copy_data.o)
 .text.libgcc.div
                0x0000000000000000        0x0 /usr/lib/gcc/avr/4.9.3/avr6/libgcc.a(_copy_data.o)
 .text.libgcc   0x0000000000000000        0x0 /usr/lib/gcc/avr/4.9.3/avr6/libgcc.a(_copy_data.o)
 .text.libgcc.prologue
                0x0000000000000000        0x0 /usr/lib/gcc/avr/4.9.3/avr6/libgcc.a(_copy_data.o)
 .text.libgcc.builtins
                0x0000000000000000        0x0 /usr/lib/gcc/avr/4.9.3/avr6/libgcc.a(_copy_data.o)
 .text.libgcc.fmul
                0x0000000000000000        0x0 /usr/lib/gcc/avr/4.9.3/avr6/libgcc.a(_copy_data.o)
 .text.libgcc.fixed
                0x0000000000000000        0x0 /usr/lib/gcc/avr/4.9.3/avr6/libgcc.a(_copy_data.o)
 .text          0x0000000000000000        0x0 /usr/lib/gcc/avr/4.9.3/avr6/libgcc.a(_clear_bss.o)
 .data          0x0000000000000000        0x0 /usr/lib/gcc/avr/4.9.3/avr6/libgcc.a(_clear_bss.o)
 .bss           0x0000000000000000        0x0 /usr/lib/gcc/avr/4.9.3/avr6/libgcc.a(_clear_bss.o)
 .text.libgcc.mul
                0x0000000000000000        0x0 /usr/lib/gcc/avr/4.9.3/avr6/libgcc.a(_clear_bss.o)
 .text.libgcc.div
                0x0000000000000000        0x0 /usr/lib/gcc/avr/4.9.3/avr6/libgcc.a(_clear_bss.o)
 .text.libgcc   0x0000000000000000        0x0 /usr/lib/gcc/avr/4.9.3/avr6/libgcc.a(_clear_bss.o)
 .text.libgcc.prologue
                0x0000000000000000        0x0 /usr/lib/gcc/avr/4.9.3/avr6/libgcc.a(_clear_bss.o)
 .text.libgcc.builtins
                0x0000000000000000        0x0 /usr/lib/gcc/avr/4.9.3/avr6/libgcc.a(_clear_bss.o)
 .text.libgcc.fmul
                0x0000000000000000        0x0 /usr/lib/gcc/avr/4.9.3/avr6/libgcc.a(_clear_bss.o)
 .text.libgcc.fixed
                0x0000000000000000        0x0 /usr/lib/gcc/avr/4.9.3/avr6/libgcc.a(_clear_bss.o)
 .text          0x0000000000000000        0x0 /usr/lib/gcc/avr/4.9.3/avr6/libgcc.a(_udivmodhi4.o)
 .data          0x0000000000000000        0x0 /usr/lib/gcc/avr/4.9.3/avr6/libgcc.a(_udivmodhi4.o)
 .bss           0x0000000000000000        0x0 /usr/lib/gcc/avr/4.9.3/avr6/libgcc.a(_udivmodhi4.o)
 .text.libgcc.mul
                0x0000000000000000        0x0 /usr/lib/gcc/avr/4.9.3/avr6/libgcc.a(_udivmodhi4.o)
 .text.libgcc   0x0000000000000000        0x0 /usr/lib/gcc/avr/4.9.3/avr6/libgcc.a(_udivmodhi4.o)
 .text.libgcc.prologue
                0x0000000000000000        0x0 /usr/lib/gcc/avr/4.9.3/avr6/libgcc.a(_udivmodhi4.o)
 .text.libgcc.builtins
                0x0000000000000000        0x0 /usr/lib/gcc/avr/4.9.3/avr6/libgcc.a(_udivmodhi4.o)
 .text.libgcc.fmul
                0x0000000000000000        0x0 /usr/lib/gcc/avr/4.9.3/avr6/libgcc.a(_udivmodhi4.o)
 .text.libgcc.fixed
                0x0000000000000000        0x0 /usr/lib/gcc/avr/4.9.3/avr6/libgcc.a(_udivmodhi4.o)
 .text          0x0000000000000000        0x0 /usr/lib/gcc/avr/4.9.3/avr6/libgcc.a(_udivmodsi4.o)
 .data          0x0000000000000000        0x0 /usr/lib/gcc/avr/4.9.3/avr6/libgcc.a(_udivmodsi4.o)
 .bss           0x0000000000000000        0x0 /usr/lib/gcc/avr/4.9.3/avr6/libgcc.a(_udivmodsi4.o)
 .text.libgcc.mul
                0x0000000000000000        0x0 /usr/lib/gcc/avr/4.9.3/avr6/libgcc.a(_udivmodsi4.o)
 .text.libgcc   0x0000000000000000        0x0 /usr/lib/gcc/avr/4.9.3/avr6/libgcc.a(_udivmodsi4.o)
 .text.libgcc.prologue
                0x0000000000000000        0x0 /usr/lib/gcc/avr/4.9.3/avr6/libgcc.a(_udivmodsi4.o)
 .text.libgcc.builtins
                0x0000000000000000        0x0 /usr/lib/gcc/avr/4.9.3/avr6/libgcc.a(_udivmodsi4.o)
 .text.libgcc.fmul
                0x0000000000000000        0x0 /usr/lib/gcc/avr/4.9.3/avr6/libgcc.a(_udivmodsi4.o)
 .text.libgcc.fixed
                0x0000000000000000        0x0 /usr/lib/gcc/avr/4.9.3/avr6/libgcc.a(_udivmodsi4.o)

Memory Configuration

Name             Origin             Length             Attributes
text             0x0000000000000000 0x0000000000100000 xr
data             0x0000000000800200 0x000000000000fe00 rw !x
eeprom           0x0000000000810000 0x0000000000010000 rw !x
fuse             0x0000000000820000 0x0000000000000400 rw !x
lock             0x0000000000830000 0x0000000000000400 rw !x
signature        0x0000000000840000 0x0000000000000400 rw !x
*default*        0x0000000000000000 0xffffffffffffffff

Linker script and memory map

Address of section .data set to 0x800200
LOAD /usr/lib/gcc/avr/4.9.3/../../../../avr/lib/avr6/crtm2560.o
LOAD timers.o
LOAD timer.o
LOAD ports.o
START GROUP
LOAD /usr/lib/gcc/avr/4.9.3/avr6/libgcc.a
LOAD /usr/lib/gcc/avr/4.9.3/../../../../avr/lib/avr6/libm.a
LOAD /usr/lib/gcc/avr/4.9.3/../../../../avr/lib/avr6/libc.a
END GROUP

.hash
 *(.hash)

.dynsym
 *(.dynsym)

.dynstr
 *(.dynstr)

.gnu.version
 *(.gnu.version)

.gnu.version_d
 *(.gnu.version_d)

.gnu.version_r
 *(.gnu.version_r)

.rel.init
 *(.rel.init)

.rela.init
 *(.rela.init)

.rel.text
 *(.rel.text)
 *(.rel.text.*)
 *(.rel.gnu.linkonce.t*)

.rela.text
 *(.rela.text)
 *(.rela.text.*)
 *(.rela.gnu.linkonce.t*)

.rel.fini
 *(.rel.fini)

.rela.fini
 *(.rela.fini)

.rel.rodata
 *(.rel.rodata)
 *(.rel.rodata.*)
 *(.rel.gnu.linkonce.r*)

.rela.rodata
 *(.rela.rodata)
 *(.rela.rodata.*)
 *(.rela.gnu.linkonce.r*)

.rel.data
 *(.rel.data)
 *(.rel.data.*)
 *(.rel.gnu.linkonce.d*)

.rela.data
 *(.rela.data)
 *(.rela.data.*)
 *(.rela.gnu.linkonce.d*)

.rel.ctors
 *(.rel.ctors)

.rela.ctors
 *(.rela.ctors)

.rel.dtors
 *(.rel.dtors)

.rela.dtors
 *(.rela.dtors)

.rel.got
 *(.rel.got)

.rela.got
 *(.rela.got)

.rel.bss
 *(.rel.bss)

.rela.bss
 *(.rela.bss)

.rel.plt
 *(.rel.plt)

.rela.plt
 *(.rela.plt)

.text           0x0000000000000000      0xc7e
 *(.vectors)
 .vectors       0x0000000000000000       0xe4 /usr/lib/gcc/avr/4.9.3/../../../../avr/lib/avr6/crtm2560.o
                0x0000000000000000                __vectors
                0x0000000000000000                __vector_default
 *(.vectors)
 *(.progmem.gcc*)
                0x00000000000000e4                . = ALIGN (0x2)
                0x00000000000000e4                __trampolines_start = .
 *(.trampolines)
 .trampolines   0x00000000000000e4       0x24 linker stubs
 *(.trampolines*)
                0x0000000000000108                __trampolines_end = .
 *(.progmem*)
                0x0000000000000108                . = ALIGN (0x2)
 *(.jumptables)
 *(.jumptables*)
 *(.lowtext)
 *(.lowtext*)
                0x0000000000000108                __ctors_start = .
 *(.ctors)
                0x0000000000000108                __ctors_end = .
                0x0000000000000108                __dtors_start = .
 *(.dtors)
                0x0000000000000108                __dtors_end = .
 SORT(*)(.ctors)
 SORT(*)(.dtors)
 *(.init0)
 .init0         0x0000000000000108        0x0 /usr/lib/gcc/avr/4.9.3/../../../../avr/lib/avr6/crtm2560.o
                0x0000000000000108                __init
 *(.init0)
 *(.init1)
 *(.init1)
 *(.init2)
 .init2         0x0000000000000108       0x10 /usr/lib/gcc/avr/4.9.3/../../../../avr/lib/avr6/crtm2560.o
 *(.init2)
 *(.init3)
 *(.init3)
 *(.init4)
 .init4         0x0000000000000118       0x1a /usr/lib/gcc/avr/4.9.3/avr6/libgcc.a(_copy_data.o)
                0x0000000000000118                __do_copy_data
 .init4         0x0000000000000132       0x10 /usr/lib/gcc/avr/4.9.3/avr6/libgcc.a(_clear_bss.o)
                0x0000000000000132                __do_clear_bss
 *(.init4)
 *(.init5)
 *(.init5)
 *(.init6)
 *(.init6)
 *(.init7)
 *(.init7)
 *(.init8)
 *(.init8)
 *(.init9)
 .init9         0x0000000000000142        0x8 /usr/lib/gcc/avr/4.9.3/../../../../avr/lib/avr6/crtm2560.o
 *(.init9)
 *(.text)
 .text          0x000000000000014a        0x4 /usr/lib/gcc/avr/4.9.3/../../../../avr/lib/avr6/crtm2560.o
                0x000000000000014a                __vector_38
                0x000000000000014a                __vector_22
                0x000000000000014a                __vector_28
                0x000000000000014a                __vector_1
                0x000000000000014a                __vector_32
                0x000000000000014a                __vector_34
                0x000000000000014a                __vector_24
                0x000000000000014a                __vector_12
                0x000000000000014a                __vector_55
                0x000000000000014a                __bad_interrupt
                0x000000000000014a                __vector_6
                0x000000000000014a                __vector_31
                0x000000000000014a                __vector_35
                0x000000000000014a                __vector_39
                0x000000000000014a                __vector_3
                0x000000000000014a                __vector_23
                0x000000000000014a                __vector_30
                0x000000000000014a                __vector_45
                0x000000000000014a                __vector_25
                0x000000000000014a                __vector_11
                0x000000000000014a                __vector_54
                0x000000000000014a                __vector_13
                0x000000000000014a                __vector_17
                0x000000000000014a                __vector_19
                0x000000000000014a                __vector_56
                0x000000000000014a                __vector_7
                0x000000000000014a                __vector_41
                0x000000000000014a                __vector_27
                0x000000000000014a                __vector_5
                0x000000000000014a                __vector_33
                0x000000000000014a                __vector_52
                0x000000000000014a                __vector_37
                0x000000000000014a                __vector_4
                0x000000000000014a                __vector_51
                0x000000000000014a                __vector_9
                0x000000000000014a                __vector_2
                0x000000000000014a                __vector_21
                0x000000000000014a                __vector_15
                0x000000000000014a                __vector_36
                0x000000000000014a                __vector_29
                0x000000000000014a                __vector_40
                0x000000000000014a                __vector_8
                0x000000000000014a                __vector_26
                0x000000000000014a                __vector_14
                0x000000000000014a                __vector_53
                0x000000000000014a                __vector_10
                0x000000000000014a                __vector_16
                0x000000000000014a                __vector_18
                0x000000000000014a                __vector_20
                0x000000000000014e                . = ALIGN (0x2)
 *(.text.*)
 .text.coil14on
                0x000000000000014e       0x16 timer.o
 .text.coil14off
                0x0000000000000164       0x18 timer.o
 .text.coil23on
                0x000000000000017c       0x16 timer.o
 .text.coil23off
                0x0000000000000192       0x18 timer.o
 .text.mark_handler
                0x00000000000001aa       0x24 timer.o
 .text.stop_handler
                0x00000000000001ce        0xe timer.o
 .text.tmr16_int_enable.part.0
                0x00000000000001dc       0x2e timer.o
 .text.tmr16_int_disable.part.1
                0x000000000000020a       0x1c timer.o
 .text.main_handler
                0x0000000000000226      0x11c timer.o
 .text.capture_handler
                0x0000000000000342       0xda timer.o
 .text.tooth_59_handler
                0x000000000000041c        0x4 timer.o
 .text.tooth_60_handler
                0x0000000000000420       0x3c timer.o
 .text.__vector_42
                0x000000000000045c       0x72 timer.o
                0x000000000000045c                __vector_42
 .text.__vector_43
                0x00000000000004ce       0x72 timer.o
                0x00000000000004ce                __vector_43
 .text.__vector_44
                0x0000000000000540       0x72 timer.o
                0x0000000000000540                __vector_44
 .text.__vector_46
                0x00000000000005b2       0x5a timer.o
                0x00000000000005b2                __vector_46
 .text.__vector_47
                0x000000000000060c       0x6a timer.o
                0x000000000000060c                __vector_47
 .text.__vector_48
                0x0000000000000676       0x6a timer.o
                0x0000000000000676                __vector_48
 .text.__vector_49
                0x00000000000006e0       0x6a timer.o
                0x00000000000006e0                __vector_49
 .text.__vector_50
                0x000000000000074a       0x5a timer.o
                0x000000000000074a                __vector_50
 .text.bilerp_ignition_map
                0x00000000000007a4       0xe2 timer.o
                0x00000000000007a4                bilerp_ignition_map
 .text.startup.main
                0x0000000000000886      0x304 timer.o
                0x0000000000000886                main
 .text.libgcc.mul
                0x0000000000000b8a       0x1e /usr/lib/gcc/avr/4.9.3/avr6/libgcc.a(_umulhisi3.o)
                0x0000000000000b8a                __umulhisi3
 .text.libgcc.div
                0x0000000000000ba8       0x28 /usr/lib/gcc/avr/4.9.3/avr6/libgcc.a(_divmodhi4.o)
                0x0000000000000ba8                __divmodhi4
                0x0000000000000ba8                _div
 .text.libgcc.div
                0x0000000000000bd0       0x2e /usr/lib/gcc/avr/4.9.3/avr6/libgcc.a(_divmodsi4.o)
                0x0000000000000bd0                __divmodsi4
 .text.libgcc.div
                0x0000000000000bfe       0x10 /usr/lib/gcc/avr/4.9.3/avr6/libgcc.a(_negsi2.o)
                0x0000000000000bfe                __negsi2
 .text.libgcc.div
                0x0000000000000c0e       0x28 /usr/lib/gcc/avr/4.9.3/avr6/libgcc.a(_udivmodhi4.o)
                0x0000000000000c0e                __udivmodhi4
 .text.libgcc.div
                0x0000000000000c36       0x44 /usr/lib/gcc/avr/4.9.3/avr6/libgcc.a(_udivmodsi4.o)
                0x0000000000000c36                __udivmodsi4
                0x0000000000000c7a                . = ALIGN (0x2)
 *(.fini9)
 .fini9         0x0000000000000c7a        0x0 /usr/lib/gcc/avr/4.9.3/avr6/libgcc.a(_exit.o)
                0x0000000000000c7a                exit
                0x0000000000000c7a                _exit
 *(.fini9)
 *(.fini8)
 *(.fini8)
 *(.fini7)
 *(.fini7)
 *(.fini6)
 *(.fini6)
 *(.fini5)
 *(.fini5)
 *(.fini4)
 *(.fini4)
 *(.fini3)
 *(.fini3)
 *(.fini2)
 *(.fini2)
 *(.fini1)
 *(.fini1)
 *(.fini0)
 .fini0         0x0000000000000c7a        0x4 /usr/lib/gcc/avr/4.9.3/avr6/libgcc.a(_exit.o)
 *(.fini0)
                0x0000000000000c7e                _etext = .

.data           0x0000000000800200       0xc0 load address 0x0000000000000c7e
                0x0000000000800200                PROVIDE (__data_start, .)
 *(.data)
 *(.data*)
 .data.coil23_off
                0x0000000000800200        0xc timer.o
                0x0000000000800200                coil23_off
 .data.coil23_on
                0x000000000080020c        0xc timer.o
                0x000000000080020c                coil23_on
 .data.coil14_off
                0x0000000000800218        0xc timer.o
                0x0000000000800218                coil14_off
 .data.coil14_on
                0x0000000000800224        0xc timer.o
                0x0000000000800224                coil14_on
 .data.cap_pos_mask
                0x0000000000800230        0x3 timer.o
                0x0000000000800230                cap_pos_mask
 .data.tcnt5_mask
                0x0000000000800233        0x3 timer.o
                0x0000000000800233                tcnt5_mask
 .data.tcs5     0x0000000000800236        0x3 timer.o
                0x0000000000800236                tcs5
 .data.tcr5     0x0000000000800239        0x8 timer.o
                0x0000000000800239                tcr5
 .data.ovf5     0x0000000000800241        0x8 timer.o
                0x0000000000800241                ovf5
 .data.chc5     0x0000000000800249        0x8 timer.o
                0x0000000000800249                chc5
 .data.chb5     0x0000000000800251        0x8 timer.o
                0x0000000000800251                chb5
 .data.cha5     0x0000000000800259        0x8 timer.o
                0x0000000000800259                cha5
 .data.cap5     0x0000000000800261        0x8 timer.o
                0x0000000000800261                cap5
 .data.tir5     0x0000000000800269        0x4 timer.o
                0x0000000000800269                tir5
 .data.tcnt4_mask
                0x000000000080026d        0x3 timer.o
                0x000000000080026d                tcnt4_mask
 .data.tcs4     0x0000000000800270        0x3 timer.o
                0x0000000000800270                tcs4
 .data.tcr4     0x0000000000800273        0x8 timer.o
                0x0000000000800273                tcr4
 .data.chc4     0x000000000080027b        0x8 timer.o
                0x000000000080027b                chc4
 .data.chb4     0x0000000000800283        0x8 timer.o
                0x0000000000800283                chb4
 .data.cha4     0x000000000080028b        0x8 timer.o
                0x000000000080028b                cha4
 .data.tir4     0x0000000000800293        0x4 timer.o
                0x0000000000800293                tir4
 .data.l1       0x0000000000800297        0x8 timer.o
                0x0000000000800297                l1
 .data.b7       0x000000000080029f        0x8 timer.o
                0x000000000080029f                b7
 .data.b6       0x00000000008002a7        0x8 timer.o
                0x00000000008002a7                b6
 .data.b5       0x00000000008002af        0x8 timer.o
                0x00000000008002af                b5
 .data.b4       0x00000000008002b7        0x8 timer.o
                0x00000000008002b7                b4
 *(.rodata)
 *(.rodata*)
 *(.gnu.linkonce.d*)
                0x00000000008002c0                . = ALIGN (0x2)
 *fill*         0x00000000008002bf        0x1 
                0x00000000008002c0                _edata = .
                0x00000000008002c0                PROVIDE (__data_end, .)

.bss            0x00000000008002c0      0x648
                0x00000000008002c0                PROVIDE (__bss_start, .)
 *(.bss)
 *(.bss*)
 .bss.tooth_counter_flag
                0x00000000008002c0        0x1 timer.o
                0x00000000008002c0                tooth_counter_flag
 .bss.angle_counter
                0x00000000008002c1        0x2 timer.o
                0x00000000008002c1                angle_counter
 .bss.capture   0x00000000008002c3        0x2 timer.o
                0x00000000008002c3                capture
 .bss.emu_tooth
                0x00000000008002c5        0x1 timer.o
                0x00000000008002c5                emu_tooth
 *(COMMON)
 COMMON         0x00000000008002c6      0x642 timer.o
                0x00000000008002c6                ignition_map
                0x0000000000800906                coil_state
                0x0000000000800908                PROVIDE (__bss_end, .)
                0x0000000000000c7e                __data_load_start = LOADADDR (.data)
                0x0000000000000d3e                __data_load_end = (__data_load_start + SIZEOF (.data))

.noinit         0x0000000000800908        0x0
                0x0000000000800908                PROVIDE (__noinit_start, .)
 *(.noinit*)
                0x0000000000800908                PROVIDE (__noinit_end, .)
                0x0000000000800908                _end = .
                0x0000000000800908                PROVIDE (__heap_start, .)

.eeprom         0x0000000000810000        0x0
 *(.eeprom*)
                0x0000000000810000                __eeprom_end = .

.fuse
 *(.fuse)
 *(.lfuse)
 *(.hfuse)
 *(.efuse)

.lock
 *(.lock*)

.signature
 *(.signature*)

.stab
 *(.stab)

.stabstr
 *(.stabstr)

.stab.excl
 *(.stab.excl)

.stab.exclstr
 *(.stab.exclstr)

.stab.index
 *(.stab.index)

.stab.indexstr
 *(.stab.indexstr)

.comment        0x0000000000000000       0x2a
 *(.comment)
 .comment       0x0000000000000000       0x2a timer.o
                                         0x2b (size before relaxing)

.note.gnu.build-id
 *(.note.gnu.build-id)

.debug
 *(.debug)

.line
 *(.line)

.debug_srcinfo
 *(.debug_srcinfo)

.debug_sfnames
 *(.debug_sfnames)

.debug_aranges
 *(.debug_aranges)

.debug_pubnames
 *(.debug_pubnames)

.debug_info
 *(.debug_info .gnu.linkonce.wi.*)

.debug_abbrev
 *(.debug_abbrev)

.debug_line
 *(.debug_line .debug_line.* .debug_line_end)

.debug_frame
 *(.debug_frame)

.debug_str
 *(.debug_str)

.debug_loc
 *(.debug_loc)

.debug_macinfo
 *(.debug_macinfo)

.debug_weaknames
 *(.debug_weaknames)

.debug_funcnames
 *(.debug_funcnames)

.debug_typenames
 *(.debug_typenames)

.debug_varnames
 *(.debug_varnames)

.debug_pubtypes
 *(.debug_pubtypes)

.debug_ranges
 *(.debug_ranges)

.debug_macro
 *(.debug_macro)
OUTPUT(main elf32-avr)
LOAD linker stubs

Cross Reference Table

Symbol                                            File
__bad_interrupt                                   /usr/lib/gcc/avr/4.9.3/../../../../avr/lib/avr6/crtm2560.o
__bss_end                                         /usr/lib/gcc/avr/4.9.3/avr6/libgcc.a(_clear_bss.o)
__bss_start                                       /usr/lib/gcc/avr/4.9.3/avr6/libgcc.a(_clear_bss.o)
__data_end                                        /usr/lib/gcc/avr/4.9.3/avr6/libgcc.a(_copy_data.o)
__data_load_start                                 /usr/lib/gcc/avr/4.9.3/avr6/libgcc.a(_copy_data.o)
__data_start                                      /usr/lib/gcc/avr/4.9.3/avr6/libgcc.a(_copy_data.o)
__divmodhi4                                       /usr/lib/gcc/avr/4.9.3/avr6/libgcc.a(_divmodhi4.o)
                                                  timer.o
__divmodsi4                                       /usr/lib/gcc/avr/4.9.3/avr6/libgcc.a(_divmodsi4.o)
                                                  timer.o
__do_clear_bss                                    /usr/lib/gcc/avr/4.9.3/avr6/libgcc.a(_clear_bss.o)
                                                  timer.o
__do_copy_data                                    /usr/lib/gcc/avr/4.9.3/avr6/libgcc.a(_copy_data.o)
                                                  timer.o
__heap_end                                        /usr/lib/gcc/avr/4.9.3/../../../../avr/lib/avr6/crtm2560.o
__init                                            /usr/lib/gcc/avr/4.9.3/../../../../avr/lib/avr6/crtm2560.o
__negsi2                                          /usr/lib/gcc/avr/4.9.3/avr6/libgcc.a(_negsi2.o)
                                                  /usr/lib/gcc/avr/4.9.3/avr6/libgcc.a(_divmodsi4.o)
__stack                                           /usr/lib/gcc/avr/4.9.3/../../../../avr/lib/avr6/crtm2560.o
__udivmodhi4                                      /usr/lib/gcc/avr/4.9.3/avr6/libgcc.a(_udivmodhi4.o)
                                                  /usr/lib/gcc/avr/4.9.3/avr6/libgcc.a(_divmodhi4.o)
__udivmodsi4                                      /usr/lib/gcc/avr/4.9.3/avr6/libgcc.a(_udivmodsi4.o)
                                                  /usr/lib/gcc/avr/4.9.3/avr6/libgcc.a(_divmodsi4.o)
__umulhisi3                                       /usr/lib/gcc/avr/4.9.3/avr6/libgcc.a(_umulhisi3.o)
                                                  timer.o
__vector_1                                        /usr/lib/gcc/avr/4.9.3/../../../../avr/lib/avr6/crtm2560.o
__vector_10                                       /usr/lib/gcc/avr/4.9.3/../../../../avr/lib/avr6/crtm2560.o
__vector_11                                       /usr/lib/gcc/avr/4.9.3/../../../../avr/lib/avr6/crtm2560.o
__vector_12                                       /usr/lib/gcc/avr/4.9.3/../../../../avr/lib/avr6/crtm2560.o
__vector_13                                       /usr/lib/gcc/avr/4.9.3/../../../../avr/lib/avr6/crtm2560.o
__vector_14                                       /usr/lib/gcc/avr/4.9.3/../../../../avr/lib/avr6/crtm2560.o
__vector_15                                       /usr/lib/gcc/avr/4.9.3/../../../../avr/lib/avr6/crtm2560.o
__vector_16                                       /usr/lib/gcc/avr/4.9.3/../../../../avr/lib/avr6/crtm2560.o
__vector_17                                       /usr/lib/gcc/avr/4.9.3/../../../../avr/lib/avr6/crtm2560.o
__vector_18                                       /usr/lib/gcc/avr/4.9.3/../../../../avr/lib/avr6/crtm2560.o
__vector_19                                       /usr/lib/gcc/avr/4.9.3/../../../../avr/lib/avr6/crtm2560.o
__vector_2                                        /usr/lib/gcc/avr/4.9.3/../../../../avr/lib/avr6/crtm2560.o
__vector_20                                       /usr/lib/gcc/avr/4.9.3/../../../../avr/lib/avr6/crtm2560.o
__vector_21                                       /usr/lib/gcc/avr/4.9.3/../../../../avr/lib/avr6/crtm2560.o
__vector_22                                       /usr/lib/gcc/avr/4.9.3/../../../../avr/lib/avr6/crtm2560.o
__vector_23                                       /usr/lib/gcc/avr/4.9.3/../../../../avr/lib/avr6/crtm2560.o
__vector_24                                       /usr/lib/gcc/avr/4.9.3/../../../../avr/lib/avr6/crtm2560.o
__vector_25                                       /usr/lib/gcc/avr/4.9.3/../../../../avr/lib/avr6/crtm2560.o
__vector_26                                       /usr/lib/gcc/avr/4.9.3/../../../../avr/lib/avr6/crtm2560.o
__vector_27                                       /usr/lib/gcc/avr/4.9.3/../../../../avr/lib/avr6/crtm2560.o
__vector_28                                       /usr/lib/gcc/avr/4.9.3/../../../../avr/lib/avr6/crtm2560.o
__vector_29                                       /usr/lib/gcc/avr/4.9.3/../../../../avr/lib/avr6/crtm2560.o
__vector_3                                        /usr/lib/gcc/avr/4.9.3/../../../../avr/lib/avr6/crtm2560.o
__vector_30                                       /usr/lib/gcc/avr/4.9.3/../../../../avr/lib/avr6/crtm2560.o
__vector_31                                       /usr/lib/gcc/avr/4.9.3/../../../../avr/lib/avr6/crtm2560.o
__vector_32                                       /usr/lib/gcc/avr/4.9.3/../../../../avr/lib/avr6/crtm2560.o
__vector_33                                       /usr/lib/gcc/avr/4.9.3/../../../../avr/lib/avr6/crtm2560.o
__vector_34                                       /usr/lib/gcc/avr/4.9.3/../../../../avr/lib/avr6/crtm2560.o
__vector_35                                       /usr/lib/gcc/avr/4.9.3/../../../../avr/lib/avr6/crtm2560.o
__vector_36                                       /usr/lib/gcc/avr/4.9.3/../../../../avr/lib/avr6/crtm2560.o
__vector_37                                       /usr/lib/gcc/avr/4.9.3/../../../../avr/lib/avr6/crtm2560.o
__vector_38                                       /usr/lib/gcc/avr/4.9.3/../../../../avr/lib/avr6/crtm2560.o
__vector_39                                       /usr/lib/gcc/avr/4.9.3/../../../../avr/lib/avr6/crtm2560.o
__vector_4                                        /usr/lib/gcc/avr/4.9.3/../../../../avr/lib/avr6/crtm2560.o
__vector_40                                       /usr/lib/gcc/avr/4.9.3/../../../../avr/lib/avr6/crtm2560.o
__vector_41                                       /usr/lib/gcc/avr/4.9.3/../../../../avr/lib/avr6/crtm2560.o
__vector_42                                       timer.o
                                                  /usr/lib/gcc/avr/4.9.3/../../../../avr/lib/avr6/crtm2560.o
__vector_43                                       timer.o
                                                  /usr/lib/gcc/avr/4.9.3/../../../../avr/lib/avr6/crtm2560.o
__vector_44                                       timer.o
                                                  /usr/lib/gcc/avr/4.9.3/../../../../avr/lib/avr6/crtm2560.o
__vector_45                                       /usr/lib/gcc/avr/4.9.3/../../../../avr/lib/avr6/crtm2560.o
__vector_46                                       timer.o
                                                  /usr/lib/gcc/avr/4.9.3/../../../../avr/lib/avr6/crtm2560.o
__vector_47                                       timer.o
                                                  /usr/lib/gcc/avr/4.9.3/../../../../avr/lib/avr6/crtm2560.o
__vector_48                                       timer.o
                                                  /usr/lib/gcc/avr/4.9.3/../../../../avr/lib/avr6/crtm2560.o
__vector_49                                       timer.o
                                                  /usr/lib/gcc/avr/4.9.3/../../../../avr/lib/avr6/crtm2560.o
__vector_5                                        /usr/lib/gcc/avr/4.9.3/../../../../avr/lib/avr6/crtm2560.o
__vector_50                                       timer.o
                                                  /usr/lib/gcc/avr/4.9.3/../../../../avr/lib/avr6/crtm2560.o
__vector_51                                       /usr/lib/gcc/avr/4.9.3/../../../../avr/lib/avr6/crtm2560.o
__vector_52                                       /usr/lib/gcc/avr/4.9.3/../../../../avr/lib/avr6/crtm2560.o
__vector_53                                       /usr/lib/gcc/avr/4.9.3/../../../../avr/lib/avr6/crtm2560.o
__vector_54                                       /usr/lib/gcc/avr/4.9.3/../../../../avr/lib/avr6/crtm2560.o
__vector_55                                       /usr/lib/gcc/avr/4.9.3/../../../../avr/lib/avr6/crtm2560.o
__vector_56                                       /usr/lib/gcc/avr/4.9.3/../../../../avr/lib/avr6/crtm2560.o
__vector_6                                        /usr/lib/gcc/avr/4.9.3/../../../../avr/lib/avr6/crtm2560.o
__vector_7                                        /usr/lib/gcc/avr/4.9.3/../../../../avr/lib/avr6/crtm2560.o
__vector_8                                        /usr/lib/gcc/avr/4.9.3/../../../../avr/lib/avr6/crtm2560.o
__vector_9                                        /usr/lib/gcc/avr/4.9.3/../../../../avr/lib/avr6/crtm2560.o
__vector_default                                  /usr/lib/gcc/avr/4.9.3/../../../../avr/lib/avr6/crtm2560.o
__vectors                                         /usr/lib/gcc/avr/4.9.3/../../../../avr/lib/avr6/crtm2560.o
_div                                              /usr/lib/gcc/avr/4.9.3/avr6/libgcc.a(_divmodhi4.o)
_exit                                             /usr/lib/gcc/avr/4.9.3/avr6/libgcc.a(_exit.o)
angle_counter                                     timer.o
b4                                                timer.o
b5                                                timer.o
b6                                                timer.o
b7                                                timer.o
bilerp                                            timer.o
bilerp_ignition_map                               timer.o
bit_off                                           ports.o
bit_on                                            ports.o
bit_toggle                                        ports.o
cap5                                              timer.o
cap_pos_mask                                      timer.o
capture                                           timer.o
cha4                                              timer.o
cha5                                              timer.o
chb4                                              timer.o
chb5                                              timer.o
chc4                                              timer.o
chc5                                              timer.o
coil14_off                                        timer.o
coil14_on                                         timer.o
coil23_off                                        timer.o
coil23_on                                         timer.o
coil_state                                        timer.o
emu_tooth                                         timer.o
exit                                              /usr/lib/gcc/avr/4.9.3/avr6/libgcc.a(_exit.o)
                                                  /usr/lib/gcc/avr/4.9.3/../../../../avr/lib/avr6/crtm2560.o
ignition_map                                      timer.o
l1                                                timer.o
lerp                                              timer.o
main                                              timer.o
                                                  /usr/lib/gcc/avr/4.9.3/../../../../avr/lib/avr6/crtm2560.o
map_init                                          timer.o
ovf5                                              timer.o
pin_toggle                                        ports.o
port_mask                                         ports.o
tcnt4_mask                                        timer.o
tcnt5_mask                                        timer.o
tcr4                                              timer.o
tcr5                                              timer.o
tcs4                                              timer.o
tcs5                                              timer.o
tir4                                              timer.o
tir5                                              timer.o
tooth_counter_flag                                timer.o
