Archive member included to satisfy reference by file (symbol)

/usr/lib/gcc/avr/4.9.3/avr6/libgcc.a(_udivmodhi4.o)
                              main.o (__udivmodhi4)
/usr/lib/gcc/avr/4.9.3/avr6/libgcc.a(_exit.o)
                              /usr/lib/gcc/avr/4.9.3/../../../../avr/lib/avr6/crtm2560.o (exit)
/usr/lib/gcc/avr/4.9.3/avr6/libgcc.a(_copy_data.o)
                              main.o (__do_copy_data)
/usr/lib/gcc/avr/4.9.3/avr6/libgcc.a(_clear_bss.o)
                              main.o (__do_clear_bss)
/usr/lib/gcc/avr/4.9.3/../../../../avr/lib/avr6/libc.a(strcpy.o)
                              main.o (strcpy)
/usr/lib/gcc/avr/4.9.3/../../../../avr/lib/avr6/libc.a(sprintf.o)
                              main.o (sprintf)
/usr/lib/gcc/avr/4.9.3/../../../../avr/lib/avr6/libc.a(vfprintf_std.o)
                              /usr/lib/gcc/avr/4.9.3/../../../../avr/lib/avr6/libc.a(sprintf.o) (vfprintf)
/usr/lib/gcc/avr/4.9.3/../../../../avr/lib/avr6/libc.a(strnlen_P.o)
                              /usr/lib/gcc/avr/4.9.3/../../../../avr/lib/avr6/libc.a(vfprintf_std.o) (strnlen_P)
/usr/lib/gcc/avr/4.9.3/../../../../avr/lib/avr6/libc.a(strnlen.o)
                              /usr/lib/gcc/avr/4.9.3/../../../../avr/lib/avr6/libc.a(vfprintf_std.o) (strnlen)
/usr/lib/gcc/avr/4.9.3/../../../../avr/lib/avr6/libc.a(fputc.o)
                              /usr/lib/gcc/avr/4.9.3/../../../../avr/lib/avr6/libc.a(vfprintf_std.o) (fputc)
/usr/lib/gcc/avr/4.9.3/../../../../avr/lib/avr6/libc.a(ultoa_invert.o)
                              /usr/lib/gcc/avr/4.9.3/../../../../avr/lib/avr6/libc.a(vfprintf_std.o) (__ultoa_invert)

Allocating common symbols
Common symbol       size              file

data                0x1e              main.o
coil_buffer         0x2               main.o

Discarded input sections

 .data          0x0000000000000000        0x0 /usr/lib/gcc/avr/4.9.3/../../../../avr/lib/avr6/crtm2560.o
 .bss           0x0000000000000000        0x0 /usr/lib/gcc/avr/4.9.3/../../../../avr/lib/avr6/crtm2560.o
 .text          0x0000000000000000        0x0 timers.o
 .data          0x0000000000000000        0x0 timers.o
 .bss           0x0000000000000000        0x0 timers.o
 .text.tmr16_read_cr
                0x0000000000000000       0x10 timers.o
 .text.tmr16_reset_cs
                0x0000000000000000       0x1c timers.o
 .text.tmr16_capture_setup
                0x0000000000000000       0x1a timers.o
 .text          0x0000000000000000        0x0 main.o
 .data          0x0000000000000000        0x0 main.o
 .bss           0x0000000000000000        0x0 main.o
 .bss.done      0x0000000000000000        0x1 main.o
 .text          0x0000000000000000        0x0 ports.o
 .data          0x0000000000000000        0x0 ports.o
 .bss           0x0000000000000000        0x0 ports.o
 .text.bit_on   0x0000000000000000       0x16 ports.o
 .text.bit_off  0x0000000000000000       0x18 ports.o
 .text.bit_toggle
                0x0000000000000000       0x16 ports.o
 .text.pin_toggle
                0x0000000000000000       0x14 ports.o
 .text.port_mask
                0x0000000000000000       0x34 ports.o
 .comment       0x0000000000000000       0x2b ports.o
 .text          0x0000000000000000        0x0 usart.o
 .data          0x0000000000000000        0x0 usart.o
 .bss           0x0000000000000000        0x0 usart.o
 .text.uart_rx  0x0000000000000000       0x1c usart.o
 .text.uart_rx_count
                0x0000000000000000        0x6 usart.o
 .text.uart_rx_done
                0x0000000000000000        0xe usart.o
 .text          0x0000000000000000        0x0 coil_handler.o
 .data          0x0000000000000000        0x0 coil_handler.o
 .bss           0x0000000000000000        0x0 coil_handler.o
 .text.coil_act_cut
                0x0000000000000000       0x36 coil_handler.o
 .text.coil_act_insertion_sort
                0x0000000000000000       0x56 coil_handler.o
 .text.coil_act_sort_selected
                0x0000000000000000       0x9c coil_handler.o
 .text          0x0000000000000000        0x0 /usr/lib/gcc/avr/4.9.3/avr6/libgcc.a(_udivmodhi4.o)
 .data          0x0000000000000000        0x0 /usr/lib/gcc/avr/4.9.3/avr6/libgcc.a(_udivmodhi4.o)
 .bss           0x0000000000000000        0x0 /usr/lib/gcc/avr/4.9.3/avr6/libgcc.a(_udivmodhi4.o)
 .text.libgcc.mul
                0x0000000000000000        0x0 /usr/lib/gcc/avr/4.9.3/avr6/libgcc.a(_udivmodhi4.o)
 .text.libgcc   0x0000000000000000        0x0 /usr/lib/gcc/avr/4.9.3/avr6/libgcc.a(_udivmodhi4.o)
 .text.libgcc.prologue
                0x0000000000000000        0x0 /usr/lib/gcc/avr/4.9.3/avr6/libgcc.a(_udivmodhi4.o)
 .text.libgcc.builtins
                0x0000000000000000        0x0 /usr/lib/gcc/avr/4.9.3/avr6/libgcc.a(_udivmodhi4.o)
 .text.libgcc.fmul
                0x0000000000000000        0x0 /usr/lib/gcc/avr/4.9.3/avr6/libgcc.a(_udivmodhi4.o)
 .text.libgcc.fixed
                0x0000000000000000        0x0 /usr/lib/gcc/avr/4.9.3/avr6/libgcc.a(_udivmodhi4.o)
 .text          0x0000000000000000        0x0 /usr/lib/gcc/avr/4.9.3/avr6/libgcc.a(_exit.o)
 .data          0x0000000000000000        0x0 /usr/lib/gcc/avr/4.9.3/avr6/libgcc.a(_exit.o)
 .bss           0x0000000000000000        0x0 /usr/lib/gcc/avr/4.9.3/avr6/libgcc.a(_exit.o)
 .text.libgcc.mul
                0x0000000000000000        0x0 /usr/lib/gcc/avr/4.9.3/avr6/libgcc.a(_exit.o)
 .text.libgcc.div
                0x0000000000000000        0x0 /usr/lib/gcc/avr/4.9.3/avr6/libgcc.a(_exit.o)
 .text.libgcc   0x0000000000000000        0x0 /usr/lib/gcc/avr/4.9.3/avr6/libgcc.a(_exit.o)
 .text.libgcc.prologue
                0x0000000000000000        0x0 /usr/lib/gcc/avr/4.9.3/avr6/libgcc.a(_exit.o)
 .text.libgcc.builtins
                0x0000000000000000        0x0 /usr/lib/gcc/avr/4.9.3/avr6/libgcc.a(_exit.o)
 .text.libgcc.fmul
                0x0000000000000000        0x0 /usr/lib/gcc/avr/4.9.3/avr6/libgcc.a(_exit.o)
 .text.libgcc.fixed
                0x0000000000000000        0x0 /usr/lib/gcc/avr/4.9.3/avr6/libgcc.a(_exit.o)
 .text          0x0000000000000000        0x0 /usr/lib/gcc/avr/4.9.3/avr6/libgcc.a(_copy_data.o)
 .data          0x0000000000000000        0x0 /usr/lib/gcc/avr/4.9.3/avr6/libgcc.a(_copy_data.o)
 .bss           0x0000000000000000        0x0 /usr/lib/gcc/avr/4.9.3/avr6/libgcc.a(_copy_data.o)
 .text.libgcc.mul
                0x0000000000000000        0x0 /usr/lib/gcc/avr/4.9.3/avr6/libgcc.a(_copy_data.o)
 .text.libgcc.div
                0x0000000000000000        0x0 /usr/lib/gcc/avr/4.9.3/avr6/libgcc.a(_copy_data.o)
 .text.libgcc   0x0000000000000000        0x0 /usr/lib/gcc/avr/4.9.3/avr6/libgcc.a(_copy_data.o)
 .text.libgcc.prologue
                0x0000000000000000        0x0 /usr/lib/gcc/avr/4.9.3/avr6/libgcc.a(_copy_data.o)
 .text.libgcc.builtins
                0x0000000000000000        0x0 /usr/lib/gcc/avr/4.9.3/avr6/libgcc.a(_copy_data.o)
 .text.libgcc.fmul
                0x0000000000000000        0x0 /usr/lib/gcc/avr/4.9.3/avr6/libgcc.a(_copy_data.o)
 .text.libgcc.fixed
                0x0000000000000000        0x0 /usr/lib/gcc/avr/4.9.3/avr6/libgcc.a(_copy_data.o)
 .text          0x0000000000000000        0x0 /usr/lib/gcc/avr/4.9.3/avr6/libgcc.a(_clear_bss.o)
 .data          0x0000000000000000        0x0 /usr/lib/gcc/avr/4.9.3/avr6/libgcc.a(_clear_bss.o)
 .bss           0x0000000000000000        0x0 /usr/lib/gcc/avr/4.9.3/avr6/libgcc.a(_clear_bss.o)
 .text.libgcc.mul
                0x0000000000000000        0x0 /usr/lib/gcc/avr/4.9.3/avr6/libgcc.a(_clear_bss.o)
 .text.libgcc.div
                0x0000000000000000        0x0 /usr/lib/gcc/avr/4.9.3/avr6/libgcc.a(_clear_bss.o)
 .text.libgcc   0x0000000000000000        0x0 /usr/lib/gcc/avr/4.9.3/avr6/libgcc.a(_clear_bss.o)
 .text.libgcc.prologue
                0x0000000000000000        0x0 /usr/lib/gcc/avr/4.9.3/avr6/libgcc.a(_clear_bss.o)
 .text.libgcc.builtins
                0x0000000000000000        0x0 /usr/lib/gcc/avr/4.9.3/avr6/libgcc.a(_clear_bss.o)
 .text.libgcc.fmul
                0x0000000000000000        0x0 /usr/lib/gcc/avr/4.9.3/avr6/libgcc.a(_clear_bss.o)
 .text.libgcc.fixed
                0x0000000000000000        0x0 /usr/lib/gcc/avr/4.9.3/avr6/libgcc.a(_clear_bss.o)
 .text          0x0000000000000000        0x0 /usr/lib/gcc/avr/4.9.3/../../../../avr/lib/avr6/libc.a(strcpy.o)
 .data          0x0000000000000000        0x0 /usr/lib/gcc/avr/4.9.3/../../../../avr/lib/avr6/libc.a(strcpy.o)
 .bss           0x0000000000000000        0x0 /usr/lib/gcc/avr/4.9.3/../../../../avr/lib/avr6/libc.a(strcpy.o)
 .text          0x0000000000000000        0x0 /usr/lib/gcc/avr/4.9.3/../../../../avr/lib/avr6/libc.a(sprintf.o)
 .data          0x0000000000000000        0x0 /usr/lib/gcc/avr/4.9.3/../../../../avr/lib/avr6/libc.a(sprintf.o)
 .bss           0x0000000000000000        0x0 /usr/lib/gcc/avr/4.9.3/../../../../avr/lib/avr6/libc.a(sprintf.o)
 .text          0x0000000000000000        0x0 /usr/lib/gcc/avr/4.9.3/../../../../avr/lib/avr6/libc.a(vfprintf_std.o)
 .data          0x0000000000000000        0x0 /usr/lib/gcc/avr/4.9.3/../../../../avr/lib/avr6/libc.a(vfprintf_std.o)
 .bss           0x0000000000000000        0x0 /usr/lib/gcc/avr/4.9.3/../../../../avr/lib/avr6/libc.a(vfprintf_std.o)
 .text          0x0000000000000000        0x0 /usr/lib/gcc/avr/4.9.3/../../../../avr/lib/avr6/libc.a(strnlen_P.o)
 .data          0x0000000000000000        0x0 /usr/lib/gcc/avr/4.9.3/../../../../avr/lib/avr6/libc.a(strnlen_P.o)
 .bss           0x0000000000000000        0x0 /usr/lib/gcc/avr/4.9.3/../../../../avr/lib/avr6/libc.a(strnlen_P.o)
 .text          0x0000000000000000        0x0 /usr/lib/gcc/avr/4.9.3/../../../../avr/lib/avr6/libc.a(strnlen.o)
 .data          0x0000000000000000        0x0 /usr/lib/gcc/avr/4.9.3/../../../../avr/lib/avr6/libc.a(strnlen.o)
 .bss           0x0000000000000000        0x0 /usr/lib/gcc/avr/4.9.3/../../../../avr/lib/avr6/libc.a(strnlen.o)
 .text          0x0000000000000000        0x0 /usr/lib/gcc/avr/4.9.3/../../../../avr/lib/avr6/libc.a(fputc.o)
 .data          0x0000000000000000        0x0 /usr/lib/gcc/avr/4.9.3/../../../../avr/lib/avr6/libc.a(fputc.o)
 .bss           0x0000000000000000        0x0 /usr/lib/gcc/avr/4.9.3/../../../../avr/lib/avr6/libc.a(fputc.o)
 .text          0x0000000000000000        0x0 /usr/lib/gcc/avr/4.9.3/../../../../avr/lib/avr6/libc.a(ultoa_invert.o)
 .data          0x0000000000000000        0x0 /usr/lib/gcc/avr/4.9.3/../../../../avr/lib/avr6/libc.a(ultoa_invert.o)
 .bss           0x0000000000000000        0x0 /usr/lib/gcc/avr/4.9.3/../../../../avr/lib/avr6/libc.a(ultoa_invert.o)

Memory Configuration

Name             Origin             Length             Attributes
text             0x0000000000000000 0x0000000000100000 xr
data             0x0000000000800200 0x000000000000fe00 rw !x
eeprom           0x0000000000810000 0x0000000000010000 rw !x
fuse             0x0000000000820000 0x0000000000000400 rw !x
lock             0x0000000000830000 0x0000000000000400 rw !x
signature        0x0000000000840000 0x0000000000000400 rw !x
*default*        0x0000000000000000 0xffffffffffffffff

Linker script and memory map

Address of section .data set to 0x800200
LOAD /usr/lib/gcc/avr/4.9.3/../../../../avr/lib/avr6/crtm2560.o
LOAD timers.o
LOAD main.o
LOAD ports.o
LOAD usart.o
LOAD coil_handler.o
START GROUP
LOAD /usr/lib/gcc/avr/4.9.3/avr6/libgcc.a
LOAD /usr/lib/gcc/avr/4.9.3/../../../../avr/lib/avr6/libm.a
LOAD /usr/lib/gcc/avr/4.9.3/../../../../avr/lib/avr6/libc.a
END GROUP

.hash
 *(.hash)

.dynsym
 *(.dynsym)

.dynstr
 *(.dynstr)

.gnu.version
 *(.gnu.version)

.gnu.version_d
 *(.gnu.version_d)

.gnu.version_r
 *(.gnu.version_r)

.rel.init
 *(.rel.init)

.rela.init
 *(.rela.init)

.rel.text
 *(.rel.text)
 *(.rel.text.*)
 *(.rel.gnu.linkonce.t*)

.rela.text
 *(.rela.text)
 *(.rela.text.*)
 *(.rela.gnu.linkonce.t*)

.rel.fini
 *(.rel.fini)

.rela.fini
 *(.rela.fini)

.rel.rodata
 *(.rel.rodata)
 *(.rel.rodata.*)
 *(.rel.gnu.linkonce.r*)

.rela.rodata
 *(.rela.rodata)
 *(.rela.rodata.*)
 *(.rela.gnu.linkonce.r*)

.rel.data
 *(.rel.data)
 *(.rel.data.*)
 *(.rel.gnu.linkonce.d*)

.rela.data
 *(.rela.data)
 *(.rela.data.*)
 *(.rela.gnu.linkonce.d*)

.rel.ctors
 *(.rel.ctors)

.rela.ctors
 *(.rela.ctors)

.rel.dtors
 *(.rel.dtors)

.rela.dtors
 *(.rela.dtors)

.rel.got
 *(.rel.got)

.rela.got
 *(.rela.got)

.rel.bss
 *(.rel.bss)

.rela.bss
 *(.rela.bss)

.rel.plt
 *(.rel.plt)

.rela.plt
 *(.rela.plt)

.text           0x0000000000000000      0xee8
 *(.vectors)
 .vectors       0x0000000000000000       0xe4 /usr/lib/gcc/avr/4.9.3/../../../../avr/lib/avr6/crtm2560.o
                0x0000000000000000                __vectors
                0x0000000000000000                __vector_default
 *(.vectors)
 *(.progmem.gcc*)
                0x00000000000000e4                . = ALIGN (0x2)
                0x00000000000000e4                __trampolines_start = .
 *(.trampolines)
 .trampolines   0x00000000000000e4        0x8 linker stubs
 *(.trampolines*)
                0x00000000000000ec                __trampolines_end = .
 *(.progmem*)
                0x00000000000000ec                . = ALIGN (0x2)
 *(.jumptables)
 *(.jumptables*)
 *(.lowtext)
 *(.lowtext*)
                0x00000000000000ec                __ctors_start = .
 *(.ctors)
                0x00000000000000ec                __ctors_end = .
                0x00000000000000ec                __dtors_start = .
 *(.dtors)
                0x00000000000000ec                __dtors_end = .
 SORT(*)(.ctors)
 SORT(*)(.dtors)
 *(.init0)
 .init0         0x00000000000000ec        0x0 /usr/lib/gcc/avr/4.9.3/../../../../avr/lib/avr6/crtm2560.o
                0x00000000000000ec                __init
 *(.init0)
 *(.init1)
 *(.init1)
 *(.init2)
 .init2         0x00000000000000ec       0x10 /usr/lib/gcc/avr/4.9.3/../../../../avr/lib/avr6/crtm2560.o
 *(.init2)
 *(.init3)
 *(.init3)
 *(.init4)
 .init4         0x00000000000000fc       0x1a /usr/lib/gcc/avr/4.9.3/avr6/libgcc.a(_copy_data.o)
                0x00000000000000fc                __do_copy_data
 .init4         0x0000000000000116       0x10 /usr/lib/gcc/avr/4.9.3/avr6/libgcc.a(_clear_bss.o)
                0x0000000000000116                __do_clear_bss
 *(.init4)
 *(.init5)
 *(.init5)
 *(.init6)
 *(.init6)
 *(.init7)
 *(.init7)
 *(.init8)
 *(.init8)
 *(.init9)
 .init9         0x0000000000000126        0x8 /usr/lib/gcc/avr/4.9.3/../../../../avr/lib/avr6/crtm2560.o
 *(.init9)
 *(.text)
 .text          0x000000000000012e        0x4 /usr/lib/gcc/avr/4.9.3/../../../../avr/lib/avr6/crtm2560.o
                0x000000000000012e                __vector_38
                0x000000000000012e                __vector_22
                0x000000000000012e                __vector_28
                0x000000000000012e                __vector_1
                0x000000000000012e                __vector_32
                0x000000000000012e                __vector_34
                0x000000000000012e                __vector_24
                0x000000000000012e                __vector_12
                0x000000000000012e                __vector_55
                0x000000000000012e                __vector_46
                0x000000000000012e                __bad_interrupt
                0x000000000000012e                __vector_6
                0x000000000000012e                __vector_31
                0x000000000000012e                __vector_35
                0x000000000000012e                __vector_39
                0x000000000000012e                __vector_3
                0x000000000000012e                __vector_23
                0x000000000000012e                __vector_30
                0x000000000000012e                __vector_45
                0x000000000000012e                __vector_11
                0x000000000000012e                __vector_54
                0x000000000000012e                __vector_13
                0x000000000000012e                __vector_17
                0x000000000000012e                __vector_19
                0x000000000000012e                __vector_56
                0x000000000000012e                __vector_7
                0x000000000000012e                __vector_49
                0x000000000000012e                __vector_41
                0x000000000000012e                __vector_27
                0x000000000000012e                __vector_5
                0x000000000000012e                __vector_33
                0x000000000000012e                __vector_47
                0x000000000000012e                __vector_52
                0x000000000000012e                __vector_37
                0x000000000000012e                __vector_4
                0x000000000000012e                __vector_51
                0x000000000000012e                __vector_9
                0x000000000000012e                __vector_2
                0x000000000000012e                __vector_21
                0x000000000000012e                __vector_15
                0x000000000000012e                __vector_36
                0x000000000000012e                __vector_29
                0x000000000000012e                __vector_40
                0x000000000000012e                __vector_8
                0x000000000000012e                __vector_48
                0x000000000000012e                __vector_14
                0x000000000000012e                __vector_53
                0x000000000000012e                __vector_10
                0x000000000000012e                __vector_50
                0x000000000000012e                __vector_16
                0x000000000000012e                __vector_18
                0x000000000000012e                __vector_20
                0x0000000000000132                . = ALIGN (0x2)
 *(.text.*)
 .text.tmr16_int_enable
                0x0000000000000132       0x34 timers.o
                0x0000000000000132                tmr16_int_enable
 .text.tmr16_int_disable
                0x0000000000000166       0x22 timers.o
                0x0000000000000166                tmr16_int_disable
 .text.tmr16_event_set
                0x0000000000000188        0x8 timers.o
                0x0000000000000188                tmr16_event_set
 .text.tmr16_event_call
                0x0000000000000190        0xe timers.o
                0x0000000000000190                tmr16_event_call
 .text.tmr16_write_cr
                0x000000000000019e       0x10 timers.o
                0x000000000000019e                tmr16_write_cr
 .text.tmr16_set_cs
                0x00000000000001ae       0x1a timers.o
                0x00000000000001ae                tmr16_set_cs
 .text.tmr16_counter_set
                0x00000000000001c8       0x1a timers.o
                0x00000000000001c8                tmr16_counter_set
 .text.test_on  0x00000000000001e2       0x16 main.o
                0x00000000000001e2                test_on
 .text.test_off
                0x00000000000001f8       0x18 main.o
                0x00000000000001f8                test_off
 .text.__vector_26
                0x0000000000000210       0x54 main.o
                0x0000000000000210                __vector_26
 .text.__vector_25
                0x0000000000000264       0x54 main.o
                0x0000000000000264                __vector_25
 .text.__vector_42
                0x00000000000002b8       0x54 main.o
                0x00000000000002b8                __vector_42
 .text.__vector_43
                0x000000000000030c       0x54 main.o
                0x000000000000030c                __vector_43
 .text.__vector_44
                0x0000000000000360       0x54 main.o
                0x0000000000000360                __vector_44
 .text.uart_main_init
                0x00000000000003b4       0x62 main.o
                0x00000000000003b4                uart_main_init
 .text.timer_main_init
                0x0000000000000416       0x3e main.o
                0x0000000000000416                timer_main_init
 .text.port_main_init
                0x0000000000000454       0x5c main.o
                0x0000000000000454                port_main_init
 .text.action_main_init
                0x00000000000004b0       0x4e main.o
                0x00000000000004b0                action_main_init
 .text.coil_act_calc
                0x00000000000004fe       0x2c main.o
                0x00000000000004fe                coil_act_calc
 .text.coil_act_handler
                0x000000000000052a      0x116 main.o
                0x000000000000052a                coil_act_handler
 .text.startup.main
                0x0000000000000640       0x62 main.o
                0x0000000000000640                main
 .text.uart_init
                0x00000000000006a2       0x12 usart.o
                0x00000000000006a2                uart_init
 .text.uart_baud_rate
                0x00000000000006b4       0x18 usart.o
                0x00000000000006b4                uart_baud_rate
 .text.uart_character_size
                0x00000000000006cc       0x48 usart.o
                0x00000000000006cc                uart_character_size
 .text.uart_parity_mode
                0x0000000000000714       0x28 usart.o
                0x0000000000000714                uart_parity_mode
 .text.uart_stop_bit
                0x000000000000073c       0x1a usart.o
                0x000000000000073c                uart_stop_bit
 .text.uart_tx  0x0000000000000756       0x1c usart.o
                0x0000000000000756                uart_tx
 .text.uart_udre_handler
                0x0000000000000772       0x38 usart.o
                0x0000000000000772                uart_udre_handler
 .text.uart_rx_handler
                0x00000000000007aa       0x30 usart.o
                0x00000000000007aa                uart_rx_handler
 .text.uart_tx_done
                0x00000000000007da        0xe usart.o
                0x00000000000007da                uart_tx_done
 .text.coil_act_insert_next
                0x00000000000007e8       0x2e coil_handler.o
                0x00000000000007e8                coil_act_insert_next
 .text.coil_act_insert_prev
                0x0000000000000816       0x2e coil_handler.o
                0x0000000000000816                coil_act_insert_prev
 .text.coil_act_sorting_insert
                0x0000000000000844       0x54 coil_handler.o
                0x0000000000000844                coil_act_sorting_insert
 .text.coil_call_event_once
                0x0000000000000898       0x22 coil_handler.o
                0x0000000000000898                coil_call_event_once
 .text.coil_event_set
                0x00000000000008ba       0x46 coil_handler.o
                0x00000000000008ba                coil_event_set
 .text.libgcc.div
                0x0000000000000900       0x28 /usr/lib/gcc/avr/4.9.3/avr6/libgcc.a(_udivmodhi4.o)
                0x0000000000000900                __udivmodhi4
 .text.avr-libc
                0x0000000000000928        0xe /usr/lib/gcc/avr/4.9.3/../../../../avr/lib/avr6/libc.a(strcpy.o)
                0x0000000000000928                strcpy
 .text.avr-libc
                0x0000000000000936       0x60 /usr/lib/gcc/avr/4.9.3/../../../../avr/lib/avr6/libc.a(sprintf.o)
                0x0000000000000936                sprintf
 .text.avr-libc
                0x0000000000000996      0x3f6 /usr/lib/gcc/avr/4.9.3/../../../../avr/lib/avr6/libc.a(vfprintf_std.o)
                0x0000000000000996                vfprintf
 .text.avr-libc
                0x0000000000000d8c       0x16 /usr/lib/gcc/avr/4.9.3/../../../../avr/lib/avr6/libc.a(strnlen_P.o)
                0x0000000000000d8c                strnlen_P
 .text.avr-libc
                0x0000000000000da2       0x16 /usr/lib/gcc/avr/4.9.3/../../../../avr/lib/avr6/libc.a(strnlen.o)
                0x0000000000000da2                strnlen
 .text.avr-libc
                0x0000000000000db8       0x70 /usr/lib/gcc/avr/4.9.3/../../../../avr/lib/avr6/libc.a(fputc.o)
                0x0000000000000db8                fputc
 .text.avr-libc
                0x0000000000000e28       0xbc /usr/lib/gcc/avr/4.9.3/../../../../avr/lib/avr6/libc.a(ultoa_invert.o)
                0x0000000000000e28                __ultoa_invert
                0x0000000000000ee4                . = ALIGN (0x2)
 *(.fini9)
 .fini9         0x0000000000000ee4        0x0 /usr/lib/gcc/avr/4.9.3/avr6/libgcc.a(_exit.o)
                0x0000000000000ee4                exit
                0x0000000000000ee4                _exit
 *(.fini9)
 *(.fini8)
 *(.fini8)
 *(.fini7)
 *(.fini7)
 *(.fini6)
 *(.fini6)
 *(.fini5)
 *(.fini5)
 *(.fini4)
 *(.fini4)
 *(.fini3)
 *(.fini3)
 *(.fini2)
 *(.fini2)
 *(.fini1)
 *(.fini1)
 *(.fini0)
 .fini0         0x0000000000000ee4        0x4 /usr/lib/gcc/avr/4.9.3/avr6/libgcc.a(_exit.o)
 *(.fini0)
                0x0000000000000ee8                _etext = .

.data           0x0000000000800200       0xb2 load address 0x0000000000000ee8
                0x0000000000800200                PROVIDE (__data_start, .)
 *(.data)
 *(.data*)
 .data.testoff  0x0000000000800200        0xe main.o
                0x0000000000800200                testoff
 .data.teston   0x000000000080020e        0xe main.o
                0x000000000080020e                teston
 .data.b7       0x000000000080021c        0x8 main.o
                0x000000000080021c                b7
 .data.tcnt4_mask
                0x0000000000800224        0x3 main.o
                0x0000000000800224                tcnt4_mask
 .data.tcs4     0x0000000000800227        0x3 main.o
                0x0000000000800227                tcs4
 .data.tcr4     0x000000000080022a        0x8 main.o
                0x000000000080022a                tcr4
 .data.t4ch1    0x0000000000800232        0xa main.o
                0x0000000000800232                t4ch1
 .data.t4ch2    0x000000000080023c        0xa main.o
                0x000000000080023c                t4ch2
 .data.t4ch3    0x0000000000800246        0xa main.o
                0x0000000000800246                t4ch3
 .data.tir4     0x0000000000800250        0x4 main.o
                0x0000000000800250                tir4
 .data.uart0    0x0000000000800254       0x14 main.o
                0x0000000000800254                uart0
 *(.rodata)
 *(.rodata*)
 .rodata.str1.1
                0x0000000000800268       0x49 main.o
 *(.gnu.linkonce.d*)
                0x00000000008002b2                . = ALIGN (0x2)
 *fill*         0x00000000008002b1        0x1 
                0x00000000008002b2                _edata = .
                0x00000000008002b2                PROVIDE (__data_end, .)

.bss            0x00000000008002b2       0x30
                0x00000000008002b2                PROVIDE (__bss_start, .)
 *(.bss)
 *(.bss*)
 .bss.counter   0x00000000008002b2        0x2 main.o
                0x00000000008002b2                counter
 .bss.root      0x00000000008002b4        0xe main.o
                0x00000000008002b4                root
 *(COMMON)
 COMMON         0x00000000008002c2       0x20 main.o
                0x00000000008002c2                data
                0x00000000008002e0                coil_buffer
                0x00000000008002e2                PROVIDE (__bss_end, .)
                0x0000000000000ee8                __data_load_start = LOADADDR (.data)
                0x0000000000000f9a                __data_load_end = (__data_load_start + SIZEOF (.data))

.noinit         0x00000000008002e2        0x0
                0x00000000008002e2                PROVIDE (__noinit_start, .)
 *(.noinit*)
                0x00000000008002e2                PROVIDE (__noinit_end, .)
                0x00000000008002e2                _end = .
                0x00000000008002e2                PROVIDE (__heap_start, .)

.eeprom         0x0000000000810000        0x0
 *(.eeprom*)
                0x0000000000810000                __eeprom_end = .

.fuse
 *(.fuse)
 *(.lfuse)
 *(.hfuse)
 *(.efuse)

.lock
 *(.lock*)

.signature
 *(.signature*)

.stab
 *(.stab)

.stabstr
 *(.stabstr)

.stab.excl
 *(.stab.excl)

.stab.exclstr
 *(.stab.exclstr)

.stab.index
 *(.stab.index)

.stab.indexstr
 *(.stab.indexstr)

.comment        0x0000000000000000       0x54
 *(.comment)
 .comment       0x0000000000000000       0x2a timers.o
                                         0x2b (size before relaxing)
 .comment       0x000000000000002a       0x2b main.o
 .comment       0x000000000000002a       0x2b usart.o
 .comment       0x000000000000002a       0x2b coil_handler.o
 .comment       0x000000000000002a       0x2a /usr/lib/gcc/avr/4.9.3/../../../../avr/lib/avr6/libc.a(sprintf.o)
                                         0x2b (size before relaxing)
 .comment       0x0000000000000054       0x2b /usr/lib/gcc/avr/4.9.3/../../../../avr/lib/avr6/libc.a(vfprintf_std.o)
 .comment       0x0000000000000054       0x2b /usr/lib/gcc/avr/4.9.3/../../../../avr/lib/avr6/libc.a(fputc.o)

.note.gnu.build-id
 *(.note.gnu.build-id)

.debug
 *(.debug)

.line
 *(.line)

.debug_srcinfo
 *(.debug_srcinfo)

.debug_sfnames
 *(.debug_sfnames)

.debug_aranges
 *(.debug_aranges)

.debug_pubnames
 *(.debug_pubnames)

.debug_info
 *(.debug_info .gnu.linkonce.wi.*)

.debug_abbrev
 *(.debug_abbrev)

.debug_line
 *(.debug_line .debug_line.* .debug_line_end)

.debug_frame
 *(.debug_frame)

.debug_str
 *(.debug_str)

.debug_loc
 *(.debug_loc)

.debug_macinfo
 *(.debug_macinfo)

.debug_weaknames
 *(.debug_weaknames)

.debug_funcnames
 *(.debug_funcnames)

.debug_typenames
 *(.debug_typenames)

.debug_varnames
 *(.debug_varnames)

.debug_pubtypes
 *(.debug_pubtypes)

.debug_ranges
 *(.debug_ranges)

.debug_macro
 *(.debug_macro)
OUTPUT(main elf32-avr)
LOAD linker stubs

Cross Reference Table

Symbol                                            File
__bad_interrupt                                   /usr/lib/gcc/avr/4.9.3/../../../../avr/lib/avr6/crtm2560.o
__bss_end                                         /usr/lib/gcc/avr/4.9.3/avr6/libgcc.a(_clear_bss.o)
__bss_start                                       /usr/lib/gcc/avr/4.9.3/avr6/libgcc.a(_clear_bss.o)
__data_end                                        /usr/lib/gcc/avr/4.9.3/avr6/libgcc.a(_copy_data.o)
__data_load_start                                 /usr/lib/gcc/avr/4.9.3/avr6/libgcc.a(_copy_data.o)
__data_start                                      /usr/lib/gcc/avr/4.9.3/avr6/libgcc.a(_copy_data.o)
__do_clear_bss                                    /usr/lib/gcc/avr/4.9.3/avr6/libgcc.a(_clear_bss.o)
                                                  main.o
__do_copy_data                                    /usr/lib/gcc/avr/4.9.3/avr6/libgcc.a(_copy_data.o)
                                                  main.o
__heap_end                                        /usr/lib/gcc/avr/4.9.3/../../../../avr/lib/avr6/crtm2560.o
__init                                            /usr/lib/gcc/avr/4.9.3/../../../../avr/lib/avr6/crtm2560.o
__stack                                           /usr/lib/gcc/avr/4.9.3/../../../../avr/lib/avr6/crtm2560.o
__udivmodhi4                                      /usr/lib/gcc/avr/4.9.3/avr6/libgcc.a(_udivmodhi4.o)
                                                  main.o
__ultoa_invert                                    /usr/lib/gcc/avr/4.9.3/../../../../avr/lib/avr6/libc.a(ultoa_invert.o)
                                                  /usr/lib/gcc/avr/4.9.3/../../../../avr/lib/avr6/libc.a(vfprintf_std.o)
__vector_1                                        /usr/lib/gcc/avr/4.9.3/../../../../avr/lib/avr6/crtm2560.o
__vector_10                                       /usr/lib/gcc/avr/4.9.3/../../../../avr/lib/avr6/crtm2560.o
__vector_11                                       /usr/lib/gcc/avr/4.9.3/../../../../avr/lib/avr6/crtm2560.o
__vector_12                                       /usr/lib/gcc/avr/4.9.3/../../../../avr/lib/avr6/crtm2560.o
__vector_13                                       /usr/lib/gcc/avr/4.9.3/../../../../avr/lib/avr6/crtm2560.o
__vector_14                                       /usr/lib/gcc/avr/4.9.3/../../../../avr/lib/avr6/crtm2560.o
__vector_15                                       /usr/lib/gcc/avr/4.9.3/../../../../avr/lib/avr6/crtm2560.o
__vector_16                                       /usr/lib/gcc/avr/4.9.3/../../../../avr/lib/avr6/crtm2560.o
__vector_17                                       /usr/lib/gcc/avr/4.9.3/../../../../avr/lib/avr6/crtm2560.o
__vector_18                                       /usr/lib/gcc/avr/4.9.3/../../../../avr/lib/avr6/crtm2560.o
__vector_19                                       /usr/lib/gcc/avr/4.9.3/../../../../avr/lib/avr6/crtm2560.o
__vector_2                                        /usr/lib/gcc/avr/4.9.3/../../../../avr/lib/avr6/crtm2560.o
__vector_20                                       /usr/lib/gcc/avr/4.9.3/../../../../avr/lib/avr6/crtm2560.o
__vector_21                                       /usr/lib/gcc/avr/4.9.3/../../../../avr/lib/avr6/crtm2560.o
__vector_22                                       /usr/lib/gcc/avr/4.9.3/../../../../avr/lib/avr6/crtm2560.o
__vector_23                                       /usr/lib/gcc/avr/4.9.3/../../../../avr/lib/avr6/crtm2560.o
__vector_24                                       /usr/lib/gcc/avr/4.9.3/../../../../avr/lib/avr6/crtm2560.o
__vector_25                                       main.o
                                                  /usr/lib/gcc/avr/4.9.3/../../../../avr/lib/avr6/crtm2560.o
__vector_26                                       main.o
                                                  /usr/lib/gcc/avr/4.9.3/../../../../avr/lib/avr6/crtm2560.o
__vector_27                                       /usr/lib/gcc/avr/4.9.3/../../../../avr/lib/avr6/crtm2560.o
__vector_28                                       /usr/lib/gcc/avr/4.9.3/../../../../avr/lib/avr6/crtm2560.o
__vector_29                                       /usr/lib/gcc/avr/4.9.3/../../../../avr/lib/avr6/crtm2560.o
__vector_3                                        /usr/lib/gcc/avr/4.9.3/../../../../avr/lib/avr6/crtm2560.o
__vector_30                                       /usr/lib/gcc/avr/4.9.3/../../../../avr/lib/avr6/crtm2560.o
__vector_31                                       /usr/lib/gcc/avr/4.9.3/../../../../avr/lib/avr6/crtm2560.o
__vector_32                                       /usr/lib/gcc/avr/4.9.3/../../../../avr/lib/avr6/crtm2560.o
__vector_33                                       /usr/lib/gcc/avr/4.9.3/../../../../avr/lib/avr6/crtm2560.o
__vector_34                                       /usr/lib/gcc/avr/4.9.3/../../../../avr/lib/avr6/crtm2560.o
__vector_35                                       /usr/lib/gcc/avr/4.9.3/../../../../avr/lib/avr6/crtm2560.o
__vector_36                                       /usr/lib/gcc/avr/4.9.3/../../../../avr/lib/avr6/crtm2560.o
__vector_37                                       /usr/lib/gcc/avr/4.9.3/../../../../avr/lib/avr6/crtm2560.o
__vector_38                                       /usr/lib/gcc/avr/4.9.3/../../../../avr/lib/avr6/crtm2560.o
__vector_39                                       /usr/lib/gcc/avr/4.9.3/../../../../avr/lib/avr6/crtm2560.o
__vector_4                                        /usr/lib/gcc/avr/4.9.3/../../../../avr/lib/avr6/crtm2560.o
__vector_40                                       /usr/lib/gcc/avr/4.9.3/../../../../avr/lib/avr6/crtm2560.o
__vector_41                                       /usr/lib/gcc/avr/4.9.3/../../../../avr/lib/avr6/crtm2560.o
__vector_42                                       main.o
                                                  /usr/lib/gcc/avr/4.9.3/../../../../avr/lib/avr6/crtm2560.o
__vector_43                                       main.o
                                                  /usr/lib/gcc/avr/4.9.3/../../../../avr/lib/avr6/crtm2560.o
__vector_44                                       main.o
                                                  /usr/lib/gcc/avr/4.9.3/../../../../avr/lib/avr6/crtm2560.o
__vector_45                                       /usr/lib/gcc/avr/4.9.3/../../../../avr/lib/avr6/crtm2560.o
__vector_46                                       /usr/lib/gcc/avr/4.9.3/../../../../avr/lib/avr6/crtm2560.o
__vector_47                                       /usr/lib/gcc/avr/4.9.3/../../../../avr/lib/avr6/crtm2560.o
__vector_48                                       /usr/lib/gcc/avr/4.9.3/../../../../avr/lib/avr6/crtm2560.o
__vector_49                                       /usr/lib/gcc/avr/4.9.3/../../../../avr/lib/avr6/crtm2560.o
__vector_5                                        /usr/lib/gcc/avr/4.9.3/../../../../avr/lib/avr6/crtm2560.o
__vector_50                                       /usr/lib/gcc/avr/4.9.3/../../../../avr/lib/avr6/crtm2560.o
__vector_51                                       /usr/lib/gcc/avr/4.9.3/../../../../avr/lib/avr6/crtm2560.o
__vector_52                                       /usr/lib/gcc/avr/4.9.3/../../../../avr/lib/avr6/crtm2560.o
__vector_53                                       /usr/lib/gcc/avr/4.9.3/../../../../avr/lib/avr6/crtm2560.o
__vector_54                                       /usr/lib/gcc/avr/4.9.3/../../../../avr/lib/avr6/crtm2560.o
__vector_55                                       /usr/lib/gcc/avr/4.9.3/../../../../avr/lib/avr6/crtm2560.o
__vector_56                                       /usr/lib/gcc/avr/4.9.3/../../../../avr/lib/avr6/crtm2560.o
__vector_6                                        /usr/lib/gcc/avr/4.9.3/../../../../avr/lib/avr6/crtm2560.o
__vector_7                                        /usr/lib/gcc/avr/4.9.3/../../../../avr/lib/avr6/crtm2560.o
__vector_8                                        /usr/lib/gcc/avr/4.9.3/../../../../avr/lib/avr6/crtm2560.o
__vector_9                                        /usr/lib/gcc/avr/4.9.3/../../../../avr/lib/avr6/crtm2560.o
__vector_default                                  /usr/lib/gcc/avr/4.9.3/../../../../avr/lib/avr6/crtm2560.o
__vectors                                         /usr/lib/gcc/avr/4.9.3/../../../../avr/lib/avr6/crtm2560.o
_exit                                             /usr/lib/gcc/avr/4.9.3/avr6/libgcc.a(_exit.o)
action_main_init                                  main.o
b7                                                main.o
bit_off                                           ports.o
bit_on                                            ports.o
bit_toggle                                        ports.o
coil_act_calc                                     main.o
coil_act_cut                                      coil_handler.o
coil_act_handler                                  main.o
coil_act_insert_next                              coil_handler.o
coil_act_insert_prev                              coil_handler.o
coil_act_insertion_sort                           coil_handler.o
coil_act_sort_selected                            coil_handler.o
coil_act_sorting_insert                           coil_handler.o
                                                  main.o
coil_buffer                                       main.o
coil_call_event_once                              coil_handler.o
                                                  main.o
coil_event_set                                    coil_handler.o
                                                  main.o
counter                                           main.o
data                                              main.o
done                                              main.o
exit                                              /usr/lib/gcc/avr/4.9.3/avr6/libgcc.a(_exit.o)
                                                  /usr/lib/gcc/avr/4.9.3/../../../../avr/lib/avr6/crtm2560.o
fputc                                             /usr/lib/gcc/avr/4.9.3/../../../../avr/lib/avr6/libc.a(fputc.o)
                                                  /usr/lib/gcc/avr/4.9.3/../../../../avr/lib/avr6/libc.a(vfprintf_std.o)
main                                              main.o
                                                  /usr/lib/gcc/avr/4.9.3/../../../../avr/lib/avr6/crtm2560.o
pin_toggle                                        ports.o
port_main_init                                    main.o
port_mask                                         ports.o
root                                              main.o
sprintf                                           /usr/lib/gcc/avr/4.9.3/../../../../avr/lib/avr6/libc.a(sprintf.o)
                                                  main.o
strcpy                                            /usr/lib/gcc/avr/4.9.3/../../../../avr/lib/avr6/libc.a(strcpy.o)
                                                  main.o
strnlen                                           /usr/lib/gcc/avr/4.9.3/../../../../avr/lib/avr6/libc.a(strnlen.o)
                                                  /usr/lib/gcc/avr/4.9.3/../../../../avr/lib/avr6/libc.a(vfprintf_std.o)
strnlen_P                                         /usr/lib/gcc/avr/4.9.3/../../../../avr/lib/avr6/libc.a(strnlen_P.o)
                                                  /usr/lib/gcc/avr/4.9.3/../../../../avr/lib/avr6/libc.a(vfprintf_std.o)
t4ch1                                             main.o
t4ch2                                             main.o
t4ch3                                             main.o
tcnt4_mask                                        main.o
tcr4                                              main.o
tcs4                                              main.o
test_off                                          main.o
test_on                                           main.o
testoff                                           main.o
teston                                            main.o
timer_main_init                                   main.o
tir4                                              main.o
tmr16_capture_setup                               timers.o
tmr16_counter_set                                 timers.o
                                                  main.o
tmr16_event_call                                  timers.o
                                                  coil_handler.o
tmr16_event_set                                   timers.o
                                                  coil_handler.o
tmr16_int_disable                                 timers.o
                                                  coil_handler.o
tmr16_int_enable                                  timers.o
                                                  coil_handler.o
tmr16_read_cr                                     timers.o
tmr16_reset_cs                                    timers.o
tmr16_set_cs                                      timers.o
                                                  main.o
tmr16_write_cr                                    timers.o
                                                  coil_handler.o
uart0                                             main.o
uart_baud_rate                                    usart.o
                                                  main.o
uart_character_size                               usart.o
                                                  main.o
uart_init                                         usart.o
                                                  main.o
uart_main_init                                    main.o
uart_parity_mode                                  usart.o
                                                  main.o
uart_rx                                           usart.o
uart_rx_count                                     usart.o
uart_rx_done                                      usart.o
uart_rx_handler                                   usart.o
                                                  main.o
uart_stop_bit                                     usart.o
                                                  main.o
uart_tx                                           usart.o
                                                  main.o
uart_tx_done                                      usart.o
                                                  main.o
uart_udre_handler                                 usart.o
                                                  main.o
vfprintf                                          /usr/lib/gcc/avr/4.9.3/../../../../avr/lib/avr6/libc.a(vfprintf_std.o)
                                                  /usr/lib/gcc/avr/4.9.3/../../../../avr/lib/avr6/libc.a(sprintf.o)
